Component: ARM Compiler 5.06 update 6 (build 750) Tool: armlink [4d35ed]

==============================================================================

Section Cross References

    main.o(.text) refers to _printf_percent.o(.ARM.Collect$$_printf_percent$$00000000) for _printf_percent
    main.o(.text) refers to _printf_d.o(.ARM.Collect$$_printf_percent$$00000009) for _printf_d
    main.o(.text) refers to _printf_f.o(.ARM.Collect$$_printf_percent$$00000003) for _printf_f
    main.o(.text) refers to _printf_dec.o(.text) for _printf_int_dec
    main.o(.text) refers to printf1.o(x$fpl$printf1) for _printf_fp_dec
    main.o(.text) refers to delay.o(.text) for delay_init
    main.o(.text) refers to led.o(.text) for LED_Init
    main.o(.text) refers to key.o(.text) for KEY_Init
    main.o(.text) refers to dht11.o(.text) for DHT11_Init
    main.o(.text) refers to bh1750.o(.text) for BH1750_Init
    main.o(.text) refers to oled.o(.text) for OLED_Init
    main.o(.text) refers to timer.o(.text) for TIM2_Int_Init
    main.o(.text) refers to usart.o(.text) for Usart1_Init
    main.o(.text) refers to esp8266.o(.text) for ESP8266_Init
    main.o(.text) refers to onenet.o(.text) for OneNet_DevLink
    main.o(.text) refers to f2d.o(x$fpl$f2d) for __aeabi_f2d
    main.o(.text) refers to fleqf.o(x$fpl$fleqf) for __aeabi_cfcmple
    main.o(.text) refers to stm32f10x_gpio.o(.text) for GPIO_ReadInputDataBit
    main.o(.text) refers to __2sprintf.o(.text) for __2sprintf
    main.o(.text) refers to main.o(.data) for topic_Sub
    main.o(.text) refers to main.o(.bss) for Pub_Buf
    main.o(.text) refers to main.o(.constdata) for topic_Pub
    main.o(.data) refers to main.o(.conststring) for .conststring
    system_stm32f10x.o(.text) refers to system_stm32f10x.o(.data) for SystemCoreClock
    led.o(.text) refers to stm32f10x_rcc.o(.text) for RCC_APB2PeriphClockCmd
    led.o(.text) refers to stm32f10x_gpio.o(.text) for GPIO_Init
    beep.o(.text) refers to stm32f10x_rcc.o(.text) for RCC_APB2PeriphClockCmd
    beep.o(.text) refers to stm32f10x_gpio.o(.text) for GPIO_Init
    bh1750.o(.text) refers to stm32f10x_rcc.o(.text) for RCC_APB2PeriphClockCmd
    bh1750.o(.text) refers to stm32f10x_gpio.o(.text) for GPIO_Init
    bh1750.o(.text) refers to fflt_clz.o(x$fpl$ffltu) for __aeabi_ui2f
    bh1750.o(.text) refers to fdiv.o(x$fpl$fdiv) for __aeabi_fdiv
    bh1750.o(.text) refers to fmul.o(x$fpl$fmul) for __aeabi_fmul
    dht11.o(.text) refers to delay.o(.text) for delay_ms
    dht11.o(.text) refers to stm32f10x_rcc.o(.text) for RCC_APB2PeriphClockCmd
    dht11.o(.text) refers to stm32f10x_gpio.o(.text) for GPIO_Init
    key.o(.text) refers to stm32f10x_rcc.o(.text) for RCC_APB2PeriphClockCmd
    key.o(.text) refers to stm32f10x_gpio.o(.text) for GPIO_Init
    key.o(.text) refers to delay.o(.text) for delay_ms
    key.o(.text) refers to key.o(.data) for key_up
    oled.o(.text) refers to stm32f10x_gpio.o(.text) for GPIO_SetBits
    oled.o(.text) refers to oled.o(.bss) for OLED_GRAM
    oled.o(.text) refers to strcpy.o(.text) for strcpy
    oled.o(.text) refers to rand.o(.emb_text) for rand
    oled.o(.text) refers to delay.o(.text) for delay_ms
    oled.o(.text) refers to stm32f10x_rcc.o(.text) for RCC_APB2PeriphClockCmd
    oled.o(.text) refers to oled.o(.constdata) for asc2_1206
    oled.o(.text) refers to oled.o(.data) for line
    delay.o(.text) refers to misc.o(.text) for SysTick_CLKSourceConfig
    delay.o(.text) refers to system_stm32f10x.o(.data) for SystemCoreClock
    delay.o(.text) refers to delay.o(.data) for fac_us
    usart.o(.text) refers to stm32f10x_rcc.o(.text) for RCC_APB2PeriphClockCmd
    usart.o(.text) refers to stm32f10x_gpio.o(.text) for GPIO_Init
    usart.o(.text) refers to stm32f10x_usart.o(.text) for USART_Init
    usart.o(.text) refers to misc.o(.text) for NVIC_Init
    usart.o(.text) refers to c89vsnprintf.o(.text) for __c89vsnprintf
    timer.o(.text) refers to _printf_percent.o(.ARM.Collect$$_printf_percent$$00000000) for _printf_percent
    timer.o(.text) refers to _printf_d.o(.ARM.Collect$$_printf_percent$$00000009) for _printf_d
    timer.o(.text) refers to _printf_dec.o(.text) for _printf_int_dec
    timer.o(.text) refers to _printf_f.o(.ARM.Collect$$_printf_percent$$00000003) for _printf_f
    timer.o(.text) refers to printf1.o(x$fpl$printf1) for _printf_fp_dec
    timer.o(.text) refers to stm32f10x_rcc.o(.text) for RCC_APB1PeriphClockCmd
    timer.o(.text) refers to stm32f10x_tim.o(.text) for TIM_TimeBaseInit
    timer.o(.text) refers to misc.o(.text) for NVIC_Init
    timer.o(.text) refers to __2sprintf.o(.text) for __2sprintf
    timer.o(.text) refers to oled.o(.text) for OLED_ShowString
    timer.o(.text) refers to f2d.o(x$fpl$f2d) for __aeabi_f2d
    timer.o(.text) refers to main.o(.data) for alarmFlag
    timer.o(.text) refers to timer.o(.bss) for oledBuf
    startup_stm32f10x_hd.o(STACK) refers (Special) to heapauxi.o(.text) for __use_two_region_memory
[...]
    OLED_ShowString                          0x08001185   Thumb Code    66  oled.o(.text)
    OLED_ClearAndShowString                  0x080011c7   Thumb Code    36  oled.o(.text)
    OLED_Pow                                 0x080011eb   Thumb Code    22  oled.o(.text)
    OLED_ShowNum                             0x08001201   Thumb Code   116  oled.o(.text)
    OLED_Refresh_Line                        0x08001275   Thumb Code   352  oled.o(.text)
    OLED_WR_BP                               0x080013d5   Thumb Code    46  oled.o(.text)
    OLED_ShowPicture                         0x08001403   Thumb Code    98  oled.o(.text)
    OLED_Init                                0x08001465   Thumb Code   342  oled.o(.text)
    delay_init                               0x080015bd   Thumb Code    50  delay.o(.text)
    delay_us                                 0x080015ef   Thumb Code    72  delay.o(.text)
    delay_ms                                 0x08001637   Thumb Code    72  delay.o(.text)
    Usart1_Init                              0x08001691   Thumb Code   166  usart.o(.text)
    Usart2_Init                              0x08001737   Thumb Code   162  usart.o(.text)
    Usart_SendString                         0x080017d9   Thumb Code    50  usart.o(.text)
    UsartPrintf                              0x0800180b   Thumb Code    72  usart.o(.text)
    DEBUG_LOG                                0x08001853   Thumb Code    86  usart.o(.text)
    USART1_IRQHandler                        0x080018a9   Thumb Code    24  usart.o(.text)
    TIM3_Int_Init                            0x080018dd   Thumb Code    90  timer.o(.text)
    TIM3_IRQHandler                          0x08001937   Thumb Code    76  timer.o(.text)
    TIM2_Int_Init                            0x08001983   Thumb Code    92  timer.o(.text)
    TIM2_IRQHandler                          0x080019df   Thumb Code   138  timer.o(.text)
    Reset_Handler                            0x08001acd   Thumb Code     8  startup_stm32f10x_hd.o(.text)
    ADC1_2_IRQHandler                        0x08001ae7   Thumb Code     0  startup_stm32f10x_hd.o(.text)
    ADC3_IRQHandler                          0x08001ae7   Thumb Code     0  startup_stm32f10x_hd.o(.text)
    CAN1_RX1_IRQHandler                      0x08001ae7   Thumb Code     0  startup_stm32f10x_hd.o(.text)
    CAN1_SCE_IRQHandler                      0x08001ae7   Thumb Code     0  startup_stm32f10x_hd.o(.text)
    DMA1_Channel1_IRQHandler                 0x08001ae7   Thumb Code     0  startup_stm32f10x_hd.o(.text)
    DMA1_Channel2_IRQHandler                 0x08001ae7   Thumb Code     0  startup_stm32f10x_hd.o(.text)
    DMA1_Channel3_IRQHandler                 0x08001ae7   Thumb Code     0  startup_stm32f10x_hd.o(.text)
    DMA1_Channel4_IRQHandler                 0x08001ae7   Thumb Code     0  startup_stm32f10x_hd.o(.text)
    DMA1_Channel5_IRQHandler                 0x08001ae7   Thumb Code     0  startup_stm32f10x_hd.o(.text)
    DMA1_Channel6_IRQHandler                 0x08001ae7   Thumb Code     0  startup_stm32f10x_hd.o(.text)
    DMA1_Channel7_IRQHandler                 0x08001ae7   Thumb Code     0  startup_stm32f10x_hd.o(.text)
    DMA2_Channel1_IRQHandler                 0x08001ae7   Thumb Code     0  startup_stm32f10x_hd.o(.text)
    DMA2_Channel2_IRQHandler                 0x08001ae7   Thumb Code     0  startup_stm32f10x_hd.o(.text)
    DMA2_Channel3_IRQHandler                 0x08001ae7   Thumb Code     0  startup_stm32f10x_hd.o(.text)
    DMA2_Channel4_5_IRQHandler               0x08001ae7   Thumb Code     0  startup_stm32f10x_hd.o(.text)
    EXTI0_IRQHandler                         0x08001ae7   Thumb Code     0  startup_stm32f10x_hd.o(.text)
    EXTI15_10_IRQHandler                     0x08001ae7   Thumb Code     0  startup_stm32f10x_hd.o(.text)
    EXTI1_IRQHandler                         0x08001ae7   Thumb Code     0  startup_stm32f10x_hd.o(.text)
    EXTI2_IRQHandler                         0x08001ae7   Thumb Code     0  startup_stm32f10x_hd.o(.text)
    EXTI3_IRQHandler                         0x08001ae7   Thumb Code     0  startup_stm32f10x_hd.o(.text)
    EXTI4_IRQHandler                         0x08001ae7   Thumb Code     0  startup_stm32f10x_hd.o(.text)
    EXTI9_5_IRQHandler                       0x08001ae7   Thumb Code     0  startup_stm32f10x_hd.o(.text)
    FLASH_IRQHandler                         0x08001ae7   Thumb Code     0  startup_stm32f10x_hd.o(.text)
    FSMC_IRQHandler                          0x08001ae7   Thumb Code     0  startup_stm32f10x_hd.o(.text)
    I2C1_ER_IRQHandler                       0x08001ae7   Thumb Code     0  startup_stm32f10x_hd.o(.text)
    I2C1_EV_IRQHandler                       0x08001ae7   Thumb Code     0  startup_stm32f10x_hd.o(.text)
    I2C2_ER_IRQHandler                       0x08001ae7   Thumb Code     0  startup_stm32f10x_hd.o(.text)
    I2C2_EV_IRQHandler                       0x08001ae7   Thumb Code     0  startup_stm32f10x_hd.o(.text)
    PVD_IRQHandler                           0x08001ae7   Thumb Code     0  startup_stm32f10x_hd.o(.text)
    RCC_IRQHandler                           0x08001ae7   Thumb Code     0  startup_stm32f10x_hd.o(.text)
    RTCAlarm_IRQHandler                      0x08001ae7   Thumb Code     0  startup_stm32f10x_hd.o(.text)
    RTC_IRQHandler                           0x08001ae7   Thumb Code     0  startup_stm32f10x_hd.o(.text)
    SDIO_IRQHandler                          0x08001ae7   Thumb Code     0  startup_stm32f10x_hd.o(.text)
    SPI1_IRQHandler                          0x08001ae7   Thumb Code     0  startup_stm32f10x_hd.o(.text)
    SPI2_IRQHandler                          0x08001ae7   Thumb Code     0  startup_stm32f10x_hd.o(.text)
    SPI3_IRQHandler                          0x08001ae7   Thumb Code     0  startup_stm32f10x_hd.o(.text)
    TAMPER_IRQHandler                        0x08001ae7   Thumb Code     0  startup_stm32f10x_hd.o(.text)
    TIM1_BRK_IRQHandler                      0x08001ae7   Thumb Code     0  startup_stm32f10x_hd.o(.text)
    TIM1_CC_IRQHandler                       0x08001ae7   Thumb Code     0  startup_stm32f10x_hd.o(.text)
    TIM1_TRG_COM_IRQHandler                  0x08001ae7   Thumb Code     0  startup_stm32f10x_hd.o(.text)
    TIM1_UP_IRQHandler                       0x08001ae7   Thumb Code     0  startup_stm32f10x_hd.o(.text)
    TIM4_IRQHandler                          0x08001ae7   Thumb Code     0  startup_stm32f10x_hd.o(.text)
    TIM5_IRQHandler                          0x08001ae7   Thumb Code     0  startup_stm32f10x_hd.o(.text)
    TIM6_IRQHandler                          0x08001ae7   Thumb Code     0  startup_stm32f10x_hd.o(.text)
    TIM7_IRQHandler                          0x08001ae7   Thumb Code     0  startup_stm32f10x_hd.o(.text)
    TIM8_BRK_IRQHandler                      0x08001ae7   Thumb Code     0  startup_stm32f10x_hd.o(.text)
    TIM8_CC_IRQHandler                       0x08001ae7   Thumb Code     0  startup_stm32f10x_hd.o(.text)
    TIM8_TRG_COM_IRQHandler                  0x08001ae7   Thumb Code     0  startup_stm32f10x_hd.o(.text)
    TIM8_UP_IRQHandler                       0x08001ae7   Thumb Code     0  startup_stm32f10x_hd.o(.text)
    UART4_IRQHandler                         0x08001ae7   Thumb Code     0  startup_stm32f10x_hd.o(.text)
    UART5_IRQHandler                         0x08001ae7   Thumb Code     0  startup_stm32f10x_hd.o(.text)
    USART3_IRQHandler                        0x08001ae7   Thumb Code     0  startup_stm32f10x_hd.o(.text)
    USBWakeUp_IRQHandler                     0x08001ae7   Thumb Code     0  startup_stm32f10x_hd.o(.text)
    USB_HP_CAN1_TX_IRQHandler                0x08001ae7   Thumb Code     0  startup_stm32f10x_hd.o(.text)
    USB_LP_CAN1_RX0_IRQHandler               0x08001ae7   Thumb Code     0  startup_stm32f10x_hd.o(.text)
    WWDG_IRQHandler                          0x08001ae7   Thumb Code     0  startup_stm32f10x_hd.o(.text)
    __user_initial_stackheap                 0x08001ae9   Thumb Code     0  startup_stm32f10x_hd.o(.text)
    GPIO_DeInit                              0x08001b0d   Thumb Code   172  stm32f10x_gpio.o(.text)
    GPIO_AFIODeInit                          0x08001bb9   Thumb Code    20  stm32f10x_gpio.o(.text)
    GPIO_Init                                0x08001bcd   Thumb Code   278  stm32f10x_gpio.o(.text)
    GPIO_StructInit                          0x08001ce3   Thumb Code    16  stm32f10x_gpio.o(.text)
    GPIO_ReadInputDataBit                    0x08001cf3   Thumb Code    18  stm32f10x_gpio.o(.text)
    GPIO_ReadInputData                       0x08001d05   Thumb Code     8  stm32f10x_gpio.o(.text)
    GPIO_ReadOutputDataBit                   0x08001d0d   Thumb Code    18  stm32f10x_gpio.o(.text)
    GPIO_ReadOutputData                      0x08001d1f   Thumb Code     8  stm32f10x_gpio.o(.text)
    GPIO_SetBits                             0x08001d27   Thumb Code     4  stm32f10x_gpio.o(.text)
    GPIO_ResetBits                           0x08001d2b   Thumb Code     4  stm32f10x_gpio.o(.text)
    GPIO_WriteBit                            0x08001d2f   Thumb Code    10  stm32f10x_gpio.o(.text)
    GPIO_Write                               0x08001d39   Thumb Code     4  stm32f10x_gpio.o(.text)
    GPIO_PinLockConfig                       0x08001d3d   Thumb Code    18  stm32f10x_gpio.o(.text)
    GPIO_EventOutputConfig                   0x08001d4f   Thumb Code    26  stm32f10x_gpio.o(.text)
    GPIO_EventOutputCmd                      0x08001d69   Thumb Code     6  stm32f10x_gpio.o(.text)
    GPIO_PinRemapConfig                      0x08001d6f   Thumb Code   138  stm32f10x_gpio.o(.text)
    GPIO_EXTILineConfig                      0x08001df9   Thumb Code    66  stm32f10x_gpio.o(.text)
    GPIO_ETH_MediaInterfaceConfig            0x08001e3b   Thumb Code     8  stm32f10x_gpio.o(.text)
    RCC_DeInit                               0x08001e69   Thumb Code    64  stm32f10x_rcc.o(.text)
    RCC_HSEConfig                            0x08001ea9   Thumb Code    70  stm32f10x_rcc.o(.text)
    RCC_GetFlagStatus                        0x08001eef   Thumb Code    56  stm32f10x_rcc.o(.text)
    RCC_WaitForHSEStartUp                    0x08001f27   Thumb Code    56  stm32f10x_rcc.o(.text)
    RCC_AdjustHSICalibrationValue            0x08001f5f   Thumb Code    20  stm32f10x_rcc.o(.text)
    RCC_HSICmd                               0x08001f73   Thumb Code     6  stm32f10x_rcc.o(.text)
    RCC_PLLConfig                            0x08001f79   Thumb Code    24  stm32f10x_rcc.o(.text)
    RCC_PLLCmd                               0x08001f91   Thumb Code     6  stm32f10x_rcc.o(.text)
    RCC_SYSCLKConfig                         0x08001f97   Thumb Code    18  stm32f10x_rcc.o(.text)
    RCC_GetSYSCLKSource                      0x08001fa9   Thumb Code    10  stm32f10x_rcc.o(.text)
    RCC_HCLKConfig                           0x08001fb3   Thumb Code    18  stm32f10x_rcc.o(.text)
    RCC_PCLK1Config                          0x08001fc5   Thumb Code    18  stm32f10x_rcc.o(.text)
    RCC_PCLK2Config                          0x08001fd7   Thumb Code    20  stm32f10x_rcc.o(.text)
    RCC_ITConfig                             0x08001feb   Thumb Code    26  stm32f10x_rcc.o(.text)
    RCC_USBCLKConfig                         0x08002005   Thumb Code     8  stm32f10x_rcc.o(.text)
    RCC_ADCCLKConfig                         0x0800200d   Thumb Code    18  stm32f10x_rcc.o(.text)
    RCC_LSEConfig                            0x0800201f   Thumb Code    50  stm32f10x_rcc.o(.text)
    RCC_LSICmd                               0x08002051   Thumb Code     6  stm32f10x_rcc.o(.text)
    RCC_RTCCLKConfig                         0x08002057   Thumb Code    12  stm32f10x_rcc.o(.text)
    RCC_RTCCLKCmd                            0x08002063   Thumb Code     8  stm32f10x_rcc.o(.text)
    RCC_GetClocksFreq                        0x0800206b   Thumb Code   192  stm32f10x_rcc.o(.text)
    RCC_AHBPeriphClockCmd                    0x0800212b   Thumb Code    26  stm32f10x_rcc.o(.text)
    RCC_APB2PeriphClockCmd                   0x08002145   Thumb Code    26  stm32f10x_rcc.o(.text)
    RCC_APB1PeriphClockCmd                   0x0800215f   Thumb Code    26  stm32f10x_rcc.o(.text)
    RCC_APB2PeriphResetCmd                   0x08002179   Thumb Code    26  stm32f10x_rcc.o(.text)
    RCC_APB1PeriphResetCmd                   0x08002193   Thumb Code    26  stm32f10x_rcc.o(.text)
    RCC_BackupResetCmd                       0x080021ad   Thumb Code     8  stm32f10x_rcc.o(.text)
    RCC_ClockSecuritySystemCmd               0x080021b5   Thumb Code     6  stm32f10x_rcc.o(.text)
    RCC_MCOConfig                            0x080021bb   Thumb Code     6  stm32f10x_rcc.o(.text)
    RCC_ClearFlag                            0x080021c1   Thumb Code    14  stm32f10x_rcc.o(.text)
    RCC_GetITStatus                          0x080021cf   Thumb Code    20  stm32f10x_rcc.o(.text)
    RCC_ClearITPendingBit                    0x080021e3   Thumb Code     6  stm32f10x_rcc.o(.text)
    USART_DeInit                             0x0800220d   Thumb Code   134  stm32f10x_usart.o(.text)
    USART_Init                               0x08002293   Thumb Code   210  stm32f10x_usart.o(.text)
    USART_StructInit                         0x08002365   Thumb Code    24  stm32f10x_usart.o(.text)
    USART_ClockInit                          0x0800237d   Thumb Code    34  stm32f10x_usart.o(.text)
    USART_ClockStructInit                    0x0800239f   Thumb Code    12  stm32f10x_usart.o(.text)
    USART_Cmd                                0x080023ab   Thumb Code    24  stm32f10x_usart.o(.text)
    USART_ITConfig                           0x080023c3   Thumb Code    74  stm32f10x_usart.o(.text)
    USART_DMACmd                             0x0800240d   Thumb Code    18  stm32f10x_usart.o(.text)
    USART_SetAddress                         0x0800241f   Thumb Code    18  stm32f10x_usart.o(.text)
    USART_WakeUpConfig                       0x08002431   Thumb Code    18  stm32f10x_usart.o(.text)
    USART_ReceiverWakeUpCmd                  0x08002443   Thumb Code    24  stm32f10x_usart.o(.text)
    USART_LINBreakDetectLengthConfig         0x0800245b   Thumb Code    18  stm32f10x_usart.o(.text)
    USART_LINCmd                             0x0800246d   Thumb Code    24  stm32f10x_usart.o(.text)
    USART_SendData                           0x08002485   Thumb Code     8  stm32f10x_usart.o(.text)
    USART_ReceiveData                        0x0800248d   Thumb Code    10  stm32f10x_usart.o(.text)
    USART_SendBreak                          0x08002497   Thumb Code    10  stm32f10x_usart.o(.text)
    USART_SetGuardTime                       0x080024a1   Thumb Code    16  stm32f10x_usart.o(.text)
    USART_SetPrescaler                       0x080024b1   Thumb Code    16  stm32f10x_usart.o(.text)
    USART_SmartCardCmd                       0x080024c1   Thumb Code    24  stm32f10x_usart.o(.text)
    USART_SmartCardNACKCmd                   0x080024d9   Thumb Code    24  stm32f10x_usart.o(.text)
    USART_HalfDuplexCmd                      0x080024f1   Thumb Code    24  stm32f10x_usart.o(.text)
    USART_OverSampling8Cmd                   0x08002509   Thumb Code    22  stm32f10x_usart.o(.text)
    USART_OneBitMethodCmd                    0x0800251f   Thumb Code    24  stm32f10x_usart.o(.text)
    USART_IrDAConfig                         0x08002537   Thumb Code    18  stm32f10x_usart.o(.text)
    USART_IrDACmd                            0x08002549   Thumb Code    24  stm32f10x_usart.o(.text)
    USART_GetFlagStatus                      0x08002561   Thumb Code    26  stm32f10x_usart.o(.text)
    USART_ClearFlag                          0x0800257b   Thumb Code    18  stm32f10x_usart.o(.text)
    USART_GetITStatus                        0x0800258d   Thumb Code    84  stm32f10x_usart.o(.text)
    USART_ClearITPendingBit                  0x080025e1   Thumb Code    52  stm32f10x_usart.o(.text)
    NVIC_PriorityGroupConfig                 0x08002615   Thumb Code    10  misc.o(.text)
    NVIC_Init                                0x0800261f   Thumb Code   100  misc.o(.text)
    NVIC_SetVectorTable                      0x08002683   Thumb Code    14  misc.o(.text)
    NVIC_SystemLPConfig                      0x08002691   Thumb Code    34  misc.o(.text)
    SysTick_CLKSourceConfig                  0x080026b3   Thumb Code    40  misc.o(.text)
    TIM_DeInit                               0x080026f1   Thumb Code   424  stm32f10x_tim.o(.text)
    TIM_TimeBaseInit                         0x08002899   Thumb Code   122  stm32f10x_tim.o(.text)
    TIM_OC1Init                              0x08002913   Thumb Code   132  stm32f10x_tim.o(.text)
    TIM_OC2Init                              0x08002997   Thumb Code   154  stm32f10x_tim.o(.text)
    TIM_OC3Init                              0x08002a31   Thumb Code   150  stm32f10x_tim.o(.text)
    TIM_OC4Init                              0x08002ac7   Thumb Code   182  stm32f10x_tim.o(.text)
    TIM_SetIC4Prescaler                      0x08002b7d   Thumb Code    26  stm32f10x_tim.o(.text)
    TIM_SetIC3Prescaler                      0x08002c19   Thumb Code    18  stm32f10x_tim.o(.text)
    TIM_SetIC2Prescaler                      0x08002ca5   Thumb Code    26  stm32f10x_tim.o(.text)
    TIM_SetIC1Prescaler                      0x08002d41   Thumb Code    18  stm32f10x_tim.o(.text)
    TIM_ICInit                               0x08002dbf   Thumb Code   150  stm32f10x_tim.o(.text)
    TIM_PWMIConfig                           0x08002e55   Thumb Code   124  stm32f10x_tim.o(.text)
    TIM_BDTRConfig                           0x08002ed1   Thumb Code    32  stm32f10x_tim.o(.text)
    TIM_TimeBaseStructInit                   0x08002ef1   Thumb Code    18  stm32f10x_tim.o(.text)
    TIM_OCStructInit                         0x08002f03   Thumb Code    20  stm32f10x_tim.o(.text)
    TIM_ICStructInit                         0x08002f17   Thumb Code    18  stm32f10x_tim.o(.text)
    TIM_BDTRStructInit                       0x08002f29   Thumb Code    40  stm32f10x_tim.o(.text)
    TIM_Cmd                                  0x08002f51   Thumb Code    24  stm32f10x_tim.o(.text)
    TIM_CtrlPWMOutputs                       0x08002f69   Thumb Code    30  stm32f10x_tim.o(.text)
    TIM_ITConfig                             0x08002f87   Thumb Code    18  stm32f10x_tim.o(.text)
    TIM_GenerateEvent                        0x08002f99   Thumb Code     4  stm32f10x_tim.o(.text)
    TIM_DMAConfig                            0x08002f9d   Thumb Code    10  stm32f10x_tim.o(.text)
    TIM_DMACmd                               0x08002fa7   Thumb Code    18  stm32f10x_tim.o(.text)
    TIM_InternalClockConfig                  0x08002fb9   Thumb Code    12  stm32f10x_tim.o(.text)
    TIM_SelectInputTrigger                   0x08002fc5   Thumb Code    18  stm32f10x_tim.o(.text)
    TIM_ITRxExternalClockConfig              0x08002fd7   Thumb Code    24  stm32f10x_tim.o(.text)
    TIM_TIxExternalClockConfig               0x08002fef   Thumb Code    62  stm32f10x_tim.o(.text)
    TIM_ETRConfig                            0x0800302d   Thumb Code    28  stm32f10x_tim.o(.text)
    TIM_ETRClockMode1Config                  0x08003049   Thumb Code    54  stm32f10x_tim.o(.text)
    TIM_ETRClockMode2Config                  0x0800307f   Thumb Code    32  stm32f10x_tim.o(.text)
    TIM_PrescalerConfig                      0x0800309f   Thumb Code     6  stm32f10x_tim.o(.text)
    TIM_CounterModeConfig                    0x080030a5   Thumb Code    18  stm32f10x_tim.o(.text)
    TIM_EncoderInterfaceConfig               0x080030b7   Thumb Code    66  stm32f10x_tim.o(.text)
    TIM_ForcedOC1Config                      0x080030f9   Thumb Code    18  stm32f10x_tim.o(.text)
    TIM_ForcedOC2Config                      0x0800310b   Thumb Code    26  stm32f10x_tim.o(.text)
    TIM_ForcedOC3Config                      0x08003125   Thumb Code    18  stm32f10x_tim.o(.text)
    TIM_ForcedOC4Config                      0x08003137   Thumb Code    26  stm32f10x_tim.o(.text)
    TIM_ARRPreloadConfig                     0x08003151   Thumb Code    24  stm32f10x_tim.o(.text)
    TIM_SelectCOM                            0x08003169   Thumb Code    24  stm32f10x_tim.o(.text)
    TIM_SelectCCDMA                          0x08003181   Thumb Code    24  stm32f10x_tim.o(.text)
    TIM_CCPreloadControl                     0x08003199   Thumb Code    24  stm32f10x_tim.o(.text)
    TIM_OC1PreloadConfig                     0x080031b1   Thumb Code    18  stm32f10x_tim.o(.text)
    TIM_OC2PreloadConfig                     0x080031c3   Thumb Code    26  stm32f10x_tim.o(.text)
    TIM_OC3PreloadConfig                     0x080031dd   Thumb Code    18  stm32f10x_tim.o(.text)
    TIM_OC4PreloadConfig                     0x080031ef   Thumb Code    26  stm32f10x_tim.o(.text)
    TIM_OC1FastConfig                        0x08003209   Thumb Code    18  stm32f10x_tim.o(.text)
    TIM_OC2FastConfig                        0x0800321b   Thumb Code    26  stm32f10x_tim.o(.text)
    TIM_OC3FastConfig                        0x08003235   Thumb Code    18  stm32f10x_tim.o(.text)
    TIM_OC4FastConfig                        0x08003247   Thumb Code    26  stm32f10x_tim.o(.text)
    TIM_ClearOC1Ref                          0x08003261   Thumb Code    18  stm32f10x_tim.o(.text)
    TIM_ClearOC2Ref                          0x08003273   Thumb Code    24  stm32f10x_tim.o(.text)
    TIM_ClearOC3Ref                          0x0800328b   Thumb Code    18  stm32f10x_tim.o(.text)
    TIM_ClearOC4Ref                          0x0800329d   Thumb Code    24  stm32f10x_tim.o(.text)
    TIM_OC1PolarityConfig                    0x080032b5   Thumb Code    18  stm32f10x_tim.o(.text)
    TIM_OC1NPolarityConfig                   0x080032c7   Thumb Code    18  stm32f10x_tim.o(.text)
    TIM_OC2PolarityConfig                    0x080032d9   Thumb Code    26  stm32f10x_tim.o(.text)
    TIM_OC2NPolarityConfig                   0x080032f3   Thumb Code    26  stm32f10x_tim.o(.text)
    TIM_OC3PolarityConfig                    0x0800330d   Thumb Code    26  stm32f10x_tim.o(.text)
    TIM_OC3NPolarityConfig                   0x08003327   Thumb Code    26  stm32f10x_tim.o(.text)
    TIM_OC4PolarityConfig                    0x08003341   Thumb Code    26  stm32f10x_tim.o(.text)
    TIM_CCxCmd                               0x0800335b   Thumb Code    30  stm32f10x_tim.o(.text)
    TIM_CCxNCmd                              0x08003379   Thumb Code    30  stm32f10x_tim.o(.text)
    TIM_SelectOCxM                           0x08003397   Thumb Code    82  stm32f10x_tim.o(.text)
    TIM_UpdateDisableConfig                  0x080033e9   Thumb Code    24  stm32f10x_tim.o(.text)
    TIM_UpdateRequestConfig                  0x08003401   Thumb Code    24  stm32f10x_tim.o(.text)
    TIM_SelectHallSensor                     0x08003419   Thumb Code    24  stm32f10x_tim.o(.text)
    TIM_SelectOnePulseMode                   0x08003431   Thumb Code    18  stm32f10x_tim.o(.text)
    TIM_SelectOutputTrigger                  0x08003443   Thumb Code    18  stm32f10x_tim.o(.text)
    TIM_SelectSlaveMode                      0x08003455   Thumb Code    18  stm32f10x_tim.o(.text)
    TIM_SelectMasterSlaveMode                0x08003467   Thumb Code    18  stm32f10x_tim.o(.text)
    TIM_SetCounter                           0x08003479   Thumb Code     4  stm32f10x_tim.o(.text)
    TIM_SetAutoreload                        0x0800347d   Thumb Code     4  stm32f10x_tim.o(.text)
    TIM_SetCompare1                          0x08003481   Thumb Code     4  stm32f10x_tim.o(.text)
    TIM_SetCompare2                          0x08003485   Thumb Code     4  stm32f10x_tim.o(.text)
    TIM_SetCompare3                          0x08003489   Thumb Code     4  stm32f10x_tim.o(.text)
    TIM_SetCompare4                          0x0800348d   Thumb Code     6  stm32f10x_tim.o(.text)
    TIM_SetClockDivision                     0x08003493   Thumb Code    18  stm32f10x_tim.o(.text)
    TIM_GetCapture1                          0x080034a5   Thumb Code     6  stm32f10x_tim.o(.text)
    TIM_GetCapture2                          0x080034ab   Thumb Code     6  stm32f10x_tim.o(.text)
    TIM_GetCapture3                          0x080034b1   Thumb Code     6  stm32f10x_tim.o(.text)
    TIM_GetCapture4                          0x080034b7   Thumb Code     8  stm32f10x_tim.o(.text)
    TIM_GetCounter                           0x080034bf   Thumb Code     6  stm32f10x_tim.o(.text)
    TIM_GetPrescaler                         0x080034c5   Thumb Code     6  stm32f10x_tim.o(.text)
    TIM_GetFlagStatus                        0x080034cb   Thumb Code    18  stm32f10x_tim.o(.text)
    TIM_ClearFlag                            0x080034dd   Thumb Code     6  stm32f10x_tim.o(.text)
    TIM_GetITStatus                          0x080034e3   Thumb Code    34  stm32f10x_tim.o(.text)
    TIM_ClearITPendingBit                    0x08003505   Thumb Code     6  stm32f10x_tim.o(.text)
    ESP8266_Clear                            0x0800350d   Thumb Code    18  esp8266.o(.text)
    ESP8266_WaitRecive                       0x0800351f   Thumb Code    42  esp8266.o(.text)
    ESP8266_SendCmd                          0x08003549   Thumb Code    76  esp8266.o(.text)
    ESP8266_SendData                         0x08003595   Thumb Code    46  esp8266.o(.text)
    ESP8266_GetIPD                           0x080035c3   Thumb Code    66  esp8266.o(.text)
    ESP8266_Init                             0x08003605   Thumb Code   276  esp8266.o(.text)
    USART2_IRQHandler                        0x08003719   Thumb Code    62  esp8266.o(.text)
    MQTT_NewBuffer                           0x08003891   Thumb Code    88  mqttkit.o(.text)
    MQTT_DeleteBuffer                        0x080038e9   Thumb Code    28  mqttkit.o(.text)
    MQTT_DumpLength                          0x08003905   Thumb Code    46  mqttkit.o(.text)
    MQTT_ReadLength                          0x08003933   Thumb Code    70  mqttkit.o(.text)
    MQTT_UnPacketRecv                        0x08003979   Thumb Code   106  mqttkit.o(.text)
    MQTT_PacketConnect                       0x080039e3   Thumb Code   666  mqttkit.o(.text)
    MQTT_PacketDisConnect                    0x08003c7d   Thumb Code    48  mqttkit.o(.text)
    MQTT_UnPacketConnectAck                  0x08003cad   Thumb Code    30  mqttkit.o(.text)
    MQTT_PacketPublish                       0x08003ccb   Thumb Code   452  mqttkit.o(.text)
    MQTT_PacketSaveData                      0x08003e8f   Thumb Code    88  mqttkit.o(.text)
    MQTT_PacketSaveBinData                   0x08003ee7   Thumb Code   192  mqttkit.o(.text)
    MQTT_UnPacketCmd                         0x08003fa7   Thumb Code   140  mqttkit.o(.text)
    MQTT_PacketCmdResp                       0x08004033   Thumb Code   132  mqttkit.o(.text)
    MQTT_PacketSubscribe                     0x080040b7   Thumb Code   254  mqttkit.o(.text)
    MQTT_UnPacketSubscribe                   0x080041b5   Thumb Code    52  mqttkit.o(.text)
    MQTT_PacketUnSubscribe                   0x080041e9   Thumb Code   268  mqttkit.o(.text)
    MQTT_UnPacketUnSubscribe                 0x080042f5   Thumb Code    18  mqttkit.o(.text)
    MQTT_UnPacketPublish                     0x08004307   Thumb Code   440  mqttkit.o(.text)
    MQTT_PacketPublishAck                    0x080044bf   Thumb Code    72  mqttkit.o(.text)
    MQTT_UnPacketPublishAck                  0x08004507   Thumb Code    30  mqttkit.o(.text)
    MQTT_PacketPublishRec                    0x08004525   Thumb Code    72  mqttkit.o(.text)
    MQTT_UnPacketPublishRec                  0x0800456d   Thumb Code    30  mqttkit.o(.text)
    MQTT_PacketPublishRel                    0x0800458b   Thumb Code    72  mqttkit.o(.text)
    MQTT_UnPacketPublishRel                  0x080045d3   Thumb Code    36  mqttkit.o(.text)
    MQTT_PacketPublishComp                   0x080045f7   Thumb Code    72  mqttkit.o(.text)
    MQTT_UnPacketPublishComp                 0x0800463f   Thumb Code    30  mqttkit.o(.text)
    MQTT_PacketPing                          0x0800465d   Thumb Code    48  mqttkit.o(.text)
    OneNet_DevLink                           0x0800468d   Thumb Code   212  onenet.o(.text)
    OneNet_Subscribe                         0x08004761   Thumb Code    80  onenet.o(.text)
    OneNet_Publish                           0x080047b1   Thumb Code    88  onenet.o(.text)
    OneNet_RevPro                            0x08004809   Thumb Code  1422  onenet.o(.text)
    cJSON_GetErrorPtr                        0x08004d99   Thumb Code     6  cjson.o(.text)
    cJSON_InitHooks                          0x08004e13   Thumb Code    48  cjson.o(.text)
    cJSON_Delete                             0x08004e5d   Thumb Code    82  cjson.o(.text)
    cJSON_ParseWithOpts                      0x08005a01   Thumb Code    96  cjson.o(.text)
    cJSON_Parse                              0x08005a61   Thumb Code    16  cjson.o(.text)
    cJSON_Print                              0x080061f1   Thumb Code    18  cjson.o(.text)
    cJSON_PrintUnformatted                   0x08006203   Thumb Code    18  cjson.o(.text)
    cJSON_PrintBuffered                      0x08006215   Thumb Code    54  cjson.o(.text)
    cJSON_GetArraySize                       0x0800624b   Thumb Code    18  cjson.o(.text)
    cJSON_GetArrayItem                       0x0800625d   Thumb Code    18  cjson.o(.text)
    cJSON_GetObjectItem                      0x0800626f   Thumb Code    30  cjson.o(.text)
    cJSON_AddItemToArray                     0x080062c3   Thumb Code    42  cjson.o(.text)
    cJSON_AddItemToObject                    0x080062ed   Thumb Code    44  cjson.o(.text)
    cJSON_AddItemToObjectCS                  0x08006319   Thumb Code    54  cjson.o(.text)
    cJSON_AddItemReferenceToArray            0x0800634f   Thumb Code    24  cjson.o(.text)
    cJSON_AddItemReferenceToObject           0x08006367   Thumb Code    32  cjson.o(.text)
    cJSON_DetachItemFromArray                0x08006387   Thumb Code    66  cjson.o(.text)
    cJSON_DeleteItemFromArray                0x080063c9   Thumb Code    22  cjson.o(.text)
    cJSON_DetachItemFromObject               0x080063df   Thumb Code    50  cjson.o(.text)
    cJSON_DeleteItemFromObject               0x08006411   Thumb Code    22  cjson.o(.text)
    cJSON_InsertItemInArray                  0x08006427   Thumb Code    64  cjson.o(.text)
    cJSON_ReplaceItemInArray                 0x08006467   Thumb Code    76  cjson.o(.text)
    cJSON_ReplaceItemInObject                0x080064b3   Thumb Code    62  cjson.o(.text)
    cJSON_CreateNull                         0x080064f1   Thumb Code    18  cjson.o(.text)
    cJSON_CreateTrue                         0x08006503   Thumb Code    18  cjson.o(.text)
    cJSON_CreateFalse                        0x08006515   Thumb Code    18  cjson.o(.text)
    cJSON_CreateBool                         0x08006527   Thumb Code    26  cjson.o(.text)
    cJSON_CreateNumber                       0x08006541   Thumb Code    36  cjson.o(.text)
    cJSON_CreateString                       0x08006565   Thumb Code    28  cjson.o(.text)
    cJSON_CreateArray                        0x08006581   Thumb Code    18  cjson.o(.text)
    cJSON_CreateObject                       0x08006593   Thumb Code    18  cjson.o(.text)
    cJSON_CreateIntArray                     0x080065a5   Thumb Code    68  cjson.o(.text)
    cJSON_CreateFloatArray                   0x080065e9   Thumb Code    68  cjson.o(.text)
    cJSON_CreateDoubleArray                  0x0800662d   Thumb Code    68  cjson.o(.text)
    cJSON_CreateStringArray                  0x08006671   Thumb Code    62  cjson.o(.text)
    cJSON_Duplicate                          0x080066af   Thumb Code   180  cjson.o(.text)
    cJSON_Minify                             0x08006763   Thumb Code   186  cjson.o(.text)
    malloc                                   0x0800681d   Thumb Code    94  h1_alloc.o(.text)
    free                                     0x0800687b   Thumb Code    78  h1_free.o(.text)
    tolower                                  0x080068c9   Thumb Code    26  tolower.o(.text)
    __c89vsnprintf                           0x080068e5   Thumb Code    48  c89vsnprintf.o(.text)
    __2sprintf                               0x08006919   Thumb Code    38  __2sprintf.o(.text)
    _printf_pre_padding                      0x08006945   Thumb Code    44  _printf_pad.o(.text)
    _printf_post_padding                     0x08006971   Thumb Code    34  _printf_pad.o(.text)
    _printf_str                              0x08006993   Thumb Code    82  _printf_str.o(.text)
    _printf_int_dec                          0x080069e5   Thumb Code   104  _printf_dec.o(.text)
    _printf_longlong_hex                     0x08006a5d   Thumb Code    86  _printf_hex_int_ll_ptr.o(.text)
    _printf_int_hex                          0x08006ab3   Thumb Code    28  _printf_hex_int_ll_ptr.o(.text)
    _printf_ll_hex                           0x08006acf   Thumb Code    12  _printf_hex_int_ll_ptr.o(.text)
    _printf_hex_ptr                          0x08006adb   Thumb Code    18  _printf_hex_int_ll_ptr.o(.text)
    __printf                                 0x08006af1   Thumb Code   388  __printf_flags_ss_wp.o(.text)
    atoi                                     0x08006c79   Thumb Code    26  atoi.o(.text)
    srand                                    0x08006c95   Thumb Code    42  rand.o(.text)
    _rand_init                               0x08006cbf   Thumb Code     4  rand.o(.text)
    strchr                                   0x08006cd1   Thumb Code    20  strchr.o(.text)
    strncat                                  0x08006ce5   Thumb Code    36  strncat.o(.text)
    strstr                                   0x08006d09   Thumb Code    36  strstr.o(.text)
    strcpy                                   0x08006d2d   Thumb Code    72  strcpy.o(.text)
    strlen                                   0x08006d75   Thumb Code    62  strlen.o(.text)
    strncmp                                  0x08006db3   Thumb Code   150  strncmp.o(.text)
    __aeabi_memcpy                           0x08006e49   Thumb Code     0  rt_memcpy_v6.o(.text)
    __rt_memcpy                              0x08006e49   Thumb Code   138  rt_memcpy_v6.o(.text)
    _memcpy_lastbytes                        0x08006eaf   Thumb Code     0  rt_memcpy_v6.o(.text)
    __aeabi_memcpy4                          0x08006ed3   Thumb Code     0  rt_memcpy_w.o(.text)
    __aeabi_memcpy8                          0x08006ed3   Thumb Code     0  rt_memcpy_w.o(.text)
    __rt_memcpy_w                            0x08006ed3   Thumb Code   100  rt_memcpy_w.o(.text)
    _memcpy_lastbytes_aligned                0x08006f1b   Thumb Code     0  rt_memcpy_w.o(.text)
    __aeabi_memclr                           0x08006f37   Thumb Code     0  rt_memclr.o(.text)
    __rt_memclr                              0x08006f37   Thumb Code    68  rt_memclr.o(.text)
    _memset                                  0x08006f3b   Thumb Code     0  rt_memclr.o(.text)
    __aeabi_memclr4                          0x08006f7b   Thumb Code     0  rt_memclr_w.o(.text)
    __aeabi_memclr8                          0x08006f7b   Thumb Code     0  rt_memclr_w.o(.text)
    __rt_memclr_w                            0x08006f7b   Thumb Code    78  rt_memclr_w.o(.text)
    _memset_w                                0x08006f7f   Thumb Code     0  rt_memclr_w.o(.text)
    __use_two_region_memory                  0x08006fc9   Thumb Code     2  heapauxi.o(.text)
    __rt_heap_escrow                         0x08006fcb   Thumb Code     2  heapauxi.o(.text)
    __rt_heap_expand                         0x08006fcd   Thumb Code     2  heapauxi.o(.text)
    __rt_ctype_table                         0x08006fd1   Thumb Code    16  rt_ctype_table.o(.text)
    __rt_heap_descriptor                     0x08006fe1   Thumb Code     8  rt_heap_descriptor_intlibspace.o(.text)
    __aeabi_errno_addr                       0x08006fe9   Thumb Code     8  rt_errno_addr_intlibspace.o(.text)
    __errno$intlibspace                      0x08006fe9   Thumb Code     0  rt_errno_addr_intlibspace.o(.text)
    __rt_errno_addr$intlibspace              0x08006fe9   Thumb Code     0  rt_errno_addr_intlibspace.o(.text)
    __use_no_heap                            0x08006ff1   Thumb Code     2  hguard.o(.text)
    __heap$guard                             0x08006ff3   Thumb Code     2  hguard.o(.text)
    _terminate_user_alloc                    0x08006ff5   Thumb Code     2  init_alloc.o(.text)
    _init_user_alloc                         0x08006ff7   Thumb Code     2  init_alloc.o(.text)
    __Heap_Full                              0x08006ff9   Thumb Code    34  init_alloc.o(.text)
    __Heap_Broken                            0x0800701b   Thumb Code     6  init_alloc.o(.text)
    _init_alloc                              0x08007021   Thumb Code    94  init_alloc.o(.text)
    __Heap_Initialize                        0x0800707f   Thumb Code    10  h1_init.o(.text)
    __Heap_DescSize                          0x08007089   Thumb Code     4  h1_init.o(.text)
    __read_errno                             0x0800708d   Thumb Code    10  _rserrno.o(.text)
    __set_errno                              0x08007097   Thumb Code    12  _rserrno.o(.text)
    _printf_truncate_signed                  0x080070a3   Thumb Code    18  _printf_truncate.o(.text)
    _printf_truncate_unsigned                0x080070b5   Thumb Code    18  _printf_truncate.o(.text)
    _printf_int_common                       0x080070c7   Thumb Code   178  _printf_intcommon.o(.text)
    _printf_charcount                        0x08007179   Thumb Code    40  _printf_charcount.o(.text)
    __lib_sel_fp_printf                      0x080071a1   Thumb Code     2  _printf_fp_dec.o(.text)
    _printf_fp_dec_real                      0x08007353   Thumb Code   620  _printf_fp_dec.o(.text)
    _printf_char_common                      0x080075cb   Thumb Code    32  _printf_char_common.o(.text)
    _sputc                                   0x080075f1   Thumb Code    10  _sputc.o(.text)
    _snputc                                  0x080075fb   Thumb Code    16  _snputc.o(.text)
    _printf_cs_common                        0x0800760b   Thumb Code    20  _printf_char.o(.text)
    _printf_char                             0x0800761f   Thumb Code    16  _printf_char.o(.text)
    _printf_string                           0x0800762f   Thumb Code     8  _printf_char.o(.text)
    _printf_wctomb                           0x08007639   Thumb Code   182  _printf_wctomb.o(.text)
    _printf_longlong_dec                     0x080076f5   Thumb Code   108  _printf_longlong_dec.o(.text)
    _printf_longlong_oct                     0x08007771   Thumb Code    66  _printf_oct_int_ll.o(.text)
    _printf_int_oct                          0x080077b3   Thumb Code    24  _printf_oct_int_ll.o(.text)
    _printf_ll_oct                           0x080077cb   Thumb Code    12  _printf_oct_int_ll.o(.text)
    strtol                                   0x080077e1   Thumb Code   112  strtol.o(.text)
    __user_libspace                          0x08007851   Thumb Code     8  libspace.o(.text)
    __user_perproc_libspace                  0x08007851   Thumb Code     0  libspace.o(.text)
    __user_perthread_libspace                0x08007851   Thumb Code     0  libspace.o(.text)
    __rt_locale                              0x08007859   Thumb Code     8  rt_locale_intlibspace.o(.text)
    __Heap_ProvideMemory                     0x08007861   Thumb Code    52  h1_extend.o(.text)
    _ll_udiv10                               0x08007895   Thumb Code   138  lludiv10.o(.text)
    _printf_fp_infnan                        0x08007921   Thumb Code   112  _printf_fp_infnan.o(.text)
    _printf_lcs_common                       0x080079a1   Thumb Code    20  _printf_wchar.o(.text)
    _printf_wchar                            0x080079b5   Thumb Code    16  _printf_wchar.o(.text)
    _printf_wstring                          0x080079c5   Thumb Code     8  _printf_wchar.o(.text)
    _strtoul                                 0x080079cd   Thumb Code   158  _strtoul.o(.text)
    _btod_etento                             0x08007a6d   Thumb Code   224  bigflt0.o(.text)
    _wcrtomb                                 0x08007b51   Thumb Code    64  _wcrtomb.o(.text)
    __rt_SIGRTMEM                            0x08007b91   Thumb Code    14  defsig_rtmem_outer.o(.text)
    __I$use$semihosting                      0x08007b9f   Thumb Code     0  use_no_semi.o(.text)
    __use_no_semihosting_swi                 0x08007b9f   Thumb Code     2  use_no_semi.o(.text)
    __semihosting_library_function           0x08007ba1   Thumb Code     0  indicate_semi.o(.text)
    __user_setup_stackheap                   0x08007ba1   Thumb Code    74  sys_stackheap_outer.o(.text)
    _chval                                   0x08007beb   Thumb Code    28  _chval.o(.text)
    exit                                     0x08007c07   Thumb Code    18  exit.o(.text)
    __sig_exit                               0x08007c19   Thumb Code    10  defsig_exit.o(.text)
    __rt_SIGRTMEM_inner                      0x08007c25   Thumb Code    22  defsig_rtmem_inner.o(.text)
    strcmp                                   0x08007c75   Thumb Code   128  strcmpv7m.o(.text)
    _sys_exit                                0x08007cf5   Thumb Code     8  sys_exit.o(.text)
    __default_signal_display                 0x08007d01   Thumb Code    50  defsig_general.o(.text)
    _ttywrch                                 0x08007d33   Thumb Code    14  sys_wrch.o(.text)
    _btod_d2e                                0x08007d41   Thumb Code    62  btod.o(CL$$btod_d2e)
    _d2e_denorm_low                          0x08007d7f   Thumb Code    70  btod.o(CL$$btod_d2e_denorm_low)
    _d2e_norm_op1                            0x08007dc5   Thumb Code    96  btod.o(CL$$btod_d2e_norm_op1)
    __btod_div_common                        0x08007e25   Thumb Code   696  btod.o(CL$$btod_div_common)
    _e2e                                     0x0800815d   Thumb Code   220  btod.o(CL$$btod_e2e)
    _btod_ediv                               0x08008239   Thumb Code    42  btod.o(CL$$btod_ediv)
    _btod_emul                               0x08008263   Thumb Code    42  btod.o(CL$$btod_emul)
    __btod_mult_common                       0x0800828d   Thumb Code   580  btod.o(CL$$btod_mult_common)
    __ARM_fpclassify                         0x080084d1   Thumb Code    40  fpclassify.o(i.__ARM_fpclassify)
    __kernel_poly                            0x080084f9   Thumb Code   170  poly.o(i.__kernel_poly)
    __mathlib_dbl_divzero                    0x080085a5   Thumb Code    12  dunder.o(i.__mathlib_dbl_divzero)
    __mathlib_dbl_infnan2                    0x080085b5   Thumb Code     4  dunder.o(i.__mathlib_dbl_infnan2)
    __mathlib_dbl_invalid                    0x080085b9   Thumb Code    12  dunder.o(i.__mathlib_dbl_invalid)
    __mathlib_dbl_overflow                   0x080085c5   Thumb Code    14  dunder.o(i.__mathlib_dbl_overflow)
    __mathlib_dbl_underflow                  0x080085d5   Thumb Code    10  dunder.o(i.__mathlib_dbl_underflow)
    _is_digit                                0x080085e5   Thumb Code    14  __printf_wp.o(i._is_digit)
    floor                                    0x080085f5   Thumb Code   204  floor.o(i.floor)
    pow                                      0x080086d1   Thumb Code  2512  pow.o(i.pow)
    sqrt                                     0x080090a9   Thumb Code    76  sqrt.o(i.sqrt)
    _get_lc_ctype                            0x080090f5   Thumb Code    44  lc_ctype_c.o(locale$$code)
    _get_lc_numeric                          0x08009121   Thumb Code    44  lc_numeric_c.o(locale$$code)
    __aeabi_dadd                             0x0800914d   Thumb Code     0  daddsub_clz.o(x$fpl$dadd)
    _dadd                                    0x0800914d   Thumb Code   332  daddsub_clz.o(x$fpl$dadd)
    __fpl_dcheck_NaN1                        0x0800929d   Thumb Code    10  dcheck1.o(x$fpl$dcheck1)
    __fpl_dcmp_Inf                           0x080092ad   Thumb Code    24  dcmpi.o(x$fpl$dcmpinf)
    __aeabi_ddiv                             0x080092c5   Thumb Code     0  ddiv.o(x$fpl$ddiv)
    _ddiv                                    0x080092c5   Thumb Code   552  ddiv.o(x$fpl$ddiv)
    __aeabi_cdcmpeq                          0x08009575   Thumb Code     0  deqf.o(x$fpl$deqf)
    _dcmpeq                                  0x08009575   Thumb Code   120  deqf.o(x$fpl$deqf)
    __aeabi_d2iz                             0x080095ed   Thumb Code     0  dfix.o(x$fpl$dfix)
    _dfix                                    0x080095ed   Thumb Code    94  dfix.o(x$fpl$dfix)
    __aeabi_i2d                              0x0800964b   Thumb Code     0  dflt_clz.o(x$fpl$dflt)
    _dflt                                    0x0800964b   Thumb Code    46  dflt_clz.o(x$fpl$dflt)
    __aeabi_cdcmple                          0x08009679   Thumb Code     0  dleqf.o(x$fpl$dleqf)
    _dcmple                                  0x08009679   Thumb Code   120  dleqf.o(x$fpl$dleqf)
    __fpl_dcmple_InfNaN                      0x080096db   Thumb Code     0  dleqf.o(x$fpl$dleqf)
    __aeabi_dmul                             0x080096f1   Thumb Code     0  dmul.o(x$fpl$dmul)
    _dmul                                    0x080096f1   Thumb Code   332  dmul.o(x$fpl$dmul)
    __fpl_dnaninf                            0x08009845   Thumb Code   156  dnaninf.o(x$fpl$dnaninf)
    __fpl_dretinf                            0x080098e1   Thumb Code    12  dretinf.o(x$fpl$dretinf)
    __aeabi_cdrcmple                         0x080098ed   Thumb Code     0  drleqf.o(x$fpl$drleqf)
    _drcmple                                 0x080098ed   Thumb Code   108  drleqf.o(x$fpl$drleqf)
    __aeabi_drsub                            0x08009959   Thumb Code     0  daddsub_clz.o(x$fpl$drsb)
    _drsb                                    0x08009959   Thumb Code    22  daddsub_clz.o(x$fpl$drsb)
    _dsqrt                                   0x08009971   Thumb Code   456  dsqrt_noumaal.o(x$fpl$dsqrt)
    __aeabi_dsub                             0x08009b3d   Thumb Code     0  daddsub_clz.o(x$fpl$dsub)
    _dsub                                    0x08009b3d   Thumb Code   464  daddsub_clz.o(x$fpl$dsub)
    __aeabi_f2d                              0x08009d11   Thumb Code     0  f2d.o(x$fpl$f2d)
    _f2d                                     0x08009d11   Thumb Code    86  f2d.o(x$fpl$f2d)
    __fpl_fcmp_Inf                           0x08009d67   Thumb Code    24  fcmpi.o(x$fpl$fcmpinf)
    __aeabi_fdiv                             0x08009d81   Thumb Code     0  fdiv.o(x$fpl$fdiv)
    _fdiv                                    0x08009d81   Thumb Code   384  fdiv.o(x$fpl$fdiv)
    __aeabi_ui2f                             0x08009f05   Thumb Code     0  fflt_clz.o(x$fpl$ffltu)
    _ffltu                                   0x08009f05   Thumb Code    38  fflt_clz.o(x$fpl$ffltu)
    __aeabi_cfcmple                          0x08009f2d   Thumb Code     0  fleqf.o(x$fpl$fleqf)
    _fcmple                                  0x08009f2d   Thumb Code   104  fleqf.o(x$fpl$fleqf)
    __fpl_fcmple_InfNaN                      0x08009f7f   Thumb Code     0  fleqf.o(x$fpl$fleqf)
    __aeabi_fmul                             0x08009f95   Thumb Code     0  fmul.o(x$fpl$fmul)
    _fmul                                    0x08009f95   Thumb Code   258  fmul.o(x$fpl$fmul)
    __fpl_fnaninf                            0x0800a097   Thumb Code   140  fnaninf.o(x$fpl$fnaninf)
    __fpl_fretinf                            0x0800a123   Thumb Code    10  fretinf.o(x$fpl$fretinf)
    _printf_fp_dec                           0x0800a12d   Thumb Code     4  printf1.o(x$fpl$printf1)
    __fpl_return_NaN                         0x0800a131   Thumb Code   100  retnan.o(x$fpl$retnan)
    __ARM_scalbn                             0x0800a195   Thumb Code    92  scalbn.o(x$fpl$scalbn)
    __fpl_cmpreturn                          0x0800a1f1   Thumb Code    48  trapv.o(x$fpl$trapveneer)
    __I$use$fp                               0x0800a220   Number         0  usenofp.o(x$fpl$usenofp)
    topic_Pub                                0x0800a220   Data          16  main.o(.constdata)
    asc2_1206                                0x0800a230   Data        1140  oled.o(.constdata)
    asc2_1608                                0x0800a6a4   Data        1520  oled.o(.constdata)
    asc2_2412                                0x0800ac94   Data        3420  oled.o(.constdata)
    __mathlib_zero                           0x0800bac0   Data           8  qnan.o(.constdata)
    Region$$Table$$Base                      0x0800bb6c   Number         0  anon$$obj.o(Region$$Table)
    Region$$Table$$Limit                     0x0800bb8c   Number         0  anon$$obj.o(Region$$Table)
    __ctype                                  0x0800bb99   Data           0  lc_ctype_c.o(locale$$data)
    alarmFlag                                0x20000000   Data           1  main.o(.data)
    alarmBusy                                0x20000001   Data           1  main.o(.data)
    humidityH                                0x20000002   Data           1  main.o(.data)
    humidityL                                0x20000003   Data           1  main.o(.data)
    temperatureH                             0x20000004   Data           1  main.o(.data)
    temperatureL                             0x20000005   Data           1  main.o(.data)
    Led_Status                               0x20000006   Data           1  main.o(.data)
    Light                                    0x20000008   Data           4  main.o(.data)
    topic_Sub                                0x2000000c   Data           4  main.o(.data)
    SystemCoreClock                          0x20000010   Data           4  system_stm32f10x.o(.data)
    AHBPrescTable                            0x20000014   Data          16  system_stm32f10x.o(.data)
    Hzk1                                     0x20000025   Data         352  oled.o(.data)
    Hzk2                                     0x20000185   Data         216  oled.o(.data)
    Hzk3                                     0x2000025d   Data         512  oled.o(.data)
    Hzk4                                     0x2000045d   Data        4096  oled.o(.data)
    esp8266_cnt                              0x20001476   Data           2  esp8266.o(.data)
    esp8266_cntPre                           0x20001478   Data           2  esp8266.o(.data)
    Pub_Buf                                  0x20001488   Data         256  main.o(.bss)
    OLED_GRAM                                0x20001588   Data        1152  oled.o(.bss)
    oledBuf                                  0x20001a48   Data          20  timer.o(.bss)
    esp8266_buf                              0x20001a5c   Data         128  esp8266.o(.bss)
    _random_number_data                      0x20001adc   Data         228  rand.o(.bss)
    __libspace_start                         0x20001bc0   Data          96  libspace.o(.bss)
    __temporary_stack_top$libspace           0x20001c20   Data           0  libspace.o(.bss)



==============================================================================

Memory Map of the image

  Image Entry point : 0x08000131

  Load Region LR_IROM1 (Base: 0x08000000, Size: 0x0000d140, Max: 0x00010000, ABSOLUTE, COMPRESSED[0x0000be98])

    Execution Region ER_IROM1 (Exec base: 0x08000000, Load base: 0x08000000, Size: 0x0000bcb8, Max: 0x00010000, ABSOLUTE)

    Exec Addr    Load Addr    Size         Type   Attr      Idx    E Section Name        Object

    0x08000000   0x08000000   0x00000130   Data   RO          381    RESET               startup_stm32f10x_hd.o
    0x08000130   0x08000130   0x00000008   Code   RO          700  * !!!main             c_w.l(__main.o)
    0x08000138   0x08000138   0x00000034   Code   RO         1123    !!!scatter          c_w.l(__scatter.o)
    0x0800016c   0x0800016c   0x0000005a   Code   RO         1121    !!dczerorl2         c_w.l(__dczerorl2.o)
    0x080001c6   0x080001c6   0x00000002   PAD
    0x080001c8   0x080001c8   0x0000001c   Code   RO         1125    !!handler_zi        c_w.l(__scatter_zi.o)
    0x080001e4   0x080001e4   0x00000000   Code   RO          670    .ARM.Collect$$_printf_percent$$00000000  c_w.l(_printf_percent.o)
    0x080001e4   0x080001e4   0x00000006   Code   RO          823    .ARM.Collect$$_printf_percent$$00000001  c_w.l(_printf_n.o)
    0x080001ea   0x080001ea   0x00000006   Code   RO          824    .ARM.Collect$$_printf_percent$$00000002  c_w.l(_printf_p.o)
    0x080001f0   0x080001f0   0x00000006   Code   RO          668    .ARM.Collect$$_printf_percent$$00000003  c_w.l(_printf_f.o)
    0x080001f6   0x080001f6   0x00000006   Code   RO          669    .ARM.Collect$$_printf_percent$$00000004  c_w.l(_printf_e.o)
    0x080001fc   0x080001fc   0x00000006   Code   RO          828    .ARM.Collect$$_printf_percent$$00000005  c_w.l(_printf_g.o)
    0x08000202   0x08000202   0x00000006   Code   RO          829    .ARM.Collect$$_printf_percent$$00000006  c_w.l(_printf_a.o)
    0x08000208   0x08000208   0x0000000a   Code   RO          834    .ARM.Collect$$_printf_percent$$00000007  c_w.l(_printf_ll.o)
    0x08000212   0x08000212   0x00000006   Code   RO          826    .ARM.Collect$$_printf_percent$$00000008  c_w.l(_printf_i.o)
    0x08000218   0x08000218   0x00000006   Code   RO          667    .ARM.Collect$$_printf_percent$$00000009  c_w.l(_printf_d.o)
    0x0800021e   0x0800021e   0x00000006   Code   RO          827    .ARM.Collect$$_printf_percent$$0000000A  c_w.l(_printf_u.o)
    0x08000224   0x08000224   0x00000006   Code   RO          825    .ARM.Collect$$_printf_percent$$0000000B  c_w.l(_printf_o.o)
    0x0800022a   0x0800022a   0x00000006   Code   RO          666    .ARM.Collect$$_printf_percent$$0000000C  c_w.l(_printf_x.o)
    0x08000230   0x08000230   0x00000006   Code   RO          831    .ARM.Collect$$_printf_percent$$0000000D  c_w.l(_printf_lli.o)
    0x08000236   0x08000236   0x00000006   Code   RO          832    .ARM.Collect$$_printf_percent$$0000000E  c_w.l(_printf_lld.o)
    0x0800023c   0x0800023c   0x00000006   Code   RO          833    .ARM.Collect$$_printf_percent$$0000000F  c_w.l(_printf_llu.o)
    0x08000242   0x08000242   0x00000006   Code   RO          838    .ARM.Collect$$_printf_percent$$00000010  c_w.l(_printf_llo.o)
    0x08000248   0x08000248   0x00000006   Code   RO          839    .ARM.Collect$$_printf_percent$$00000011  c_w.l(_printf_llx.o)
    0x0800024e   0x0800024e   0x0000000a   Code   RO          835    .ARM.Collect$$_printf_percent$$00000012  c_w.l(_printf_l.o)
    0x08000258   0x08000258   0x00000006   Code   RO          822    .ARM.Collect$$_printf_percent$$00000013  c_w.l(_printf_c.o)
    0x0800025e   0x0800025e   0x00000006   Code   RO          665    .ARM.Collect$$_printf_percent$$00000014  c_w.l(_printf_s.o)
    0x08000264   0x08000264   0x00000006   Code   RO          836    .ARM.Collect$$_printf_percent$$00000015  c_w.l(_printf_lc.o)
    0x0800026a   0x0800026a   0x00000006   Code   RO          837    .ARM.Collect$$_printf_percent$$00000016  c_w.l(_printf_ls.o)
    0x08000270   0x08000270   0x00000004   Code   RO          830    .ARM.Collect$$_printf_percent$$00000017  c_w.l(_printf_percent_end.o)
    0x08000274   0x08000274   0x00000002   Code   RO         1056    .ARM.Collect$$libinit$$00000000  c_w.l(libinit.o)
    0x08000276   0x08000276   0x00000000   Code   RO          845    .ARM.Collect$$libinit$$00000002  c_w.l(libinit2.o)
    0x08000276   0x08000276   0x00000000   Code   RO          847    .ARM.Collect$$libinit$$00000004  c_w.l(libinit2.o)
    0x08000276   0x08000276   0x00000008   Code   RO          848    .ARM.Collect$$libinit$$00000005  c_w.l(libinit2.o)
    0x0800027e   0x0800027e   0x00000000   Code   RO          850    .ARM.Collect$$libinit$$0000000A  c_w.l(libinit2.o)
    0x0800027e   0x0800027e   0x00000000   Code   RO          852    .ARM.Collect$$libinit$$0000000C  c_w.l(libinit2.o)
    0x0800027e   0x0800027e   0x00000004   Code   RO          853    .ARM.Collect$$libinit$$0000000D  c_w.l(libinit2.o)
    0x08000282   0x08000282   0x00000000   Code   RO          854    .ARM.Collect$$libinit$$0000000E  c_w.l(libinit2.o)
    0x08000282   0x08000282   0x00000006   Code   RO          855    .ARM.Collect$$libinit$$0000000F  c_w.l(libinit2.o)
    0x08000288   0x08000288   0x00000000   Code   RO          857    .ARM.Collect$$libinit$$00000011  c_w.l(libinit2.o)
    0x08000288   0x08000288   0x0000000c   Code   RO          858    .ARM.Collect$$libinit$$00000012  c_w.l(libinit2.o)
    0x08000294   0x08000294   0x00000000   Code   RO          859    .ARM.Collect$$libinit$$00000013  c_w.l(libinit2.o)
    0x08000294   0x08000294   0x00000000   Code   RO          861    .ARM.Collect$$libinit$$00000015  c_w.l(libinit2.o)
    0x08000294   0x08000294   0x0000000a   Code   RO          862    .ARM.Collect$$libinit$$00000016  c_w.l(libinit2.o)
    0x0800029e   0x0800029e   0x00000000   Code   RO          863    .ARM.Collect$$libinit$$00000017  c_w.l(libinit2.o)
    0x0800029e   0x0800029e   0x00000000   Code   RO          865    .ARM.Collect$$libinit$$00000019  c_w.l(libinit2.o)
    0x0800029e   0x0800029e   0x00000000   Code   RO          867    .ARM.Collect$$libinit$$0000001B  c_w.l(libinit2.o)
    0x0800029e   0x0800029e   0x00000000   Code   RO          869    .ARM.Collect$$libinit$$0000001D  c_w.l(libinit2.o)
    0x0800029e   0x0800029e   0x00000000   Code   RO          871    .ARM.Collect$$libinit$$0000001F  c_w.l(libinit2.o)
    0x0800029e   0x0800029e   0x00000000   Code   RO          873    .ARM.Collect$$libinit$$00000021  c_w.l(libinit2.o)
    0x0800029e   0x0800029e   0x00000000   Code   RO          875    .ARM.Collect$$libinit$$00000023  c_w.l(libinit2.o)
    0x0800029e   0x0800029e   0x00000000   Code   RO          877    .ARM.Collect$$libinit$$00000025  c_w.l(libinit2.o)
    0x0800029e   0x0800029e   0x00000000   Code   RO          881    .ARM.Collect$$libinit$$0000002C  c_w.l(libinit2.o)
    0x0800029e   0x0800029e   0x00000000   Code   RO          883    .ARM.Collect$$libinit$$0000002E  c_w.l(libinit2.o)
    0x0800029e   0x0800029e   0x00000000   Code   RO          885    .ARM.Collect$$libinit$$00000030  c_w.l(libinit2.o)
    0x0800029e   0x0800029e   0x00000000   Code   RO          887    .ARM.Collect$$libinit$$00000032  c_w.l(libinit2.o)
    0x0800029e   0x0800029e   0x00000002   Code   RO          888    .ARM.Collect$$libinit$$00000033  c_w.l(libinit2.o)
    0x080002a0   0x080002a0   0x00000002   Code   RO         1118    .ARM.Collect$$libshutdown$$00000000  c_w.l(libshutdown.o)
    0x080002a2   0x080002a2   0x00000000   Code   RO         1072    .ARM.Collect$$libshutdown$$00000002  c_w.l(libshutdown2.o)
    0x080002a2   0x080002a2   0x00000000   Code   RO         1074    .ARM.Collect$$libshutdown$$00000004  c_w.l(libshutdown2.o)
    0x080002a2   0x080002a2   0x00000000   Code   RO         1077    .ARM.Collect$$libshutdown$$00000007  c_w.l(libshutdown2.o)
    0x080002a2   0x080002a2   0x00000000   Code   RO         1080    .ARM.Collect$$libshutdown$$0000000A  c_w.l(libshutdown2.o)
    0x080002a2   0x080002a2   0x00000000   Code   RO         1082    .ARM.Collect$$libshutdown$$0000000C  c_w.l(libshutdown2.o)
    0x080002a2   0x080002a2   0x00000000   Code   RO         1085    .ARM.Collect$$libshutdown$$0000000F  c_w.l(libshutdown2.o)
    0x080002a2   0x080002a2   0x00000002   Code   RO         1086    .ARM.Collect$$libshutdown$$00000010  c_w.l(libshutdown2.o)
    0x080002a4   0x080002a4   0x00000000   Code   RO          760    .ARM.Collect$$rtentry$$00000000  c_w.l(__rtentry.o)
    0x080002a4   0x080002a4   0x00000000   Code   RO          941    .ARM.Collect$$rtentry$$00000002  c_w.l(__rtentry2.o)
    0x080002a4   0x080002a4   0x00000006   Code   RO          953    .ARM.Collect$$rtentry$$00000004  c_w.l(__rtentry4.o)
    0x080002aa   0x080002aa   0x00000000   Code   RO          943    .ARM.Collect$$rtentry$$00000009  c_w.l(__rtentry2.o)
    0x080002aa   0x080002aa   0x00000004   Code   RO          944    .ARM.Collect$$rtentry$$0000000A  c_w.l(__rtentry2.o)
    0x080002ae   0x080002ae   0x00000000   Code   RO          946    .ARM.Collect$$rtentry$$0000000C  c_w.l(__rtentry2.o)
    0x080002ae   0x080002ae   0x00000008   Code   RO          947    .ARM.Collect$$rtentry$$0000000D  c_w.l(__rtentry2.o)
    0x080002b6   0x080002b6   0x00000002   Code   RO         1061    .ARM.Collect$$rtexit$$00000000  c_w.l(rtexit.o)
    0x080002b8   0x080002b8   0x00000000   Code   RO         1092    .ARM.Collect$$rtexit$$00000002  c_w.l(rtexit2.o)
    0x080002b8   0x080002b8   0x00000004   Code   RO         1093    .ARM.Collect$$rtexit$$00000003  c_w.l(rtexit2.o)
    0x080002bc   0x080002bc   0x00000006   Code   RO         1094    .ARM.Collect$$rtexit$$00000004  c_w.l(rtexit2.o)
    0x080002c2   0x080002c2   0x00000002   PAD
    0x080002c4   0x080002c4   0x00000034   Code   RO          673    .emb_text           c_w.l(rand.o)
    0x080002f8   0x080002f8   0x00000000   Code   RO          962    .emb_text           c_w.l(maybetermalloc1.o)
    0x080002f8   0x080002f8   0x000002f4   Code   RO            1    .text               main.o
    0x080005ec   0x080005ec   0x0000001a   Code   RO          153    .text               stm32f10x_it.o
    0x08000606   0x08000606   0x00000002   PAD
    0x08000608   0x08000608   0x000001e0   Code   RO          194    .text               system_stm32f10x.o
    0x080007e8   0x080007e8   0x00000050   Code   RO          212    .text               led.o
    0x08000838   0x08000838   0x00000278   Code   RO          236    .text               bh1750.o
    0x08000ab0   0x08000ab0   0x000001b8   Code   RO          248    .text               dht11.o
    0x08000c68   0x08000c68   0x00000088   Code   RO          260    .text               key.o
    0x08000cf0   0x08000cf0   0x000008ca   Code   RO          273    .text               oled.o
    0x080015ba   0x080015ba   0x00000002   PAD
    0x080015bc   0x080015bc   0x000000d4   Code   RO          299    .text               delay.o
    0x08001690   0x08001690   0x0000024c   Code   RO          330    .text               usart.o
    0x080018dc   0x080018dc   0x000001f0   Code   RO          349    .text               timer.o
    0x08001acc   0x08001acc   0x00000040   Code   RO          382    .text               startup_stm32f10x_hd.o
    0x08001b0c   0x08001b0c   0x0000035c   Code   RO          386    .text               stm32f10x_gpio.o
    0x08001e68   0x08001e68   0x000003a4   Code   RO          398    .text               stm32f10x_rcc.o
    0x0800220c   0x0800220c   0x00000408   Code   RO          412    .text               stm32f10x_usart.o
    0x08002614   0x08002614   0x000000dc   Code   RO          424    .text               misc.o
    0x080026f0   0x080026f0   0x00000e1a   Code   RO          436    .text               stm32f10x_tim.o
    0x0800350a   0x0800350a   0x00000002   PAD
    0x0800350c   0x0800350c   0x00000384   Code   RO          448    .text               esp8266.o
    0x08003890   0x08003890   0x00000dfc   Code   RO          464    .text               mqttkit.o
    0x0800468c   0x0800468c   0x0000070a   Code   RO          492    .text               onenet.o
    0x08004d96   0x08004d96   0x00000002   PAD
    0x08004d98   0x08004d98   0x00001a84   Code   RO          512    .text               cjson.o
    0x0800681c   0x0800681c   0x0000005e   Code   RO          550    .text               c_w.l(h1_alloc.o)
    0x0800687a   0x0800687a   0x0000004e   Code   RO          552    .text               c_w.l(h1_free.o)
    0x080068c8   0x080068c8   0x0000001a   Code   RO          608    .text               c_w.l(tolower.o)
    0x080068e2   0x080068e2   0x00000002   PAD
    0x080068e4   0x080068e4   0x00000034   Code   RO          610    .text               c_w.l(c89vsnprintf.o)
    0x08006918   0x08006918   0x0000002c   Code   RO          612    .text               c_w.l(__2sprintf.o)
    0x08006944   0x08006944   0x0000004e   Code   RO          618    .text               c_w.l(_printf_pad.o)
    0x08006992   0x08006992   0x00000052   Code   RO          620    .text               c_w.l(_printf_str.o)
    0x080069e4   0x080069e4   0x00000078   Code   RO          622    .text               c_w.l(_printf_dec.o)
    0x08006a5c   0x08006a5c   0x00000094   Code   RO          642    .text               c_w.l(_printf_hex_int_ll_ptr.o)
    0x08006af0   0x08006af0   0x00000188   Code   RO          662    .text               c_w.l(__printf_flags_ss_wp.o)
    0x08006c78   0x08006c78   0x0000001a   Code   RO          671    .text               c_w.l(atoi.o)
    0x08006c92   0x08006c92   0x00000002   PAD
    0x08006c94   0x08006c94   0x0000003c   Code   RO          674    .text               c_w.l(rand.o)
    0x08006cd0   0x08006cd0   0x00000014   Code   RO          678    .text               c_w.l(strchr.o)
    0x08006ce4   0x08006ce4   0x00000024   Code   RO          680    .text               c_w.l(strncat.o)
    0x08006d08   0x08006d08   0x00000024   Code   RO          682    .text               c_w.l(strstr.o)
    0x08006d2c   0x08006d2c   0x00000048   Code   RO          684    .text               c_w.l(strcpy.o)
    0x08006d74   0x08006d74   0x0000003e   Code   RO          686    .text               c_w.l(strlen.o)
    0x08006db2   0x08006db2   0x00000096   Code   RO          688    .text               c_w.l(strncmp.o)
    0x08006e48   0x08006e48   0x0000008a   Code   RO          690    .text               c_w.l(rt_memcpy_v6.o)
    0x08006ed2   0x08006ed2   0x00000064   Code   RO          692    .text               c_w.l(rt_memcpy_w.o)
    0x08006f36   0x08006f36   0x00000044   Code   RO          694    .text               c_w.l(rt_memclr.o)
    0x08006f7a   0x08006f7a   0x0000004e   Code   RO          696    .text               c_w.l(rt_memclr_w.o)
    0x08006fc8   0x08006fc8   0x00000006   Code   RO          698    .text               c_w.l(heapauxi.o)
    0x08006fce   0x08006fce   0x00000002   PAD
    0x08006fd0   0x08006fd0   0x00000010   Code   RO          761    .text               c_w.l(rt_ctype_table.o)
    0x08006fe0   0x08006fe0   0x00000008   Code   RO          766    .text               c_w.l(rt_heap_descriptor_intlibspace.o)
    0x08006fe8   0x08006fe8   0x00000008   Code   RO          771    .text               c_w.l(rt_errno_addr_intlibspace.o)
    0x08006ff0   0x08006ff0   0x00000004   Code   RO          773    .text               c_w.l(hguard.o)
    0x08006ff4   0x08006ff4   0x0000008a   Code   RO          775    .text               c_w.l(init_alloc.o)
    0x0800707e   0x0800707e   0x0000000e   Code   RO          779    .text               c_w.l(h1_init.o)
    0x0800708c   0x0800708c   0x00000016   Code   RO          793    .text               c_w.l(_rserrno.o)
    0x080070a2   0x080070a2   0x00000024   Code   RO          795    .text               c_w.l(_printf_truncate.o)
    0x080070c6   0x080070c6   0x000000b2   Code   RO          797    .text               c_w.l(_printf_intcommon.o)
    0x08007178   0x08007178   0x00000028   Code   RO          799    .text               c_w.l(_printf_charcount.o)
    0x080071a0   0x080071a0   0x0000041e   Code   RO          801    .text               c_w.l(_printf_fp_dec.o)
    0x080075be   0x080075be   0x00000002   PAD
    0x080075c0   0x080075c0   0x00000030   Code   RO          803    .text               c_w.l(_printf_char_common.o)
    0x080075f0   0x080075f0   0x0000000a   Code   RO          805    .text               c_w.l(_sputc.o)
    0x080075fa   0x080075fa   0x00000010   Code   RO          807    .text               c_w.l(_snputc.o)
    0x0800760a   0x0800760a   0x0000002c   Code   RO          809    .text               c_w.l(_printf_char.o)
    0x08007636   0x08007636   0x00000002   PAD
    0x08007638   0x08007638   0x000000bc   Code   RO          811    .text               c_w.l(_printf_wctomb.o)
    0x080076f4   0x080076f4   0x0000007c   Code   RO          814    .text               c_w.l(_printf_longlong_dec.o)
    0x08007770   0x08007770   0x00000070   Code   RO          820    .text               c_w.l(_printf_oct_int_ll.o)
    0x080077e0   0x080077e0   0x00000070   Code   RO          840    .text               c_w.l(strtol.o)
    0x08007850   0x08007850   0x00000008   Code   RO          937    .text               c_w.l(libspace.o)
    0x08007858   0x08007858   0x00000008   Code   RO          958    .text               c_w.l(rt_locale_intlibspace.o)
    0x08007860   0x08007860   0x00000034   Code   RO          964    .text               c_w.l(h1_extend.o)
    0x08007894   0x08007894   0x0000008a   Code   RO          968    .text               c_w.l(lludiv10.o)
    0x0800791e   0x0800791e   0x00000002   PAD
    0x08007920   0x08007920   0x00000080   Code   RO          970    .text               c_w.l(_printf_fp_infnan.o)
    0x080079a0   0x080079a0   0x0000002c   Code   RO          974    .text               c_w.l(_printf_wchar.o)
    0x080079cc   0x080079cc   0x0000009e   Code   RO          976    .text               c_w.l(_strtoul.o)
    0x08007a6a   0x08007a6a   0x00000002   PAD
    0x08007a6c   0x08007a6c   0x000000e4   Code   RO          978    .text               c_w.l(bigflt0.o)
    0x08007b50   0x08007b50   0x00000040   Code   RO         1003    .text               c_w.l(_wcrtomb.o)
    0x08007b90   0x08007b90   0x0000000e   Code   RO         1011    .text               c_w.l(defsig_rtmem_outer.o)
    0x08007b9e   0x08007b9e   0x00000002   Code   RO         1028    .text               c_w.l(use_no_semi.o)
    0x08007ba0   0x08007ba0   0x00000000   Code   RO         1030    .text               c_w.l(indicate_semi.o)
    0x08007ba0   0x08007ba0   0x0000004a   Code   RO         1031    .text               c_w.l(sys_stackheap_outer.o)
    0x08007bea   0x08007bea   0x0000001c   Code   RO         1037    .text               c_w.l(_chval.o)
    0x08007c06   0x08007c06   0x00000012   Code   RO         1039    .text               c_w.l(exit.o)
    0x08007c18   0x08007c18   0x0000000a   Code   RO         1041    .text               c_w.l(defsig_exit.o)
    0x08007c22   0x08007c22   0x00000002   PAD
    0x08007c24   0x08007c24   0x00000050   Code   RO         1043    .text               c_w.l(defsig_rtmem_inner.o)
    0x08007c74   0x08007c74   0x00000080   Code   RO         1045    .text               c_w.l(strcmpv7m.o)
    0x08007cf4   0x08007cf4   0x0000000c   Code   RO         1059    .text               c_w.l(sys_exit.o)
    0x08007d00   0x08007d00   0x00000032   Code   RO         1069    .text               c_w.l(defsig_general.o)
    0x08007d32   0x08007d32   0x0000000e   Code   RO         1089    .text               c_w.l(sys_wrch.o)
    0x08007d40   0x08007d40   0x0000003e   Code   RO          981    CL$$btod_d2e        c_w.l(btod.o)
    0x08007d7e   0x08007d7e   0x00000046   Code   RO          983    CL$$btod_d2e_denorm_low  c_w.l(btod.o)
    0x08007dc4   0x08007dc4   0x00000060   Code   RO          982    CL$$btod_d2e_norm_op1  c_w.l(btod.o)
    0x08007e24   0x08007e24   0x00000338   Code   RO          991    CL$$btod_div_common  c_w.l(btod.o)
    0x0800815c   0x0800815c   0x000000dc   Code   RO          988    CL$$btod_e2e        c_w.l(btod.o)
    0x08008238   0x08008238   0x0000002a   Code   RO          985    CL$$btod_ediv       c_w.l(btod.o)
    0x08008262   0x08008262   0x0000002a   Code   RO          984    CL$$btod_emul       c_w.l(btod.o)
    0x0800828c   0x0800828c   0x00000244   Code   RO          990    CL$$btod_mult_common  c_w.l(btod.o)
    0x080084d0   0x080084d0   0x00000028   Code   RO          922    i.__ARM_fpclassify  m_ws.l(fpclassify.o)
    0x080084f8   0x080084f8   0x000000aa   Code   RO          924    i.__kernel_poly     m_ws.l(poly.o)
    0x080085a2   0x080085a2   0x00000002   PAD
    0x080085a4   0x080085a4   0x00000010   Code   RO          908    i.__mathlib_dbl_divzero  m_ws.l(dunder.o)
    0x080085b4   0x080085b4   0x00000004   Code   RO          910    i.__mathlib_dbl_infnan2  m_ws.l(dunder.o)
    0x080085b8   0x080085b8   0x0000000c   Code   RO          911    i.__mathlib_dbl_invalid  m_ws.l(dunder.o)
    0x080085c4   0x080085c4   0x0000000e   Code   RO          912    i.__mathlib_dbl_overflow  m_ws.l(dunder.o)
    0x080085d2   0x080085d2   0x00000002   PAD
    0x080085d4   0x080085d4   0x00000010   Code   RO          914    i.__mathlib_dbl_underflow  m_ws.l(dunder.o)
    0x080085e4   0x080085e4   0x0000000e   Code   RO          655    i._is_digit         c_w.l(__printf_wp.o)
    0x080085f2   0x080085f2   0x00000002   PAD
    0x080085f4   0x080085f4   0x000000dc   Code   RO          745    i.floor             m_ws.l(floor.o)
    0x080086d0   0x080086d0   0x000009d8   Code   RO          749    i.pow               m_ws.l(pow.o)
    0x080090a8   0x080090a8   0x0000004c   Code   RO          928    i.sqrt              m_ws.l(sqrt.o)
    0x080090f4   0x080090f4   0x0000002c   Code   RO         1006    locale$$code        c_w.l(lc_ctype_c.o)
    0x08009120   0x08009120   0x0000002c   Code   RO         1009    locale$$code        c_w.l(lc_numeric_c.o)
    0x0800914c   0x0800914c   0x00000150   Code   RO          702    x$fpl$dadd          fz_ws.l(daddsub_clz.o)
    0x0800929c   0x0800929c   0x00000010   Code   RO         1020    x$fpl$dcheck1       fz_ws.l(dcheck1.o)
    0x080092ac   0x080092ac   0x00000018   Code   RO          889    x$fpl$dcmpinf       fz_ws.l(dcmpi.o)
    0x080092c4   0x080092c4   0x000002b0   Code   RO          892    x$fpl$ddiv          fz_ws.l(ddiv.o)
    0x08009574   0x08009574   0x00000078   Code   RO          708    x$fpl$deqf          fz_ws.l(deqf.o)
    0x080095ec   0x080095ec   0x0000005e   Code   RO          710    x$fpl$dfix          fz_ws.l(dfix.o)
    0x0800964a   0x0800964a   0x0000002e   Code   RO          715    x$fpl$dflt          fz_ws.l(dflt_clz.o)
    0x08009678   0x08009678   0x00000078   Code   RO          720    x$fpl$dleqf         fz_ws.l(dleqf.o)
    0x080096f0   0x080096f0   0x00000154   Code   RO          722    x$fpl$dmul          fz_ws.l(dmul.o)
    0x08009844   0x08009844   0x0000009c   Code   RO          895    x$fpl$dnaninf       fz_ws.l(dnaninf.o)
    0x080098e0   0x080098e0   0x0000000c   Code   RO          897    x$fpl$dretinf       fz_ws.l(dretinf.o)
    0x080098ec   0x080098ec   0x0000006c   Code   RO          724    x$fpl$drleqf        fz_ws.l(drleqf.o)
    0x08009958   0x08009958   0x00000016   Code   RO          703    x$fpl$drsb          fz_ws.l(daddsub_clz.o)
    0x0800996e   0x0800996e   0x00000002   PAD
    0x08009970   0x08009970   0x000001cc   Code   RO         1022    x$fpl$dsqrt         fz_ws.l(dsqrt_noumaal.o)
    0x08009b3c   0x08009b3c   0x000001d4   Code   RO          704    x$fpl$dsub          fz_ws.l(daddsub_clz.o)
    0x08009d10   0x08009d10   0x00000056   Code   RO          726    x$fpl$f2d           fz_ws.l(f2d.o)
    0x08009d66   0x08009d66   0x00000018   Code   RO          899    x$fpl$fcmpinf       fz_ws.l(fcmpi.o)
    0x08009d7e   0x08009d7e   0x00000002   PAD
    0x08009d80   0x08009d80   0x00000184   Code   RO          729    x$fpl$fdiv          fz_ws.l(fdiv.o)
    0x08009f04   0x08009f04   0x00000026   Code   RO          732    x$fpl$ffltu         fz_ws.l(fflt_clz.o)
    0x08009f2a   0x08009f2a   0x00000002   PAD
    0x08009f2c   0x08009f2c   0x00000068   Code   RO          738    x$fpl$fleqf         fz_ws.l(fleqf.o)
    0x08009f94   0x08009f94   0x00000102   Code   RO          740    x$fpl$fmul          fz_ws.l(fmul.o)
    0x0800a096   0x0800a096   0x0000008c   Code   RO          901    x$fpl$fnaninf       fz_ws.l(fnaninf.o)
    0x0800a122   0x0800a122   0x0000000a   Code   RO          903    x$fpl$fretinf       fz_ws.l(fretinf.o)
    0x0800a12c   0x0800a12c   0x00000004   Code   RO          742    x$fpl$printf1       fz_ws.l(printf1.o)
    0x0800a130   0x0800a130   0x00000064   Code   RO         1057    x$fpl$retnan        fz_ws.l(retnan.o)
    0x0800a194   0x0800a194   0x0000005c   Code   RO          905    x$fpl$scalbn        fz_ws.l(scalbn.o)
    0x0800a1f0   0x0800a1f0   0x00000030   Code   RO         1087    x$fpl$trapveneer    fz_ws.l(trapv.o)
    0x0800a220   0x0800a220   0x00000000   Code   RO          907    x$fpl$usenofp       fz_ws.l(usenofp.o)
    0x0800a220   0x0800a220   0x00000010   Data   RO            3    .constdata          main.o
    0x0800a230   0x0800a230   0x000017c0   Data   RO          275    .constdata          oled.o
    0x0800b9f0   0x0800b9f0   0x00000007   Data   RO          513    .constdata          cjson.o
    0x0800b9f7   0x0800b9f7   0x00000028   Data   RO          643    .constdata          c_w.l(_printf_hex_int_ll_ptr.o)
    0x0800ba1f   0x0800ba1f   0x00000011   Data   RO          663    .constdata          c_w.l(__printf_flags_ss_wp.o)
    0x0800ba30   0x0800ba30   0x00000088   Data   RO          750    .constdata          m_ws.l(pow.o)
    0x0800bab8   0x0800bab8   0x00000008   Data   RO          812    .constdata          c_w.l(_printf_wctomb.o)
    0x0800bac0   0x0800bac0   0x00000008   Data   RO          926    .constdata          m_ws.l(qnan.o)
    0x0800bac8   0x0800bac8   0x00000094   Data   RO          979    .constdata          c_w.l(bigflt0.o)
    0x0800bb5c   0x0800bb5c   0x00000010   Data   RO            4    .conststring        main.o
    0x0800bb6c   0x0800bb6c   0x00000020   Data   RO         1119    Region$$Table       anon$$obj.o
    0x0800bb8c   0x0800bb8c   0x00000110   Data   RO         1005    locale$$data        c_w.l(lc_ctype_c.o)
    0x0800bc9c   0x0800bc9c   0x0000001c   Data   RO         1008    locale$$data        c_w.l(lc_numeric_c.o)


    Execution Region RW_IRAM1 (Exec base: 0x20000000, Load base: 0x0800bcb8, Size: 0x00002220, Max: 0x00005000, ABSOLUTE, COMPRESSED[0x000001e0])

    Exec Addr    Load Addr    Size         Type   Attr      Idx    E Section Name        Object

    0x20000000   COMPRESSED   0x00000010   Data   RW            5    .data               main.o
    0x20000010   COMPRESSED   0x00000014   Data   RW          195    .data               system_stm32f10x.o
    0x20000024   COMPRESSED   0x00000001   Data   RW          261    .data               key.o
    0x20000025   COMPRESSED   0x00001439   Data   RW          276    .data               oled.o
    0x2000145e   COMPRESSED   0x00000004   Data   RW          300    .data               delay.o
    0x20001462   COMPRESSED   0x00000014   Data   RW          399    .data               stm32f10x_rcc.o
    0x20001476   COMPRESSED   0x00000004   Data   RW          450    .data               esp8266.o
    0x2000147a   COMPRESSED   0x00000002   Data   RW          493    .data               onenet.o
    0x2000147c   COMPRESSED   0x0000000c   Data   RW          514    .data               cjson.o
    0x20001488        -       0x00000100   Zero   RW            2    .bss                main.o
    0x20001588        -       0x000004c0   Zero   RW          274    .bss                oled.o
    0x20001a48        -       0x00000014   Zero   RW          350    .bss                timer.o
    0x20001a5c        -       0x00000080   Zero   RW          449    .bss                esp8266.o
    0x20001adc        -       0x000000e4   Zero   RW          675    .bss                c_w.l(rand.o)
    0x20001bc0        -       0x00000060   Zero   RW          938    .bss                c_w.l(libspace.o)
    0x20001c20        -       0x00000200   Zero   RW          380    HEAP                startup_stm32f10x_hd.o
    0x20001e20        -       0x00000400   Zero   RW          379    STACK               startup_stm32f10x_hd.o


==============================================================================

Image component sizes


      Code (inc. data)   RO Data    RW Data    ZI Data      Debug   Object Name

       632         10          0          0          0       3164   bh1750.o
      6788        208          7         12          0      24104   cjson.o
       212         18          0          4          0        987   delay.o
       440         14          0          0          0       2210   dht11.o
       900        314          0          4        128       3063   esp8266.o
       136         12          0          1          0        756   key.o
        80         10          0          0          0        467   led.o
       756        218         32         16        256     253316   main.o
       220         22          0          0          0       1745   misc.o
      3580         42          0          0          0      15123   mqttkit.o
      2250         76       6080       5177       1216       8772   oled.o
      1802        848          0          2          0       5949   onenet.o
        64         26        304          0       1536        772   startup_stm32f10x_hd.o
       860         38          0          0          0       5677   stm32f10x_gpio.o
        26          0          0          0          0       1154   stm32f10x_it.o
       932         36          0         20          0       8828   stm32f10x_rcc.o
      3610         88          0          0          0      22784   stm32f10x_tim.o
      1032         22          0          0          0       8404   stm32f10x_usart.o
         0          0          0          0          0         32   sys.o
       480         38          0         20          0       1659   system_stm32f10x.o
       496        100          0          0         20       2028   timer.o
       588         28          0          0          0       3207   usart.o

    ----------------------------------------------------------------------
     25892       2168       6455       5256       3156     374201   Object Totals
         0          0         32          0          0          0   (incl. Generated)
         8          0          0          0          0          0   (incl. Padding)

    ----------------------------------------------------------------------

      Code (inc. data)   RO Data    RW Data    ZI Data      Debug   Library Member Name

        44          6          0          0          0         84   __2sprintf.o
        90          0          0          0          0          0   __dczerorl2.o
         8          0          0          0          0         68   __main.o
       392          4         17          0          0         92   __printf_flags_ss_wp.o
        14          0          0          0          0         68   __printf_wp.o
         0          0          0          0          0          0   __rtentry.o
        12          0          0          0          0          0   __rtentry2.o
         6          0          0          0          0          0   __rtentry4.o
        52          8          0          0          0          0   __scatter.o
        28          0          0          0          0          0   __scatter_zi.o
        28          0          0          0          0         68   _chval.o
         6          0          0          0          0          0   _printf_a.o
         6          0          0          0          0          0   _printf_c.o
        44          0          0          0          0        108   _printf_char.o
        48          6          0          0          0         96   _printf_char_common.o
        40          0          0          0          0         68   _printf_charcount.o
         6          0          0          0          0          0   _printf_d.o
       120         16          0          0          0         92   _printf_dec.o
         6          0          0          0          0          0   _printf_e.o
         6          0          0          0          0          0   _printf_f.o
      1054          0          0          0          0        216   _printf_fp_dec.o
       128         16          0          0          0         84   _printf_fp_infnan.o
         6          0          0          0          0          0   _printf_g.o
       148          4         40          0          0        160   _printf_hex_int_ll_ptr.o
         6          0          0          0          0          0   _printf_i.o
       178          0          0          0          0         88   _printf_intcommon.o
        10          0          0          0          0          0   _printf_l.o
         6          0          0          0          0          0   _printf_lc.o
        10          0          0          0          0          0   _printf_ll.o
         6          0          0          0          0          0   _printf_lld.o
         6          0          0          0          0          0   _printf_lli.o
         6          0          0          0          0          0   _printf_llo.o
         6          0          0          0          0          0   _printf_llu.o
         6          0          0          0          0          0   _printf_llx.o
       124         16          0          0          0         92   _printf_longlong_dec.o
         6          0          0          0          0          0   _printf_ls.o
         6          0          0          0          0          0   _printf_n.o
         6          0          0          0          0          0   _printf_o.o
       112         10          0          0          0        124   _printf_oct_int_ll.o
         6          0          0          0          0          0   _printf_p.o
        78          0          0          0          0        108   _printf_pad.o
         0          0          0          0          0          0   _printf_percent.o
         4          0          0          0          0          0   _printf_percent_end.o
         6          0          0          0          0          0   _printf_s.o
        82          0          0          0          0         80   _printf_str.o
        36          0          0          0          0         84   _printf_truncate.o
         6          0          0          0          0          0   _printf_u.o
        44          0          0          0          0        108   _printf_wchar.o
       188          6          8          0          0         92   _printf_wctomb.o
         6          0          0          0          0          0   _printf_x.o
        22          0          0          0          0        100   _rserrno.o
        16          0          0          0          0         68   _snputc.o
        10          0          0          0          0         68   _sputc.o
       158          0          0          0          0         92   _strtoul.o
        64          0          0          0          0         92   _wcrtomb.o
        26          0          0          0          0         80   atoi.o
       228          4        148          0          0         96   bigflt0.o
      1936        128          0          0          0        672   btod.o
        52          4          0          0          0         80   c89vsnprintf.o
        10          0          0          0          0         68   defsig_exit.o
        50          0          0          0          0         88   defsig_general.o
        80         58          0          0          0         76   defsig_rtmem_inner.o
        14          0          0          0          0         80   defsig_rtmem_outer.o
        18          0          0          0          0         80   exit.o
        94          0          0          0          0         80   h1_alloc.o
        52          0          0          0          0         68   h1_extend.o
        78          0          0          0          0         80   h1_free.o
        14          0          0          0          0         84   h1_init.o
         6          0          0          0          0        152   heapauxi.o
         4          0          0          0          0        136   hguard.o
         0          0          0          0          0          0   indicate_semi.o
       138          0          0          0          0        168   init_alloc.o
        44         10        272          0          0         76   lc_ctype_c.o
        44         10         28          0          0         76   lc_numeric_c.o
         2          0          0          0          0          0   libinit.o
        42          0          0          0          0          0   libinit2.o
         2          0          0          0          0          0   libshutdown.o
         2          0          0          0          0          0   libshutdown2.o
         8          4          0          0         96         68   libspace.o
       138          0          0          0          0         80   lludiv10.o
         0          0          0          0          0          0   maybetermalloc1.o
       112         18          0          0        228        160   rand.o
        16          4          0          0          0         76   rt_ctype_table.o
         8          4          0          0          0         68   rt_errno_addr_intlibspace.o
         8          4          0          0          0         68   rt_heap_descriptor_intlibspace.o
         8          4          0          0          0         68   rt_locale_intlibspace.o
        68          0          0          0          0         68   rt_memclr.o
        78          0          0          0          0         80   rt_memclr_w.o
       138          0          0          0          0         68   rt_memcpy_v6.o
       100          0          0          0          0         80   rt_memcpy_w.o
         2          0          0          0          0          0   rtexit.o
        10          0          0          0          0          0   rtexit2.o
        20          0          0          0          0         68   strchr.o
       128          0          0          0          0         68   strcmpv7m.o
        72          0          0          0          0         80   strcpy.o
        62          0          0          0          0         76   strlen.o
        36          0          0          0          0         76   strncat.o
       150          0          0          0          0         80   strncmp.o
        36          0          0          0          0         80   strstr.o
       112          0          0          0          0         88   strtol.o
        12          4          0          0          0         68   sys_exit.o
        74          0          0          0          0         80   sys_stackheap_outer.o
        14          0          0          0          0         76   sys_wrch.o
        26          0          0          0          0         76   tolower.o
         2          0          0          0          0         68   use_no_semi.o
       826         16          0          0          0        348   daddsub_clz.o
        16          4          0          0          0         68   dcheck1.o
        24          0          0          0          0         68   dcmpi.o
       688        140          0          0          0        208   ddiv.o
       120          4          0          0          0         92   deqf.o
        94          4          0          0          0         92   dfix.o
        46          0          0          0          0         68   dflt_clz.o
       120          4          0          0          0         92   dleqf.o
       340         12          0          0          0        104   dmul.o
       156          4          0          0          0         92   dnaninf.o
        12          0          0          0          0         68   dretinf.o
       108          0          0          0          0         80   drleqf.o
       460         56          0          0          0        120   dsqrt_noumaal.o
        86          4          0          0          0         84   f2d.o
        24          0          0          0          0         68   fcmpi.o
       388         76          0          0          0         96   fdiv.o
        38          0          0          0          0         68   fflt_clz.o
       104          4          0          0          0         84   fleqf.o
       258          4          0          0          0         84   fmul.o
       140          4          0          0          0         84   fnaninf.o
        10          0          0          0          0         68   fretinf.o
         4          0          0          0          0         68   printf1.o
       100          0          0          0          0         68   retnan.o
        92          0          0          0          0         68   scalbn.o
        48          0          0          0          0         68   trapv.o
         0          0          0          0          0          0   usenofp.o
        62         10          0          0          0        340   dunder.o
       220         16          0          0          0         84   floor.o
        40          0          0          0          0         68   fpclassify.o
       170          0          0          0          0         96   poly.o
      2520        190        136          0          0        324   pow.o
         0          0          8          0          0          0   qnan.o
        76          0          0          0          0         84   sqrt.o

    ----------------------------------------------------------------------
     15308        900        657          0        324       9912   Library Totals
        32          0          0          0          0          0   (incl. Padding)

    ----------------------------------------------------------------------

      Code (inc. data)   RO Data    RW Data    ZI Data      Debug   Library Name

      7886        348        513          0        324       6508   c_w.l
      4302        336          0          0          0       2408   fz_ws.l
      3088        216        144          0          0        996   m_ws.l

    ----------------------------------------------------------------------
     15308        900        657          0        324       9912   Library Totals

    ----------------------------------------------------------------------

==============================================================================


      Code (inc. data)   RO Data    RW Data    ZI Data      Debug   

     41200       3068       7112       5256       3480     376829   Grand Totals
     41200       3068       7112        480       3480     376829   ELF Image Totals (compressed)
     41200       3068       7112        480          0          0   ROM Totals

==============================================================================

    Total RO  Size (Code + RO Data)                48312 (  47.18kB)
    Total RW  Size (RW Data + ZI Data)              8736 (   8.53kB)
    Total ROM Size (Code + RO Data + RW Data)      48792 (  47.65kB)

==============================================================================

