Component: ARM Compiler 5.06 update 6 (build 750) Tool: armlink [4d35ed]

==============================================================================

Section Cross References

    main.o(.text) refers to _printf_percent.o(.ARM.Collect$$_printf_percent$$00000000) for _printf_percent
    main.o(.text) refers to _printf_d.o(.ARM.Collect$$_printf_percent$$00000009) for _printf_d
    main.o(.text) refers to _printf_f.o(.ARM.Collect$$_printf_percent$$00000003) for _printf_f
    main.o(.text) refers to _printf_dec.o(.text) for _printf_int_dec
    main.o(.text) refers to printf1.o(x$fpl$printf1) for _printf_fp_dec
    main.o(.text) refers to dht11.o(.text) for DHT11_Read_Data
    main.o(.text) refers to usart.o(.text) for UsartPrintf
    main.o(.text) refers to bh1750.o(.text) for i2c_CheckDevice
    main.o(.text) refers to f2d.o(x$fpl$f2d) for __aeabi_f2d
    main.o(.text) refers to fleqf.o(x$fpl$fleqf) for __aeabi_cfcmple
    main.o(.text) refers to stm32f10x_gpio.o(.text) for GPIO_ReadInputDataBit
    main.o(.text) refers to __2sprintf.o(.text) for __2sprintf
    main.o(.text) refers to onenet.o(.text) for OneNet_Publish
    main.o(.text) refers to esp8266.o(.text) for ESP8266_Clear
    main.o(.text) refers to delay.o(.text) for delay_ms
    main.o(.text) refers to key.o(.text) for KEY_Scan
    main.o(.text) refers to led.o(.text) for LED_Init
    main.o(.text) refers to beep.o(.text) for BEEP_Init
    main.o(.text) refers to oled.o(.text) for OLED_Init
    main.o(.text) refers to timer.o(.text) for TIM2_Int_Init
    main.o(.text) refers to main.o(.data) for timeflag2s
    main.o(.text) refers to main.o(.bss) for Pub_Buf
    main.o(.text) refers to main.o(.constdata) for topic_Pub
    main.o(.data) refers to main.o(.conststring) for .conststring
    system_stm32f10x.o(.text) refers to system_stm32f10x.o(.data) for SystemCoreClock
    led.o(.text) refers to stm32f10x_rcc.o(.text) for RCC_APB2PeriphClockCmd
    led.o(.text) refers to stm32f10x_gpio.o(.text) for GPIO_Init
    beep.o(.text) refers to stm32f10x_rcc.o(.text) for RCC_APB2PeriphClockCmd
    beep.o(.text) refers to stm32f10x_gpio.o(.text) for GPIO_Init
    bh1750.o(.text) refers to stm32f10x_rcc.o(.text) for RCC_APB2PeriphClockCmd
    bh1750.o(.text) refers to stm32f10x_gpio.o(.text) for GPIO_Init
    bh1750.o(.text) refers to fflt_clz.o(x$fpl$ffltu) for __aeabi_ui2f
    bh1750.o(.text) refers to fdiv.o(x$fpl$fdiv) for __aeabi_fdiv
    bh1750.o(.text) refers to fmul.o(x$fpl$fmul) for __aeabi_fmul
    dht11.o(.text) refers to delay.o(.text) for delay_ms
    dht11.o(.text) refers to stm32f10x_rcc.o(.text) for RCC_APB2PeriphClockCmd
    dht11.o(.text) refers to stm32f10x_gpio.o(.text) for GPIO_Init
    key.o(.text) refers to stm32f10x_rcc.o(.text) for RCC_APB2PeriphClockCmd
    key.o(.text) refers to stm32f10x_gpio.o(.text) for GPIO_Init
    key.o(.text) refers to delay.o(.text) for delay_ms
    key.o(.text) refers to key.o(.data) for key_up
    oled.o(.text) refers to stm32f10x_gpio.o(.text) for GPIO_SetBits
    oled.o(.text) refers to oled.o(.bss) for OLED_GRAM
    oled.o(.text) refers to strcpy.o(.text) for strcpy
    oled.o(.text) refers to rand.o(.emb_text) for rand
    oled.o(.text) refers to delay.o(.text) for delay_ms
    oled.o(.text) refers to stm32f10x_rcc.o(.text) for RCC_APB2PeriphClockCmd
    oled.o(.text) refers to oled.o(.constdata) for asc2_1206
    oled.o(.text) refers to oled.o(.data) for line
    delay.o(.text) refers to misc.o(.text) for SysTick_CLKSourceConfig
    delay.o(.text) refers to system_stm32f10x.o(.data) for SystemCoreClock
    delay.o(.text) refers to delay.o(.data) for fac_us
    usart.o(.text) refers to stm32f10x_rcc.o(.text) for RCC_APB2PeriphClockCmd
    usart.o(.text) refers to stm32f10x_gpio.o(.text) for GPIO_Init
    usart.o(.text) refers to stm32f10x_usart.o(.text) for USART_Init
    usart.o(.text) refers to misc.o(.text) for NVIC_Init
    usart.o(.text) refers to c89vsnprintf.o(.text) for __c89vsnprintf
    usart.o(.text) refers to main.o(.data) for Uart3_Buffer
    timer.o(.text) refers to _printf_percent.o(.ARM.Collect$$_printf_percent$$00000000) for _printf_percent
    timer.o(.text) refers to _printf_d.o(.ARM.Collect$$_printf_percent$$00000009) for _printf_d
    timer.o(.text) refers to _printf_dec.o(.text) for _printf_int_dec
    timer.o(.text) refers to _printf_f.o(.ARM.Collect$$_printf_percent$$00000003) for _printf_f
    timer.o(.text) refers to printf1.o(x$fpl$printf1) for _printf_fp_dec
    timer.o(.text) refers to stm32f10x_rcc.o(.text) for RCC_APB1PeriphClockCmd
    timer.o(.text) refers to stm32f10x_tim.o(.text) for TIM_TimeBaseInit
    timer.o(.text) refers to misc.o(.text) for NVIC_Init
    timer.o(.text) refers to __2sprintf.o(.text) for __2sprintf
    timer.o(.text) refers to oled.o(.text) for OLED_ShowString
    timer.o(.text) refers to f2d.o(x$fpl$f2d) for __aeabi_f2d
    timer.o(.text) refers to main.o(.data) for alarmFlag
    timer.o(.text) refers to timer.o(.bss) for oledBuf
[...]
    delay_ms                                 0x0800170f   Thumb Code    72  delay.o(.text)
    Usart1_Init                              0x08001769   Thumb Code   164  usart.o(.text)
    Usart2_Init                              0x0800180d   Thumb Code   162  usart.o(.text)
    Usart3_Init                              0x080018af   Thumb Code   162  usart.o(.text)
    Usart_SendString                         0x08001951   Thumb Code    50  usart.o(.text)
    UsartPrintf                              0x08001983   Thumb Code    72  usart.o(.text)
    DEBUG_LOG                                0x080019cb   Thumb Code    86  usart.o(.text)
    USART1_IRQHandler                        0x08001a21   Thumb Code    24  usart.o(.text)
    USART3_IRQHandler                        0x08001a39   Thumb Code    50  usart.o(.text)
    TIM3_Int_Init                            0x08001a99   Thumb Code    90  timer.o(.text)
    TIM3_IRQHandler                          0x08001af3   Thumb Code   146  timer.o(.text)
    TIM2_Int_Init                            0x08001b85   Thumb Code    92  timer.o(.text)
    TIM2_IRQHandler                          0x08001be1   Thumb Code   198  timer.o(.text)
    Reset_Handler                            0x08001d25   Thumb Code     8  startup_stm32f10x_hd.o(.text)
    ADC1_2_IRQHandler                        0x08001d3f   Thumb Code     0  startup_stm32f10x_hd.o(.text)
    ADC3_IRQHandler                          0x08001d3f   Thumb Code     0  startup_stm32f10x_hd.o(.text)
    CAN1_RX1_IRQHandler                      0x08001d3f   Thumb Code     0  startup_stm32f10x_hd.o(.text)
    CAN1_SCE_IRQHandler                      0x08001d3f   Thumb Code     0  startup_stm32f10x_hd.o(.text)
    DMA1_Channel1_IRQHandler                 0x08001d3f   Thumb Code     0  startup_stm32f10x_hd.o(.text)
    DMA1_Channel2_IRQHandler                 0x08001d3f   Thumb Code     0  startup_stm32f10x_hd.o(.text)
    DMA1_Channel3_IRQHandler                 0x08001d3f   Thumb Code     0  startup_stm32f10x_hd.o(.text)
    DMA1_Channel4_IRQHandler                 0x08001d3f   Thumb Code     0  startup_stm32f10x_hd.o(.text)
    DMA1_Channel5_IRQHandler                 0x08001d3f   Thumb Code     0  startup_stm32f10x_hd.o(.text)
    DMA1_Channel6_IRQHandler                 0x08001d3f   Thumb Code     0  startup_stm32f10x_hd.o(.text)
    DMA1_Channel7_IRQHandler                 0x08001d3f   Thumb Code     0  startup_stm32f10x_hd.o(.text)
    DMA2_Channel1_IRQHandler                 0x08001d3f   Thumb Code     0  startup_stm32f10x_hd.o(.text)
    DMA2_Channel2_IRQHandler                 0x08001d3f   Thumb Code     0  startup_stm32f10x_hd.o(.text)
    DMA2_Channel3_IRQHandler                 0x08001d3f   Thumb Code     0  startup_stm32f10x_hd.o(.text)
    DMA2_Channel4_5_IRQHandler               0x08001d3f   Thumb Code     0  startup_stm32f10x_hd.o(.text)
    EXTI0_IRQHandler                         0x08001d3f   Thumb Code     0  startup_stm32f10x_hd.o(.text)
    EXTI15_10_IRQHandler                     0x08001d3f   Thumb Code     0  startup_stm32f10x_hd.o(.text)
    EXTI1_IRQHandler                         0x08001d3f   Thumb Code     0  startup_stm32f10x_hd.o(.text)
    EXTI2_IRQHandler                         0x08001d3f   Thumb Code     0  startup_stm32f10x_hd.o(.text)
    EXTI3_IRQHandler                         0x08001d3f   Thumb Code     0  startup_stm32f10x_hd.o(.text)
    EXTI4_IRQHandler                         0x08001d3f   Thumb Code     0  startup_stm32f10x_hd.o(.text)
    EXTI9_5_IRQHandler                       0x08001d3f   Thumb Code     0  startup_stm32f10x_hd.o(.text)
    FLASH_IRQHandler                         0x08001d3f   Thumb Code     0  startup_stm32f10x_hd.o(.text)
    FSMC_IRQHandler                          0x08001d3f   Thumb Code     0  startup_stm32f10x_hd.o(.text)
    I2C1_ER_IRQHandler                       0x08001d3f   Thumb Code     0  startup_stm32f10x_hd.o(.text)
    I2C1_EV_IRQHandler                       0x08001d3f   Thumb Code     0  startup_stm32f10x_hd.o(.text)
    I2C2_ER_IRQHandler                       0x08001d3f   Thumb Code     0  startup_stm32f10x_hd.o(.text)
    I2C2_EV_IRQHandler                       0x08001d3f   Thumb Code     0  startup_stm32f10x_hd.o(.text)
    PVD_IRQHandler                           0x08001d3f   Thumb Code     0  startup_stm32f10x_hd.o(.text)
    RCC_IRQHandler                           0x08001d3f   Thumb Code     0  startup_stm32f10x_hd.o(.text)
    RTCAlarm_IRQHandler                      0x08001d3f   Thumb Code     0  startup_stm32f10x_hd.o(.text)
    RTC_IRQHandler                           0x08001d3f   Thumb Code     0  startup_stm32f10x_hd.o(.text)
    SDIO_IRQHandler                          0x08001d3f   Thumb Code     0  startup_stm32f10x_hd.o(.text)
    SPI1_IRQHandler                          0x08001d3f   Thumb Code     0  startup_stm32f10x_hd.o(.text)
    SPI2_IRQHandler                          0x08001d3f   Thumb Code     0  startup_stm32f10x_hd.o(.text)
    SPI3_IRQHandler                          0x08001d3f   Thumb Code     0  startup_stm32f10x_hd.o(.text)
    TAMPER_IRQHandler                        0x08001d3f   Thumb Code     0  startup_stm32f10x_hd.o(.text)
    TIM1_BRK_IRQHandler                      0x08001d3f   Thumb Code     0  startup_stm32f10x_hd.o(.text)
    TIM1_CC_IRQHandler                       0x08001d3f   Thumb Code     0  startup_stm32f10x_hd.o(.text)
    TIM1_TRG_COM_IRQHandler                  0x08001d3f   Thumb Code     0  startup_stm32f10x_hd.o(.text)
    TIM1_UP_IRQHandler                       0x08001d3f   Thumb Code     0  startup_stm32f10x_hd.o(.text)
    TIM4_IRQHandler                          0x08001d3f   Thumb Code     0  startup_stm32f10x_hd.o(.text)
    TIM5_IRQHandler                          0x08001d3f   Thumb Code     0  startup_stm32f10x_hd.o(.text)
    TIM6_IRQHandler                          0x08001d3f   Thumb Code     0  startup_stm32f10x_hd.o(.text)
    TIM7_IRQHandler                          0x08001d3f   Thumb Code     0  startup_stm32f10x_hd.o(.text)
    TIM8_BRK_IRQHandler                      0x08001d3f   Thumb Code     0  startup_stm32f10x_hd.o(.text)
    TIM8_CC_IRQHandler                       0x08001d3f   Thumb Code     0  startup_stm32f10x_hd.o(.text)
    TIM8_TRG_COM_IRQHandler                  0x08001d3f   Thumb Code     0  startup_stm32f10x_hd.o(.text)
    TIM8_UP_IRQHandler                       0x08001d3f   Thumb Code     0  startup_stm32f10x_hd.o(.text)
    UART4_IRQHandler                         0x08001d3f   Thumb Code     0  startup_stm32f10x_hd.o(.text)
    UART5_IRQHandler                         0x08001d3f   Thumb Code     0  startup_stm32f10x_hd.o(.text)
    USBWakeUp_IRQHandler                     0x08001d3f   Thumb Code     0  startup_stm32f10x_hd.o(.text)
    USB_HP_CAN1_TX_IRQHandler                0x08001d3f   Thumb Code     0  startup_stm32f10x_hd.o(.text)
    USB_LP_CAN1_RX0_IRQHandler               0x08001d3f   Thumb Code     0  startup_stm32f10x_hd.o(.text)
    WWDG_IRQHandler                          0x08001d3f   Thumb Code     0  startup_stm32f10x_hd.o(.text)
    __user_initial_stackheap                 0x08001d41   Thumb Code     0  startup_stm32f10x_hd.o(.text)
    GPIO_DeInit                              0x08001d65   Thumb Code   172  stm32f10x_gpio.o(.text)
    GPIO_AFIODeInit                          0x08001e11   Thumb Code    20  stm32f10x_gpio.o(.text)
    GPIO_Init                                0x08001e25   Thumb Code   278  stm32f10x_gpio.o(.text)
    GPIO_StructInit                          0x08001f3b   Thumb Code    16  stm32f10x_gpio.o(.text)
    GPIO_ReadInputDataBit                    0x08001f4b   Thumb Code    18  stm32f10x_gpio.o(.text)
    GPIO_ReadInputData                       0x08001f5d   Thumb Code     8  stm32f10x_gpio.o(.text)
    GPIO_ReadOutputDataBit                   0x08001f65   Thumb Code    18  stm32f10x_gpio.o(.text)
    GPIO_ReadOutputData                      0x08001f77   Thumb Code     8  stm32f10x_gpio.o(.text)
    GPIO_SetBits                             0x08001f7f   Thumb Code     4  stm32f10x_gpio.o(.text)
    GPIO_ResetBits                           0x08001f83   Thumb Code     4  stm32f10x_gpio.o(.text)
    GPIO_WriteBit                            0x08001f87   Thumb Code    10  stm32f10x_gpio.o(.text)
    GPIO_Write                               0x08001f91   Thumb Code     4  stm32f10x_gpio.o(.text)
    GPIO_PinLockConfig                       0x08001f95   Thumb Code    18  stm32f10x_gpio.o(.text)
    GPIO_EventOutputConfig                   0x08001fa7   Thumb Code    26  stm32f10x_gpio.o(.text)
    GPIO_EventOutputCmd                      0x08001fc1   Thumb Code     6  stm32f10x_gpio.o(.text)
    GPIO_PinRemapConfig                      0x08001fc7   Thumb Code   138  stm32f10x_gpio.o(.text)
    GPIO_EXTILineConfig                      0x08002051   Thumb Code    66  stm32f10x_gpio.o(.text)
    GPIO_ETH_MediaInterfaceConfig            0x08002093   Thumb Code     8  stm32f10x_gpio.o(.text)
    RCC_DeInit                               0x080020c1   Thumb Code    64  stm32f10x_rcc.o(.text)
    RCC_HSEConfig                            0x08002101   Thumb Code    70  stm32f10x_rcc.o(.text)
    RCC_GetFlagStatus                        0x08002147   Thumb Code    56  stm32f10x_rcc.o(.text)
    RCC_WaitForHSEStartUp                    0x0800217f   Thumb Code    56  stm32f10x_rcc.o(.text)
    RCC_AdjustHSICalibrationValue            0x080021b7   Thumb Code    20  stm32f10x_rcc.o(.text)
    RCC_HSICmd                               0x080021cb   Thumb Code     6  stm32f10x_rcc.o(.text)
    RCC_PLLConfig                            0x080021d1   Thumb Code    24  stm32f10x_rcc.o(.text)
    RCC_PLLCmd                               0x080021e9   Thumb Code     6  stm32f10x_rcc.o(.text)
    RCC_SYSCLKConfig                         0x080021ef   Thumb Code    18  stm32f10x_rcc.o(.text)
    RCC_GetSYSCLKSource                      0x08002201   Thumb Code    10  stm32f10x_rcc.o(.text)
    RCC_HCLKConfig                           0x0800220b   Thumb Code    18  stm32f10x_rcc.o(.text)
    RCC_PCLK1Config                          0x0800221d   Thumb Code    18  stm32f10x_rcc.o(.text)
    RCC_PCLK2Config                          0x0800222f   Thumb Code    20  stm32f10x_rcc.o(.text)
    RCC_ITConfig                             0x08002243   Thumb Code    26  stm32f10x_rcc.o(.text)
    RCC_USBCLKConfig                         0x0800225d   Thumb Code     8  stm32f10x_rcc.o(.text)
    RCC_ADCCLKConfig                         0x08002265   Thumb Code    18  stm32f10x_rcc.o(.text)
    RCC_LSEConfig                            0x08002277   Thumb Code    50  stm32f10x_rcc.o(.text)
    RCC_LSICmd                               0x080022a9   Thumb Code     6  stm32f10x_rcc.o(.text)
    RCC_RTCCLKConfig                         0x080022af   Thumb Code    12  stm32f10x_rcc.o(.text)
    RCC_RTCCLKCmd                            0x080022bb   Thumb Code     8  stm32f10x_rcc.o(.text)
    RCC_GetClocksFreq                        0x080022c3   Thumb Code   192  stm32f10x_rcc.o(.text)
    RCC_AHBPeriphClockCmd                    0x08002383   Thumb Code    26  stm32f10x_rcc.o(.text)
    RCC_APB2PeriphClockCmd                   0x0800239d   Thumb Code    26  stm32f10x_rcc.o(.text)
    RCC_APB1PeriphClockCmd                   0x080023b7   Thumb Code    26  stm32f10x_rcc.o(.text)
    RCC_APB2PeriphResetCmd                   0x080023d1   Thumb Code    26  stm32f10x_rcc.o(.text)
    RCC_APB1PeriphResetCmd                   0x080023eb   Thumb Code    26  stm32f10x_rcc.o(.text)
    RCC_BackupResetCmd                       0x08002405   Thumb Code     8  stm32f10x_rcc.o(.text)
    RCC_ClockSecuritySystemCmd               0x0800240d   Thumb Code     6  stm32f10x_rcc.o(.text)
    RCC_MCOConfig                            0x08002413   Thumb Code     6  stm32f10x_rcc.o(.text)
    RCC_ClearFlag                            0x08002419   Thumb Code    14  stm32f10x_rcc.o(.text)
    RCC_GetITStatus                          0x08002427   Thumb Code    20  stm32f10x_rcc.o(.text)
    RCC_ClearITPendingBit                    0x0800243b   Thumb Code     6  stm32f10x_rcc.o(.text)
    USART_DeInit                             0x08002465   Thumb Code   134  stm32f10x_usart.o(.text)
    USART_Init                               0x080024eb   Thumb Code   210  stm32f10x_usart.o(.text)
    USART_StructInit                         0x080025bd   Thumb Code    24  stm32f10x_usart.o(.text)
    USART_ClockInit                          0x080025d5   Thumb Code    34  stm32f10x_usart.o(.text)
    USART_ClockStructInit                    0x080025f7   Thumb Code    12  stm32f10x_usart.o(.text)
    USART_Cmd                                0x08002603   Thumb Code    24  stm32f10x_usart.o(.text)
    USART_ITConfig                           0x0800261b   Thumb Code    74  stm32f10x_usart.o(.text)
    USART_DMACmd                             0x08002665   Thumb Code    18  stm32f10x_usart.o(.text)
    USART_SetAddress                         0x08002677   Thumb Code    18  stm32f10x_usart.o(.text)
    USART_WakeUpConfig                       0x08002689   Thumb Code    18  stm32f10x_usart.o(.text)
    USART_ReceiverWakeUpCmd                  0x0800269b   Thumb Code    24  stm32f10x_usart.o(.text)
    USART_LINBreakDetectLengthConfig         0x080026b3   Thumb Code    18  stm32f10x_usart.o(.text)
    USART_LINCmd                             0x080026c5   Thumb Code    24  stm32f10x_usart.o(.text)
    USART_SendData                           0x080026dd   Thumb Code     8  stm32f10x_usart.o(.text)
    USART_ReceiveData                        0x080026e5   Thumb Code    10  stm32f10x_usart.o(.text)
    USART_SendBreak                          0x080026ef   Thumb Code    10  stm32f10x_usart.o(.text)
    USART_SetGuardTime                       0x080026f9   Thumb Code    16  stm32f10x_usart.o(.text)
    USART_SetPrescaler                       0x08002709   Thumb Code    16  stm32f10x_usart.o(.text)
    USART_SmartCardCmd                       0x08002719   Thumb Code    24  stm32f10x_usart.o(.text)
    USART_SmartCardNACKCmd                   0x08002731   Thumb Code    24  stm32f10x_usart.o(.text)
    USART_HalfDuplexCmd                      0x08002749   Thumb Code    24  stm32f10x_usart.o(.text)
    USART_OverSampling8Cmd                   0x08002761   Thumb Code    22  stm32f10x_usart.o(.text)
    USART_OneBitMethodCmd                    0x08002777   Thumb Code    24  stm32f10x_usart.o(.text)
    USART_IrDAConfig                         0x0800278f   Thumb Code    18  stm32f10x_usart.o(.text)
    USART_IrDACmd                            0x080027a1   Thumb Code    24  stm32f10x_usart.o(.text)
    USART_GetFlagStatus                      0x080027b9   Thumb Code    26  stm32f10x_usart.o(.text)
    USART_ClearFlag                          0x080027d3   Thumb Code    18  stm32f10x_usart.o(.text)
    USART_GetITStatus                        0x080027e5   Thumb Code    84  stm32f10x_usart.o(.text)
    USART_ClearITPendingBit                  0x08002839   Thumb Code    52  stm32f10x_usart.o(.text)
    NVIC_PriorityGroupConfig                 0x0800286d   Thumb Code    10  misc.o(.text)
    NVIC_Init                                0x08002877   Thumb Code   100  misc.o(.text)
    NVIC_SetVectorTable                      0x080028db   Thumb Code    14  misc.o(.text)
    NVIC_SystemLPConfig                      0x080028e9   Thumb Code    34  misc.o(.text)
    SysTick_CLKSourceConfig                  0x0800290b   Thumb Code    40  misc.o(.text)
    TIM_DeInit                               0x08002949   Thumb Code   424  stm32f10x_tim.o(.text)
    TIM_TimeBaseInit                         0x08002af1   Thumb Code   122  stm32f10x_tim.o(.text)
    TIM_OC1Init                              0x08002b6b   Thumb Code   132  stm32f10x_tim.o(.text)
    TIM_OC2Init                              0x08002bef   Thumb Code   154  stm32f10x_tim.o(.text)
    TIM_OC3Init                              0x08002c89   Thumb Code   150  stm32f10x_tim.o(.text)
    TIM_OC4Init                              0x08002d1f   Thumb Code   182  stm32f10x_tim.o(.text)
    TIM_SetIC4Prescaler                      0x08002dd5   Thumb Code    26  stm32f10x_tim.o(.text)
    TIM_SetIC3Prescaler                      0x08002e71   Thumb Code    18  stm32f10x_tim.o(.text)
    TIM_SetIC2Prescaler                      0x08002efd   Thumb Code    26  stm32f10x_tim.o(.text)
    TIM_SetIC1Prescaler                      0x08002f99   Thumb Code    18  stm32f10x_tim.o(.text)
    TIM_ICInit                               0x08003017   Thumb Code   150  stm32f10x_tim.o(.text)
    TIM_PWMIConfig                           0x080030ad   Thumb Code   124  stm32f10x_tim.o(.text)
    TIM_BDTRConfig                           0x08003129   Thumb Code    32  stm32f10x_tim.o(.text)
    TIM_TimeBaseStructInit                   0x08003149   Thumb Code    18  stm32f10x_tim.o(.text)
    TIM_OCStructInit                         0x0800315b   Thumb Code    20  stm32f10x_tim.o(.text)
    TIM_ICStructInit                         0x0800316f   Thumb Code    18  stm32f10x_tim.o(.text)
    TIM_BDTRStructInit                       0x08003181   Thumb Code    40  stm32f10x_tim.o(.text)
    TIM_Cmd                                  0x080031a9   Thumb Code    24  stm32f10x_tim.o(.text)
    TIM_CtrlPWMOutputs                       0x080031c1   Thumb Code    30  stm32f10x_tim.o(.text)
    TIM_ITConfig                             0x080031df   Thumb Code    18  stm32f10x_tim.o(.text)
    TIM_GenerateEvent                        0x080031f1   Thumb Code     4  stm32f10x_tim.o(.text)
    TIM_DMAConfig                            0x080031f5   Thumb Code    10  stm32f10x_tim.o(.text)
    TIM_DMACmd                               0x080031ff   Thumb Code    18  stm32f10x_tim.o(.text)
    TIM_InternalClockConfig                  0x08003211   Thumb Code    12  stm32f10x_tim.o(.text)
    TIM_SelectInputTrigger                   0x0800321d   Thumb Code    18  stm32f10x_tim.o(.text)
    TIM_ITRxExternalClockConfig              0x0800322f   Thumb Code    24  stm32f10x_tim.o(.text)
    TIM_TIxExternalClockConfig               0x08003247   Thumb Code    62  stm32f10x_tim.o(.text)
    TIM_ETRConfig                            0x08003285   Thumb Code    28  stm32f10x_tim.o(.text)
    TIM_ETRClockMode1Config                  0x080032a1   Thumb Code    54  stm32f10x_tim.o(.text)
    TIM_ETRClockMode2Config                  0x080032d7   Thumb Code    32  stm32f10x_tim.o(.text)
    TIM_PrescalerConfig                      0x080032f7   Thumb Code     6  stm32f10x_tim.o(.text)
    TIM_CounterModeConfig                    0x080032fd   Thumb Code    18  stm32f10x_tim.o(.text)
    TIM_EncoderInterfaceConfig               0x0800330f   Thumb Code    66  stm32f10x_tim.o(.text)
    TIM_ForcedOC1Config                      0x08003351   Thumb Code    18  stm32f10x_tim.o(.text)
    TIM_ForcedOC2Config                      0x08003363   Thumb Code    26  stm32f10x_tim.o(.text)
    TIM_ForcedOC3Config                      0x0800337d   Thumb Code    18  stm32f10x_tim.o(.text)
    TIM_ForcedOC4Config                      0x0800338f   Thumb Code    26  stm32f10x_tim.o(.text)
    TIM_ARRPreloadConfig                     0x080033a9   Thumb Code    24  stm32f10x_tim.o(.text)
    TIM_SelectCOM                            0x080033c1   Thumb Code    24  stm32f10x_tim.o(.text)
    TIM_SelectCCDMA                          0x080033d9   Thumb Code    24  stm32f10x_tim.o(.text)
    TIM_CCPreloadControl                     0x080033f1   Thumb Code    24  stm32f10x_tim.o(.text)
    TIM_OC1PreloadConfig                     0x08003409   Thumb Code    18  stm32f10x_tim.o(.text)
    TIM_OC2PreloadConfig                     0x0800341b   Thumb Code    26  stm32f10x_tim.o(.text)
    TIM_OC3PreloadConfig                     0x08003435   Thumb Code    18  stm32f10x_tim.o(.text)
    TIM_OC4PreloadConfig                     0x08003447   Thumb Code    26  stm32f10x_tim.o(.text)
    TIM_OC1FastConfig                        0x08003461   Thumb Code    18  stm32f10x_tim.o(.text)
    TIM_OC2FastConfig                        0x08003473   Thumb Code    26  stm32f10x_tim.o(.text)
    TIM_OC3FastConfig                        0x0800348d   Thumb Code    18  stm32f10x_tim.o(.text)
    TIM_OC4FastConfig                        0x0800349f   Thumb Code    26  stm32f10x_tim.o(.text)
    TIM_ClearOC1Ref                          0x080034b9   Thumb Code    18  stm32f10x_tim.o(.text)
    TIM_ClearOC2Ref                          0x080034cb   Thumb Code    24  stm32f10x_tim.o(.text)
    TIM_ClearOC3Ref                          0x080034e3   Thumb Code    18  stm32f10x_tim.o(.text)
    TIM_ClearOC4Ref                          0x080034f5   Thumb Code    24  stm32f10x_tim.o(.text)
    TIM_OC1PolarityConfig                    0x0800350d   Thumb Code    18  stm32f10x_tim.o(.text)
    TIM_OC1NPolarityConfig                   0x0800351f   Thumb Code    18  stm32f10x_tim.o(.text)
    TIM_OC2PolarityConfig                    0x08003531   Thumb Code    26  stm32f10x_tim.o(.text)
    TIM_OC2NPolarityConfig                   0x0800354b   Thumb Code    26  stm32f10x_tim.o(.text)
    TIM_OC3PolarityConfig                    0x08003565   Thumb Code    26  stm32f10x_tim.o(.text)
    TIM_OC3NPolarityConfig                   0x0800357f   Thumb Code    26  stm32f10x_tim.o(.text)
    TIM_OC4PolarityConfig                    0x08003599   Thumb Code    26  stm32f10x_tim.o(.text)
    TIM_CCxCmd                               0x080035b3   Thumb Code    30  stm32f10x_tim.o(.text)
    TIM_CCxNCmd                              0x080035d1   Thumb Code    30  stm32f10x_tim.o(.text)
    TIM_SelectOCxM                           0x080035ef   Thumb Code    82  stm32f10x_tim.o(.text)
    TIM_UpdateDisableConfig                  0x08003641   Thumb Code    24  stm32f10x_tim.o(.text)
    TIM_UpdateRequestConfig                  0x08003659   Thumb Code    24  stm32f10x_tim.o(.text)
    TIM_SelectHallSensor                     0x08003671   Thumb Code    24  stm32f10x_tim.o(.text)
    TIM_SelectOnePulseMode                   0x08003689   Thumb Code    18  stm32f10x_tim.o(.text)
    TIM_SelectOutputTrigger                  0x0800369b   Thumb Code    18  stm32f10x_tim.o(.text)
    TIM_SelectSlaveMode                      0x080036ad   Thumb Code    18  stm32f10x_tim.o(.text)
    TIM_SelectMasterSlaveMode                0x080036bf   Thumb Code    18  stm32f10x_tim.o(.text)
    TIM_SetCounter                           0x080036d1   Thumb Code     4  stm32f10x_tim.o(.text)
    TIM_SetAutoreload                        0x080036d5   Thumb Code     4  stm32f10x_tim.o(.text)
    TIM_SetCompare1                          0x080036d9   Thumb Code     4  stm32f10x_tim.o(.text)
    TIM_SetCompare2                          0x080036dd   Thumb Code     4  stm32f10x_tim.o(.text)
    TIM_SetCompare3                          0x080036e1   Thumb Code     4  stm32f10x_tim.o(.text)
    TIM_SetCompare4                          0x080036e5   Thumb Code     6  stm32f10x_tim.o(.text)
    TIM_SetClockDivision                     0x080036eb   Thumb Code    18  stm32f10x_tim.o(.text)
    TIM_GetCapture1                          0x080036fd   Thumb Code     6  stm32f10x_tim.o(.text)
    TIM_GetCapture2                          0x08003703   Thumb Code     6  stm32f10x_tim.o(.text)
    TIM_GetCapture3                          0x08003709   Thumb Code     6  stm32f10x_tim.o(.text)
    TIM_GetCapture4                          0x0800370f   Thumb Code     8  stm32f10x_tim.o(.text)
    TIM_GetCounter                           0x08003717   Thumb Code     6  stm32f10x_tim.o(.text)
    TIM_GetPrescaler                         0x0800371d   Thumb Code     6  stm32f10x_tim.o(.text)
    TIM_GetFlagStatus                        0x08003723   Thumb Code    18  stm32f10x_tim.o(.text)
    TIM_ClearFlag                            0x08003735   Thumb Code     6  stm32f10x_tim.o(.text)
    TIM_GetITStatus                          0x0800373b   Thumb Code    34  stm32f10x_tim.o(.text)
    TIM_ClearITPendingBit                    0x0800375d   Thumb Code     6  stm32f10x_tim.o(.text)
    ESP8266_Clear                            0x08003765   Thumb Code    18  esp8266.o(.text)
    ESP8266_WaitRecive                       0x08003777   Thumb Code    42  esp8266.o(.text)
    ESP8266_SendCmd                          0x080037a1   Thumb Code    76  esp8266.o(.text)
    ESP8266_SendData                         0x080037ed   Thumb Code    46  esp8266.o(.text)
    ESP8266_GetIPD                           0x0800381b   Thumb Code    66  esp8266.o(.text)
    ESP8266_Init                             0x0800385d   Thumb Code   276  esp8266.o(.text)
    USART2_IRQHandler                        0x08003971   Thumb Code    62  esp8266.o(.text)
    MQTT_NewBuffer                           0x08003ae9   Thumb Code    88  mqttkit.o(.text)
    MQTT_DeleteBuffer                        0x08003b41   Thumb Code    28  mqttkit.o(.text)
    MQTT_DumpLength                          0x08003b5d   Thumb Code    46  mqttkit.o(.text)
    MQTT_ReadLength                          0x08003b8b   Thumb Code    70  mqttkit.o(.text)
    MQTT_UnPacketRecv                        0x08003bd1   Thumb Code   106  mqttkit.o(.text)
    MQTT_PacketConnect                       0x08003c3b   Thumb Code   666  mqttkit.o(.text)
    MQTT_PacketDisConnect                    0x08003ed5   Thumb Code    48  mqttkit.o(.text)
    MQTT_UnPacketConnectAck                  0x08003f05   Thumb Code    30  mqttkit.o(.text)
    MQTT_PacketPublish                       0x08003f23   Thumb Code   452  mqttkit.o(.text)
    MQTT_PacketSaveData                      0x080040e7   Thumb Code    88  mqttkit.o(.text)
    MQTT_PacketSaveBinData                   0x0800413f   Thumb Code   192  mqttkit.o(.text)
    MQTT_UnPacketCmd                         0x080041ff   Thumb Code   140  mqttkit.o(.text)
    MQTT_PacketCmdResp                       0x0800428b   Thumb Code   132  mqttkit.o(.text)
    MQTT_PacketSubscribe                     0x0800430f   Thumb Code   254  mqttkit.o(.text)
    MQTT_UnPacketSubscribe                   0x0800440d   Thumb Code    52  mqttkit.o(.text)
    MQTT_PacketUnSubscribe                   0x08004441   Thumb Code   268  mqttkit.o(.text)
    MQTT_UnPacketUnSubscribe                 0x0800454d   Thumb Code    18  mqttkit.o(.text)
    MQTT_UnPacketPublish                     0x0800455f   Thumb Code   440  mqttkit.o(.text)
    MQTT_PacketPublishAck                    0x08004717   Thumb Code    72  mqttkit.o(.text)
    MQTT_UnPacketPublishAck                  0x0800475f   Thumb Code    30  mqttkit.o(.text)
    MQTT_PacketPublishRec                    0x0800477d   Thumb Code    72  mqttkit.o(.text)
    MQTT_UnPacketPublishRec                  0x080047c5   Thumb Code    30  mqttkit.o(.text)
    MQTT_PacketPublishRel                    0x080047e3   Thumb Code    72  mqttkit.o(.text)
    MQTT_UnPacketPublishRel                  0x0800482b   Thumb Code    36  mqttkit.o(.text)
    MQTT_PacketPublishComp                   0x0800484f   Thumb Code    72  mqttkit.o(.text)
    MQTT_UnPacketPublishComp                 0x08004897   Thumb Code    30  mqttkit.o(.text)
    MQTT_PacketPing                          0x080048b5   Thumb Code    48  mqttkit.o(.text)
    OneNet_DevLink                           0x080048e5   Thumb Code   212  onenet.o(.text)
    OneNet_Subscribe                         0x080049b9   Thumb Code    80  onenet.o(.text)
    OneNet_Publish                           0x08004a09   Thumb Code    88  onenet.o(.text)
    OneNet_RevPro                            0x08004a61   Thumb Code  1426  onenet.o(.text)
    cJSON_GetErrorPtr                        0x08004ff5   Thumb Code     6  cjson.o(.text)
    cJSON_InitHooks                          0x0800506f   Thumb Code    48  cjson.o(.text)
    cJSON_Delete                             0x080050b9   Thumb Code    82  cjson.o(.text)
    cJSON_ParseWithOpts                      0x08005c5d   Thumb Code    96  cjson.o(.text)
    cJSON_Parse                              0x08005cbd   Thumb Code    16  cjson.o(.text)
    cJSON_Print                              0x0800644d   Thumb Code    18  cjson.o(.text)
    cJSON_PrintUnformatted                   0x0800645f   Thumb Code    18  cjson.o(.text)
    cJSON_PrintBuffered                      0x08006471   Thumb Code    54  cjson.o(.text)
    cJSON_GetArraySize                       0x080064a7   Thumb Code    18  cjson.o(.text)
    cJSON_GetArrayItem                       0x080064b9   Thumb Code    18  cjson.o(.text)
    cJSON_GetObjectItem                      0x080064cb   Thumb Code    30  cjson.o(.text)
    cJSON_AddItemToArray                     0x0800651f   Thumb Code    42  cjson.o(.text)
    cJSON_AddItemToObject                    0x08006549   Thumb Code    44  cjson.o(.text)
    cJSON_AddItemToObjectCS                  0x08006575   Thumb Code    54  cjson.o(.text)
    cJSON_AddItemReferenceToArray            0x080065ab   Thumb Code    24  cjson.o(.text)
    cJSON_AddItemReferenceToObject           0x080065c3   Thumb Code    32  cjson.o(.text)
    cJSON_DetachItemFromArray                0x080065e3   Thumb Code    66  cjson.o(.text)
    cJSON_DeleteItemFromArray                0x08006625   Thumb Code    22  cjson.o(.text)
    cJSON_DetachItemFromObject               0x0800663b   Thumb Code    50  cjson.o(.text)
    cJSON_DeleteItemFromObject               0x0800666d   Thumb Code    22  cjson.o(.text)
    cJSON_InsertItemInArray                  0x08006683   Thumb Code    64  cjson.o(.text)
    cJSON_ReplaceItemInArray                 0x080066c3   Thumb Code    76  cjson.o(.text)
    cJSON_ReplaceItemInObject                0x0800670f   Thumb Code    62  cjson.o(.text)
    cJSON_CreateNull                         0x0800674d   Thumb Code    18  cjson.o(.text)
    cJSON_CreateTrue                         0x0800675f   Thumb Code    18  cjson.o(.text)
    cJSON_CreateFalse                        0x08006771   Thumb Code    18  cjson.o(.text)
    cJSON_CreateBool                         0x08006783   Thumb Code    26  cjson.o(.text)
    cJSON_CreateNumber                       0x0800679d   Thumb Code    36  cjson.o(.text)
    cJSON_CreateString                       0x080067c1   Thumb Code    28  cjson.o(.text)
    cJSON_CreateArray                        0x080067dd   Thumb Code    18  cjson.o(.text)
    cJSON_CreateObject                       0x080067ef   Thumb Code    18  cjson.o(.text)
    cJSON_CreateIntArray                     0x08006801   Thumb Code    68  cjson.o(.text)
    cJSON_CreateFloatArray                   0x08006845   Thumb Code    68  cjson.o(.text)
    cJSON_CreateDoubleArray                  0x08006889   Thumb Code    68  cjson.o(.text)
    cJSON_CreateStringArray                  0x080068cd   Thumb Code    62  cjson.o(.text)
    cJSON_Duplicate                          0x0800690b   Thumb Code   180  cjson.o(.text)
    cJSON_Minify                             0x080069bf   Thumb Code   186  cjson.o(.text)
    malloc                                   0x08006a79   Thumb Code    94  h1_alloc.o(.text)
    free                                     0x08006ad7   Thumb Code    78  h1_free.o(.text)
    tolower                                  0x08006b25   Thumb Code    26  tolower.o(.text)
    __c89vsnprintf                           0x08006b41   Thumb Code    48  c89vsnprintf.o(.text)
    __2sprintf                               0x08006b75   Thumb Code    38  __2sprintf.o(.text)
    _printf_pre_padding                      0x08006ba1   Thumb Code    44  _printf_pad.o(.text)
    _printf_post_padding                     0x08006bcd   Thumb Code    34  _printf_pad.o(.text)
    _printf_str                              0x08006bef   Thumb Code    82  _printf_str.o(.text)
    _printf_int_dec                          0x08006c41   Thumb Code   104  _printf_dec.o(.text)
    _printf_longlong_hex                     0x08006cb9   Thumb Code    86  _printf_hex_int_ll_ptr.o(.text)
    _printf_int_hex                          0x08006d0f   Thumb Code    28  _printf_hex_int_ll_ptr.o(.text)
    _printf_ll_hex                           0x08006d2b   Thumb Code    12  _printf_hex_int_ll_ptr.o(.text)
    _printf_hex_ptr                          0x08006d37   Thumb Code    18  _printf_hex_int_ll_ptr.o(.text)
    __printf                                 0x08006d4d   Thumb Code   388  __printf_flags_ss_wp.o(.text)
    atoi                                     0x08006ed5   Thumb Code    26  atoi.o(.text)
    srand                                    0x08006ef1   Thumb Code    42  rand.o(.text)
    _rand_init                               0x08006f1b   Thumb Code     4  rand.o(.text)
    strchr                                   0x08006f2d   Thumb Code    20  strchr.o(.text)
    strncat                                  0x08006f41   Thumb Code    36  strncat.o(.text)
    strstr                                   0x08006f65   Thumb Code    36  strstr.o(.text)
    strcpy                                   0x08006f89   Thumb Code    72  strcpy.o(.text)
    strlen                                   0x08006fd1   Thumb Code    62  strlen.o(.text)
    strncmp                                  0x0800700f   Thumb Code   150  strncmp.o(.text)
    __aeabi_memcpy                           0x080070a5   Thumb Code     0  rt_memcpy_v6.o(.text)
    __rt_memcpy                              0x080070a5   Thumb Code   138  rt_memcpy_v6.o(.text)
    _memcpy_lastbytes                        0x0800710b   Thumb Code     0  rt_memcpy_v6.o(.text)
    __aeabi_memcpy4                          0x0800712f   Thumb Code     0  rt_memcpy_w.o(.text)
    __aeabi_memcpy8                          0x0800712f   Thumb Code     0  rt_memcpy_w.o(.text)
    __rt_memcpy_w                            0x0800712f   Thumb Code   100  rt_memcpy_w.o(.text)
    _memcpy_lastbytes_aligned                0x08007177   Thumb Code     0  rt_memcpy_w.o(.text)
    __aeabi_memclr                           0x08007193   Thumb Code     0  rt_memclr.o(.text)
    __rt_memclr                              0x08007193   Thumb Code    68  rt_memclr.o(.text)
    _memset                                  0x08007197   Thumb Code     0  rt_memclr.o(.text)
    __aeabi_memclr4                          0x080071d7   Thumb Code     0  rt_memclr_w.o(.text)
    __aeabi_memclr8                          0x080071d7   Thumb Code     0  rt_memclr_w.o(.text)
    __rt_memclr_w                            0x080071d7   Thumb Code    78  rt_memclr_w.o(.text)
    _memset_w                                0x080071db   Thumb Code     0  rt_memclr_w.o(.text)
    __use_two_region_memory                  0x08007225   Thumb Code     2  heapauxi.o(.text)
    __rt_heap_escrow                         0x08007227   Thumb Code     2  heapauxi.o(.text)
    __rt_heap_expand                         0x08007229   Thumb Code     2  heapauxi.o(.text)
    __rt_ctype_table                         0x0800722d   Thumb Code    16  rt_ctype_table.o(.text)
    __rt_heap_descriptor                     0x0800723d   Thumb Code     8  rt_heap_descriptor_intlibspace.o(.text)
    __aeabi_errno_addr                       0x08007245   Thumb Code     8  rt_errno_addr_intlibspace.o(.text)
    __errno$intlibspace                      0x08007245   Thumb Code     0  rt_errno_addr_intlibspace.o(.text)
    __rt_errno_addr$intlibspace              0x08007245   Thumb Code     0  rt_errno_addr_intlibspace.o(.text)
    __use_no_heap                            0x0800724d   Thumb Code     2  hguard.o(.text)
    __heap$guard                             0x0800724f   Thumb Code     2  hguard.o(.text)
    _terminate_user_alloc                    0x08007251   Thumb Code     2  init_alloc.o(.text)
    _init_user_alloc                         0x08007253   Thumb Code     2  init_alloc.o(.text)
    __Heap_Full                              0x08007255   Thumb Code    34  init_alloc.o(.text)
    __Heap_Broken                            0x08007277   Thumb Code     6  init_alloc.o(.text)
    _init_alloc                              0x0800727d   Thumb Code    94  init_alloc.o(.text)
    __Heap_Initialize                        0x080072db   Thumb Code    10  h1_init.o(.text)
    __Heap_DescSize                          0x080072e5   Thumb Code     4  h1_init.o(.text)
    __read_errno                             0x080072e9   Thumb Code    10  _rserrno.o(.text)
    __set_errno                              0x080072f3   Thumb Code    12  _rserrno.o(.text)
    _printf_truncate_signed                  0x080072ff   Thumb Code    18  _printf_truncate.o(.text)
    _printf_truncate_unsigned                0x08007311   Thumb Code    18  _printf_truncate.o(.text)
    _printf_int_common                       0x08007323   Thumb Code   178  _printf_intcommon.o(.text)
    _printf_charcount                        0x080073d5   Thumb Code    40  _printf_charcount.o(.text)
    __lib_sel_fp_printf                      0x080073fd   Thumb Code     2  _printf_fp_dec.o(.text)
    _printf_fp_dec_real                      0x080075af   Thumb Code   620  _printf_fp_dec.o(.text)
    _printf_char_common                      0x08007827   Thumb Code    32  _printf_char_common.o(.text)
    _sputc                                   0x0800784d   Thumb Code    10  _sputc.o(.text)
    _snputc                                  0x08007857   Thumb Code    16  _snputc.o(.text)
    _printf_cs_common                        0x08007867   Thumb Code    20  _printf_char.o(.text)
    _printf_char                             0x0800787b   Thumb Code    16  _printf_char.o(.text)
    _printf_string                           0x0800788b   Thumb Code     8  _printf_char.o(.text)
    _printf_wctomb                           0x08007895   Thumb Code   182  _printf_wctomb.o(.text)
    _printf_longlong_dec                     0x08007951   Thumb Code   108  _printf_longlong_dec.o(.text)
    _printf_longlong_oct                     0x080079cd   Thumb Code    66  _printf_oct_int_ll.o(.text)
    _printf_int_oct                          0x08007a0f   Thumb Code    24  _printf_oct_int_ll.o(.text)
    _printf_ll_oct                           0x08007a27   Thumb Code    12  _printf_oct_int_ll.o(.text)
    strtol                                   0x08007a3d   Thumb Code   112  strtol.o(.text)
    __user_libspace                          0x08007aad   Thumb Code     8  libspace.o(.text)
    __user_perproc_libspace                  0x08007aad   Thumb Code     0  libspace.o(.text)
    __user_perthread_libspace                0x08007aad   Thumb Code     0  libspace.o(.text)
    __rt_locale                              0x08007ab5   Thumb Code     8  rt_locale_intlibspace.o(.text)
    __Heap_ProvideMemory                     0x08007abd   Thumb Code    52  h1_extend.o(.text)
    _ll_udiv10                               0x08007af1   Thumb Code   138  lludiv10.o(.text)
    _printf_fp_infnan                        0x08007b7d   Thumb Code   112  _printf_fp_infnan.o(.text)
    _printf_lcs_common                       0x08007bfd   Thumb Code    20  _printf_wchar.o(.text)
    _printf_wchar                            0x08007c11   Thumb Code    16  _printf_wchar.o(.text)
    _printf_wstring                          0x08007c21   Thumb Code     8  _printf_wchar.o(.text)
    _strtoul                                 0x08007c29   Thumb Code   158  _strtoul.o(.text)
    _btod_etento                             0x08007cc9   Thumb Code   224  bigflt0.o(.text)
    _wcrtomb                                 0x08007dad   Thumb Code    64  _wcrtomb.o(.text)
    __rt_SIGRTMEM                            0x08007ded   Thumb Code    14  defsig_rtmem_outer.o(.text)
    __I$use$semihosting                      0x08007dfb   Thumb Code     0  use_no_semi.o(.text)
    __use_no_semihosting_swi                 0x08007dfb   Thumb Code     2  use_no_semi.o(.text)
    __semihosting_library_function           0x08007dfd   Thumb Code     0  indicate_semi.o(.text)
    __user_setup_stackheap                   0x08007dfd   Thumb Code    74  sys_stackheap_outer.o(.text)
    _chval                                   0x08007e47   Thumb Code    28  _chval.o(.text)
    exit                                     0x08007e63   Thumb Code    18  exit.o(.text)
    __sig_exit                               0x08007e75   Thumb Code    10  defsig_exit.o(.text)
    __rt_SIGRTMEM_inner                      0x08007e81   Thumb Code    22  defsig_rtmem_inner.o(.text)
    strcmp                                   0x08007ed1   Thumb Code   128  strcmpv7m.o(.text)
    _sys_exit                                0x08007f51   Thumb Code     8  sys_exit.o(.text)
    __default_signal_display                 0x08007f5d   Thumb Code    50  defsig_general.o(.text)
    _ttywrch                                 0x08007f8f   Thumb Code    14  sys_wrch.o(.text)
    _btod_d2e                                0x08007f9d   Thumb Code    62  btod.o(CL$$btod_d2e)
    _d2e_denorm_low                          0x08007fdb   Thumb Code    70  btod.o(CL$$btod_d2e_denorm_low)
    _d2e_norm_op1                            0x08008021   Thumb Code    96  btod.o(CL$$btod_d2e_norm_op1)
    __btod_div_common                        0x08008081   Thumb Code   696  btod.o(CL$$btod_div_common)
    _e2e                                     0x080083b9   Thumb Code   220  btod.o(CL$$btod_e2e)
    _btod_ediv                               0x08008495   Thumb Code    42  btod.o(CL$$btod_ediv)
    _btod_emul                               0x080084bf   Thumb Code    42  btod.o(CL$$btod_emul)
    __btod_mult_common                       0x080084e9   Thumb Code   580  btod.o(CL$$btod_mult_common)
    __ARM_fpclassify                         0x0800872d   Thumb Code    40  fpclassify.o(i.__ARM_fpclassify)
    __kernel_poly                            0x08008755   Thumb Code   170  poly.o(i.__kernel_poly)
    __mathlib_dbl_divzero                    0x08008801   Thumb Code    12  dunder.o(i.__mathlib_dbl_divzero)
    __mathlib_dbl_infnan2                    0x08008811   Thumb Code     4  dunder.o(i.__mathlib_dbl_infnan2)
    __mathlib_dbl_invalid                    0x08008815   Thumb Code    12  dunder.o(i.__mathlib_dbl_invalid)
    __mathlib_dbl_overflow                   0x08008821   Thumb Code    14  dunder.o(i.__mathlib_dbl_overflow)
    __mathlib_dbl_underflow                  0x08008831   Thumb Code    10  dunder.o(i.__mathlib_dbl_underflow)
    _is_digit                                0x08008841   Thumb Code    14  __printf_wp.o(i._is_digit)
    floor                                    0x08008851   Thumb Code   204  floor.o(i.floor)
    pow                                      0x0800892d   Thumb Code  2512  pow.o(i.pow)
    sqrt                                     0x08009305   Thumb Code    76  sqrt.o(i.sqrt)
    _get_lc_ctype                            0x08009351   Thumb Code    44  lc_ctype_c.o(locale$$code)
    _get_lc_numeric                          0x0800937d   Thumb Code    44  lc_numeric_c.o(locale$$code)
    __aeabi_dadd                             0x080093a9   Thumb Code     0  daddsub_clz.o(x$fpl$dadd)
    _dadd                                    0x080093a9   Thumb Code   332  daddsub_clz.o(x$fpl$dadd)
    __fpl_dcheck_NaN1                        0x080094f9   Thumb Code    10  dcheck1.o(x$fpl$dcheck1)
    __fpl_dcmp_Inf                           0x08009509   Thumb Code    24  dcmpi.o(x$fpl$dcmpinf)
    __aeabi_ddiv                             0x08009521   Thumb Code     0  ddiv.o(x$fpl$ddiv)
    _ddiv                                    0x08009521   Thumb Code   552  ddiv.o(x$fpl$ddiv)
    __aeabi_cdcmpeq                          0x080097d1   Thumb Code     0  deqf.o(x$fpl$deqf)
    _dcmpeq                                  0x080097d1   Thumb Code   120  deqf.o(x$fpl$deqf)
    __aeabi_d2iz                             0x08009849   Thumb Code     0  dfix.o(x$fpl$dfix)
    _dfix                                    0x08009849   Thumb Code    94  dfix.o(x$fpl$dfix)
    __aeabi_i2d                              0x080098a7   Thumb Code     0  dflt_clz.o(x$fpl$dflt)
    _dflt                                    0x080098a7   Thumb Code    46  dflt_clz.o(x$fpl$dflt)
    __aeabi_cdcmple                          0x080098d5   Thumb Code     0  dleqf.o(x$fpl$dleqf)
    _dcmple                                  0x080098d5   Thumb Code   120  dleqf.o(x$fpl$dleqf)
    __fpl_dcmple_InfNaN                      0x08009937   Thumb Code     0  dleqf.o(x$fpl$dleqf)
    __aeabi_dmul                             0x0800994d   Thumb Code     0  dmul.o(x$fpl$dmul)
    _dmul                                    0x0800994d   Thumb Code   332  dmul.o(x$fpl$dmul)
    __fpl_dnaninf                            0x08009aa1   Thumb Code   156  dnaninf.o(x$fpl$dnaninf)
    __fpl_dretinf                            0x08009b3d   Thumb Code    12  dretinf.o(x$fpl$dretinf)
    __aeabi_cdrcmple                         0x08009b49   Thumb Code     0  drleqf.o(x$fpl$drleqf)
    _drcmple                                 0x08009b49   Thumb Code   108  drleqf.o(x$fpl$drleqf)
    __aeabi_drsub                            0x08009bb5   Thumb Code     0  daddsub_clz.o(x$fpl$drsb)
    _drsb                                    0x08009bb5   Thumb Code    22  daddsub_clz.o(x$fpl$drsb)
    _dsqrt                                   0x08009bcd   Thumb Code   456  dsqrt_noumaal.o(x$fpl$dsqrt)
    __aeabi_dsub                             0x08009d99   Thumb Code     0  daddsub_clz.o(x$fpl$dsub)
    _dsub                                    0x08009d99   Thumb Code   464  daddsub_clz.o(x$fpl$dsub)
    __aeabi_f2d                              0x08009f6d   Thumb Code     0  f2d.o(x$fpl$f2d)
    _f2d                                     0x08009f6d   Thumb Code    86  f2d.o(x$fpl$f2d)
    __fpl_fcmp_Inf                           0x08009fc3   Thumb Code    24  fcmpi.o(x$fpl$fcmpinf)
    __aeabi_fdiv                             0x08009fdd   Thumb Code     0  fdiv.o(x$fpl$fdiv)
    _fdiv                                    0x08009fdd   Thumb Code   384  fdiv.o(x$fpl$fdiv)
    __aeabi_ui2f                             0x0800a161   Thumb Code     0  fflt_clz.o(x$fpl$ffltu)
    _ffltu                                   0x0800a161   Thumb Code    38  fflt_clz.o(x$fpl$ffltu)
    __aeabi_cfcmple                          0x0800a189   Thumb Code     0  fleqf.o(x$fpl$fleqf)
    _fcmple                                  0x0800a189   Thumb Code   104  fleqf.o(x$fpl$fleqf)
    __fpl_fcmple_InfNaN                      0x0800a1db   Thumb Code     0  fleqf.o(x$fpl$fleqf)
    __aeabi_fmul                             0x0800a1f1   Thumb Code     0  fmul.o(x$fpl$fmul)
    _fmul                                    0x0800a1f1   Thumb Code   258  fmul.o(x$fpl$fmul)
    __fpl_fnaninf                            0x0800a2f3   Thumb Code   140  fnaninf.o(x$fpl$fnaninf)
    __fpl_fretinf                            0x0800a37f   Thumb Code    10  fretinf.o(x$fpl$fretinf)
    _printf_fp_dec                           0x0800a389   Thumb Code     4  printf1.o(x$fpl$printf1)
    __fpl_return_NaN                         0x0800a38d   Thumb Code   100  retnan.o(x$fpl$retnan)
    __ARM_scalbn                             0x0800a3f1   Thumb Code    92  scalbn.o(x$fpl$scalbn)
    __fpl_cmpreturn                          0x0800a44d   Thumb Code    48  trapv.o(x$fpl$trapveneer)
    __I$use$fp                               0x0800a47c   Number         0  usenofp.o(x$fpl$usenofp)
    topic_Pub                                0x0800a47c   Data          16  main.o(.constdata)
    asc2_1206                                0x0800a48c   Data        1140  oled.o(.constdata)
    asc2_1608                                0x0800a900   Data        1520  oled.o(.constdata)
    asc2_2412                                0x0800aef0   Data        3420  oled.o(.constdata)
    __mathlib_zero                           0x0800bd20   Data           8  qnan.o(.constdata)
    Region$$Table$$Base                      0x0800bdcc   Number         0  anon$$obj.o(Region$$Table)
    Region$$Table$$Limit                     0x0800bdec   Number         0  anon$$obj.o(Region$$Table)
    __ctype                                  0x0800bdf9   Data           0  lc_ctype_c.o(locale$$data)
    alarmFlag                                0x20000000   Data           1  main.o(.data)
    alarmBusy                                0x20000001   Data           1  main.o(.data)
    humidityH                                0x20000002   Data           1  main.o(.data)
    humidityL                                0x20000003   Data           1  main.o(.data)
    temperatureH                             0x20000004   Data           1  main.o(.data)
    temperatureL                             0x20000005   Data           1  main.o(.data)
    Led_Status                               0x20000006   Data           1  main.o(.data)
    Light                                    0x20000008   Data           4  main.o(.data)
    topic_Sub                                0x2000000c   Data           4  main.o(.data)
    timeCount                                0x20000010   Data           2  main.o(.data)
    timeflag2s                               0x20000012   Data           2  main.o(.data)
    timeflag5s                               0x20000014   Data           2  main.o(.data)
    Uart3_Buffer                             0x20000016   Data           2  main.o(.data)
    Uart3_Rx                                 0x20000018   Data           1  main.o(.data)
    SystemCoreClock                          0x2000001c   Data           4  system_stm32f10x.o(.data)
    AHBPrescTable                            0x20000020   Data          16  system_stm32f10x.o(.data)
    Hzk1                                     0x20000031   Data         352  oled.o(.data)
    Hzk2                                     0x20000191   Data         216  oled.o(.data)
    Hzk3                                     0x20000269   Data         512  oled.o(.data)
    Hzk4                                     0x20000469   Data        4096  oled.o(.data)
    esp8266_cnt                              0x20001482   Data           2  esp8266.o(.data)
    esp8266_cntPre                           0x20001484   Data           2  esp8266.o(.data)
    Pub_Buf                                  0x20001494   Data         256  main.o(.bss)
    OLED_GRAM                                0x20001594   Data        1152  oled.o(.bss)
    oledBuf                                  0x20001a54   Data          20  timer.o(.bss)
    esp8266_buf                              0x20001a68   Data         128  esp8266.o(.bss)
    _random_number_data                      0x20001ae8   Data         228  rand.o(.bss)
    __libspace_start                         0x20001bcc   Data          96  libspace.o(.bss)
    __temporary_stack_top$libspace           0x20001c2c   Data           0  libspace.o(.bss)



==============================================================================

Memory Map of the image

  Image Entry point : 0x08000131

  Load Region LR_IROM1 (Base: 0x08000000, Size: 0x0000d3ac, Max: 0x00010000, ABSOLUTE, COMPRESSED[0x0000c0f8])

    Execution Region ER_IROM1 (Exec base: 0x08000000, Load base: 0x08000000, Size: 0x0000bf18, Max: 0x00010000, ABSOLUTE)

    Exec Addr    Load Addr    Size         Type   Attr      Idx    E Section Name        Object

    0x08000000   0x08000000   0x00000130   Data   RO          382    RESET               startup_stm32f10x_hd.o
    0x08000130   0x08000130   0x00000008   Code   RO          701  * !!!main             c_w.l(__main.o)
    0x08000138   0x08000138   0x00000034   Code   RO         1124    !!!scatter          c_w.l(__scatter.o)
    0x0800016c   0x0800016c   0x0000005a   Code   RO         1122    !!dczerorl2         c_w.l(__dczerorl2.o)
    0x080001c6   0x080001c6   0x00000002   PAD
    0x080001c8   0x080001c8   0x0000001c   Code   RO         1126    !!handler_zi        c_w.l(__scatter_zi.o)
    0x080001e4   0x080001e4   0x00000000   Code   RO          671    .ARM.Collect$$_printf_percent$$00000000  c_w.l(_printf_percent.o)
    0x080001e4   0x080001e4   0x00000006   Code   RO          824    .ARM.Collect$$_printf_percent$$00000001  c_w.l(_printf_n.o)
    0x080001ea   0x080001ea   0x00000006   Code   RO          825    .ARM.Collect$$_printf_percent$$00000002  c_w.l(_printf_p.o)
    0x080001f0   0x080001f0   0x00000006   Code   RO          669    .ARM.Collect$$_printf_percent$$00000003  c_w.l(_printf_f.o)
    0x080001f6   0x080001f6   0x00000006   Code   RO          670    .ARM.Collect$$_printf_percent$$00000004  c_w.l(_printf_e.o)
    0x080001fc   0x080001fc   0x00000006   Code   RO          829    .ARM.Collect$$_printf_percent$$00000005  c_w.l(_printf_g.o)
    0x08000202   0x08000202   0x00000006   Code   RO          830    .ARM.Collect$$_printf_percent$$00000006  c_w.l(_printf_a.o)
    0x08000208   0x08000208   0x0000000a   Code   RO          835    .ARM.Collect$$_printf_percent$$00000007  c_w.l(_printf_ll.o)
    0x08000212   0x08000212   0x00000006   Code   RO          827    .ARM.Collect$$_printf_percent$$00000008  c_w.l(_printf_i.o)
    0x08000218   0x08000218   0x00000006   Code   RO          668    .ARM.Collect$$_printf_percent$$00000009  c_w.l(_printf_d.o)
    0x0800021e   0x0800021e   0x00000006   Code   RO          828    .ARM.Collect$$_printf_percent$$0000000A  c_w.l(_printf_u.o)
    0x08000224   0x08000224   0x00000006   Code   RO          826    .ARM.Collect$$_printf_percent$$0000000B  c_w.l(_printf_o.o)
    0x0800022a   0x0800022a   0x00000006   Code   RO          667    .ARM.Collect$$_printf_percent$$0000000C  c_w.l(_printf_x.o)
    0x08000230   0x08000230   0x00000006   Code   RO          832    .ARM.Collect$$_printf_percent$$0000000D  c_w.l(_printf_lli.o)
    0x08000236   0x08000236   0x00000006   Code   RO          833    .ARM.Collect$$_printf_percent$$0000000E  c_w.l(_printf_lld.o)
    0x0800023c   0x0800023c   0x00000006   Code   RO          834    .ARM.Collect$$_printf_percent$$0000000F  c_w.l(_printf_llu.o)
    0x08000242   0x08000242   0x00000006   Code   RO          839    .ARM.Collect$$_printf_percent$$00000010  c_w.l(_printf_llo.o)
    0x08000248   0x08000248   0x00000006   Code   RO          840    .ARM.Collect$$_printf_percent$$00000011  c_w.l(_printf_llx.o)
    0x0800024e   0x0800024e   0x0000000a   Code   RO          836    .ARM.Collect$$_printf_percent$$00000012  c_w.l(_printf_l.o)
    0x08000258   0x08000258   0x00000006   Code   RO          823    .ARM.Collect$$_printf_percent$$00000013  c_w.l(_printf_c.o)
    0x0800025e   0x0800025e   0x00000006   Code   RO          666    .ARM.Collect$$_printf_percent$$00000014  c_w.l(_printf_s.o)
    0x08000264   0x08000264   0x00000006   Code   RO          837    .ARM.Collect$$_printf_percent$$00000015  c_w.l(_printf_lc.o)
    0x0800026a   0x0800026a   0x00000006   Code   RO          838    .ARM.Collect$$_printf_percent$$00000016  c_w.l(_printf_ls.o)
    0x08000270   0x08000270   0x00000004   Code   RO          831    .ARM.Collect$$_printf_percent$$00000017  c_w.l(_printf_percent_end.o)
    0x08000274   0x08000274   0x00000002   Code   RO         1057    .ARM.Collect$$libinit$$00000000  c_w.l(libinit.o)
    0x08000276   0x08000276   0x00000000   Code   RO          846    .ARM.Collect$$libinit$$00000002  c_w.l(libinit2.o)
    0x08000276   0x08000276   0x00000000   Code   RO          848    .ARM.Collect$$libinit$$00000004  c_w.l(libinit2.o)
    0x08000276   0x08000276   0x00000008   Code   RO          849    .ARM.Collect$$libinit$$00000005  c_w.l(libinit2.o)
    0x0800027e   0x0800027e   0x00000000   Code   RO          851    .ARM.Collect$$libinit$$0000000A  c_w.l(libinit2.o)
    0x0800027e   0x0800027e   0x00000000   Code   RO          853    .ARM.Collect$$libinit$$0000000C  c_w.l(libinit2.o)
    0x0800027e   0x0800027e   0x00000004   Code   RO          854    .ARM.Collect$$libinit$$0000000D  c_w.l(libinit2.o)
    0x08000282   0x08000282   0x00000000   Code   RO          855    .ARM.Collect$$libinit$$0000000E  c_w.l(libinit2.o)
    0x08000282   0x08000282   0x00000006   Code   RO          856    .ARM.Collect$$libinit$$0000000F  c_w.l(libinit2.o)
    0x08000288   0x08000288   0x00000000   Code   RO          858    .ARM.Collect$$libinit$$00000011  c_w.l(libinit2.o)
    0x08000288   0x08000288   0x0000000c   Code   RO          859    .ARM.Collect$$libinit$$00000012  c_w.l(libinit2.o)
    0x08000294   0x08000294   0x00000000   Code   RO          860    .ARM.Collect$$libinit$$00000013  c_w.l(libinit2.o)
    0x08000294   0x08000294   0x00000000   Code   RO          862    .ARM.Collect$$libinit$$00000015  c_w.l(libinit2.o)
    0x08000294   0x08000294   0x0000000a   Code   RO          863    .ARM.Collect$$libinit$$00000016  c_w.l(libinit2.o)
    0x0800029e   0x0800029e   0x00000000   Code   RO          864    .ARM.Collect$$libinit$$00000017  c_w.l(libinit2.o)
    0x0800029e   0x0800029e   0x00000000   Code   RO          866    .ARM.Collect$$libinit$$00000019  c_w.l(libinit2.o)
    0x0800029e   0x0800029e   0x00000000   Code   RO          868    .ARM.Collect$$libinit$$0000001B  c_w.l(libinit2.o)
    0x0800029e   0x0800029e   0x00000000   Code   RO          870    .ARM.Collect$$libinit$$0000001D  c_w.l(libinit2.o)
    0x0800029e   0x0800029e   0x00000000   Code   RO          872    .ARM.Collect$$libinit$$0000001F  c_w.l(libinit2.o)
    0x0800029e   0x0800029e   0x00000000   Code   RO          874    .ARM.Collect$$libinit$$00000021  c_w.l(libinit2.o)
    0x0800029e   0x0800029e   0x00000000   Code   RO          876    .ARM.Collect$$libinit$$00000023  c_w.l(libinit2.o)
    0x0800029e   0x0800029e   0x00000000   Code   RO          878    .ARM.Collect$$libinit$$00000025  c_w.l(libinit2.o)
    0x0800029e   0x0800029e   0x00000000   Code   RO          882    .ARM.Collect$$libinit$$0000002C  c_w.l(libinit2.o)
    0x0800029e   0x0800029e   0x00000000   Code   RO          884    .ARM.Collect$$libinit$$0000002E  c_w.l(libinit2.o)
    0x0800029e   0x0800029e   0x00000000   Code   RO          886    .ARM.Collect$$libinit$$00000030  c_w.l(libinit2.o)
    0x0800029e   0x0800029e   0x00000000   Code   RO          888    .ARM.Collect$$libinit$$00000032  c_w.l(libinit2.o)
    0x0800029e   0x0800029e   0x00000002   Code   RO          889    .ARM.Collect$$libinit$$00000033  c_w.l(libinit2.o)
    0x080002a0   0x080002a0   0x00000002   Code   RO         1119    .ARM.Collect$$libshutdown$$00000000  c_w.l(libshutdown.o)
    0x080002a2   0x080002a2   0x00000000   Code   RO         1073    .ARM.Collect$$libshutdown$$00000002  c_w.l(libshutdown2.o)
    0x080002a2   0x080002a2   0x00000000   Code   RO         1075    .ARM.Collect$$libshutdown$$00000004  c_w.l(libshutdown2.o)
    0x080002a2   0x080002a2   0x00000000   Code   RO         1078    .ARM.Collect$$libshutdown$$00000007  c_w.l(libshutdown2.o)
    0x080002a2   0x080002a2   0x00000000   Code   RO         1081    .ARM.Collect$$libshutdown$$0000000A  c_w.l(libshutdown2.o)
    0x080002a2   0x080002a2   0x00000000   Code   RO         1083    .ARM.Collect$$libshutdown$$0000000C  c_w.l(libshutdown2.o)
    0x080002a2   0x080002a2   0x00000000   Code   RO         1086    .ARM.Collect$$libshutdown$$0000000F  c_w.l(libshutdown2.o)
    0x080002a2   0x080002a2   0x00000002   Code   RO         1087    .ARM.Collect$$libshutdown$$00000010  c_w.l(libshutdown2.o)
    0x080002a4   0x080002a4   0x00000000   Code   RO          761    .ARM.Collect$$rtentry$$00000000  c_w.l(__rtentry.o)
    0x080002a4   0x080002a4   0x00000000   Code   RO          942    .ARM.Collect$$rtentry$$00000002  c_w.l(__rtentry2.o)
    0x080002a4   0x080002a4   0x00000006   Code   RO          954    .ARM.Collect$$rtentry$$00000004  c_w.l(__rtentry4.o)
    0x080002aa   0x080002aa   0x00000000   Code   RO          944    .ARM.Collect$$rtentry$$00000009  c_w.l(__rtentry2.o)
    0x080002aa   0x080002aa   0x00000004   Code   RO          945    .ARM.Collect$$rtentry$$0000000A  c_w.l(__rtentry2.o)
    0x080002ae   0x080002ae   0x00000000   Code   RO          947    .ARM.Collect$$rtentry$$0000000C  c_w.l(__rtentry2.o)
    0x080002ae   0x080002ae   0x00000008   Code   RO          948    .ARM.Collect$$rtentry$$0000000D  c_w.l(__rtentry2.o)
    0x080002b6   0x080002b6   0x00000002   Code   RO         1062    .ARM.Collect$$rtexit$$00000000  c_w.l(rtexit.o)
    0x080002b8   0x080002b8   0x00000000   Code   RO         1093    .ARM.Collect$$rtexit$$00000002  c_w.l(rtexit2.o)
    0x080002b8   0x080002b8   0x00000004   Code   RO         1094    .ARM.Collect$$rtexit$$00000003  c_w.l(rtexit2.o)
    0x080002bc   0x080002bc   0x00000006   Code   RO         1095    .ARM.Collect$$rtexit$$00000004  c_w.l(rtexit2.o)
    0x080002c2   0x080002c2   0x00000002   PAD
    0x080002c4   0x080002c4   0x00000034   Code   RO          674    .emb_text           c_w.l(rand.o)
    0x080002f8   0x080002f8   0x00000000   Code   RO          963    .emb_text           c_w.l(maybetermalloc1.o)
    0x080002f8   0x080002f8   0x00000398   Code   RO            1    .text               main.o
    0x08000690   0x08000690   0x0000001a   Code   RO          153    .text               stm32f10x_it.o
    0x080006aa   0x080006aa   0x00000002   PAD
    0x080006ac   0x080006ac   0x000001e0   Code   RO          194    .text               system_stm32f10x.o
    0x0800088c   0x0800088c   0x00000050   Code   RO          212    .text               led.o
    0x080008dc   0x080008dc   0x00000034   Code   RO          224    .text               beep.o
    0x08000910   0x08000910   0x00000278   Code   RO          236    .text               bh1750.o
    0x08000b88   0x08000b88   0x000001b8   Code   RO          248    .text               dht11.o
    0x08000d40   0x08000d40   0x00000088   Code   RO          260    .text               key.o
    0x08000dc8   0x08000dc8   0x000008ca   Code   RO          273    .text               oled.o
    0x08001692   0x08001692   0x00000002   PAD
    0x08001694   0x08001694   0x000000d4   Code   RO          299    .text               delay.o
    0x08001768   0x08001768   0x00000330   Code   RO          330    .text               usart.o
    0x08001a98   0x08001a98   0x0000028c   Code   RO          350    .text               timer.o
    0x08001d24   0x08001d24   0x00000040   Code   RO          383    .text               startup_stm32f10x_hd.o
    0x08001d64   0x08001d64   0x0000035c   Code   RO          387    .text               stm32f10x_gpio.o
    0x080020c0   0x080020c0   0x000003a4   Code   RO          399    .text               stm32f10x_rcc.o
    0x08002464   0x08002464   0x00000408   Code   RO          413    .text               stm32f10x_usart.o
    0x0800286c   0x0800286c   0x000000dc   Code   RO          425    .text               misc.o
    0x08002948   0x08002948   0x00000e1a   Code   RO          437    .text               stm32f10x_tim.o
    0x08003762   0x08003762   0x00000002   PAD
    0x08003764   0x08003764   0x00000384   Code   RO          449    .text               esp8266.o
    0x08003ae8   0x08003ae8   0x00000dfc   Code   RO          465    .text               mqttkit.o
    0x080048e4   0x080048e4   0x0000070e   Code   RO          493    .text               onenet.o
    0x08004ff2   0x08004ff2   0x00000002   PAD
    0x08004ff4   0x08004ff4   0x00001a84   Code   RO          513    .text               cjson.o
    0x08006a78   0x08006a78   0x0000005e   Code   RO          551    .text               c_w.l(h1_alloc.o)
    0x08006ad6   0x08006ad6   0x0000004e   Code   RO          553    .text               c_w.l(h1_free.o)
    0x08006b24   0x08006b24   0x0000001a   Code   RO          609    .text               c_w.l(tolower.o)
    0x08006b3e   0x08006b3e   0x00000002   PAD
    0x08006b40   0x08006b40   0x00000034   Code   RO          611    .text               c_w.l(c89vsnprintf.o)
    0x08006b74   0x08006b74   0x0000002c   Code   RO          613    .text               c_w.l(__2sprintf.o)
    0x08006ba0   0x08006ba0   0x0000004e   Code   RO          619    .text               c_w.l(_printf_pad.o)
    0x08006bee   0x08006bee   0x00000052   Code   RO          621    .text               c_w.l(_printf_str.o)
    0x08006c40   0x08006c40   0x00000078   Code   RO          623    .text               c_w.l(_printf_dec.o)
    0x08006cb8   0x08006cb8   0x00000094   Code   RO          643    .text               c_w.l(_printf_hex_int_ll_ptr.o)
    0x08006d4c   0x08006d4c   0x00000188   Code   RO          663    .text               c_w.l(__printf_flags_ss_wp.o)
    0x08006ed4   0x08006ed4   0x0000001a   Code   RO          672    .text               c_w.l(atoi.o)
    0x08006eee   0x08006eee   0x00000002   PAD
    0x08006ef0   0x08006ef0   0x0000003c   Code   RO          675    .text               c_w.l(rand.o)
    0x08006f2c   0x08006f2c   0x00000014   Code   RO          679    .text               c_w.l(strchr.o)
    0x08006f40   0x08006f40   0x00000024   Code   RO          681    .text               c_w.l(strncat.o)
    0x08006f64   0x08006f64   0x00000024   Code   RO          683    .text               c_w.l(strstr.o)
    0x08006f88   0x08006f88   0x00000048   Code   RO          685    .text               c_w.l(strcpy.o)
    0x08006fd0   0x08006fd0   0x0000003e   Code   RO          687    .text               c_w.l(strlen.o)
    0x0800700e   0x0800700e   0x00000096   Code   RO          689    .text               c_w.l(strncmp.o)
    0x080070a4   0x080070a4   0x0000008a   Code   RO          691    .text               c_w.l(rt_memcpy_v6.o)
    0x0800712e   0x0800712e   0x00000064   Code   RO          693    .text               c_w.l(rt_memcpy_w.o)
    0x08007192   0x08007192   0x00000044   Code   RO          695    .text               c_w.l(rt_memclr.o)
    0x080071d6   0x080071d6   0x0000004e   Code   RO          697    .text               c_w.l(rt_memclr_w.o)
    0x08007224   0x08007224   0x00000006   Code   RO          699    .text               c_w.l(heapauxi.o)
    0x0800722a   0x0800722a   0x00000002   PAD
    0x0800722c   0x0800722c   0x00000010   Code   RO          762    .text               c_w.l(rt_ctype_table.o)
    0x0800723c   0x0800723c   0x00000008   Code   RO          767    .text               c_w.l(rt_heap_descriptor_intlibspace.o)
    0x08007244   0x08007244   0x00000008   Code   RO          772    .text               c_w.l(rt_errno_addr_intlibspace.o)
    0x0800724c   0x0800724c   0x00000004   Code   RO          774    .text               c_w.l(hguard.o)
    0x08007250   0x08007250   0x0000008a   Code   RO          776    .text               c_w.l(init_alloc.o)
    0x080072da   0x080072da   0x0000000e   Code   RO          780    .text               c_w.l(h1_init.o)
    0x080072e8   0x080072e8   0x00000016   Code   RO          794    .text               c_w.l(_rserrno.o)
    0x080072fe   0x080072fe   0x00000024   Code   RO          796    .text               c_w.l(_printf_truncate.o)
    0x08007322   0x08007322   0x000000b2   Code   RO          798    .text               c_w.l(_printf_intcommon.o)
    0x080073d4   0x080073d4   0x00000028   Code   RO          800    .text               c_w.l(_printf_charcount.o)
    0x080073fc   0x080073fc   0x0000041e   Code   RO          802    .text               c_w.l(_printf_fp_dec.o)
    0x0800781a   0x0800781a   0x00000002   PAD
    0x0800781c   0x0800781c   0x00000030   Code   RO          804    .text               c_w.l(_printf_char_common.o)
    0x0800784c   0x0800784c   0x0000000a   Code   RO          806    .text               c_w.l(_sputc.o)
    0x08007856   0x08007856   0x00000010   Code   RO          808    .text               c_w.l(_snputc.o)
    0x08007866   0x08007866   0x0000002c   Code   RO          810    .text               c_w.l(_printf_char.o)
    0x08007892   0x08007892   0x00000002   PAD
    0x08007894   0x08007894   0x000000bc   Code   RO          812    .text               c_w.l(_printf_wctomb.o)
    0x08007950   0x08007950   0x0000007c   Code   RO          815    .text               c_w.l(_printf_longlong_dec.o)
    0x080079cc   0x080079cc   0x00000070   Code   RO          821    .text               c_w.l(_printf_oct_int_ll.o)
    0x08007a3c   0x08007a3c   0x00000070   Code   RO          841    .text               c_w.l(strtol.o)
    0x08007aac   0x08007aac   0x00000008   Code   RO          938    .text               c_w.l(libspace.o)
    0x08007ab4   0x08007ab4   0x00000008   Code   RO          959    .text               c_w.l(rt_locale_intlibspace.o)
    0x08007abc   0x08007abc   0x00000034   Code   RO          965    .text               c_w.l(h1_extend.o)
    0x08007af0   0x08007af0   0x0000008a   Code   RO          969    .text               c_w.l(lludiv10.o)
    0x08007b7a   0x08007b7a   0x00000002   PAD
    0x08007b7c   0x08007b7c   0x00000080   Code   RO          971    .text               c_w.l(_printf_fp_infnan.o)
    0x08007bfc   0x08007bfc   0x0000002c   Code   RO          975    .text               c_w.l(_printf_wchar.o)
    0x08007c28   0x08007c28   0x0000009e   Code   RO          977    .text               c_w.l(_strtoul.o)
    0x08007cc6   0x08007cc6   0x00000002   PAD
    0x08007cc8   0x08007cc8   0x000000e4   Code   RO          979    .text               c_w.l(bigflt0.o)
    0x08007dac   0x08007dac   0x00000040   Code   RO         1004    .text               c_w.l(_wcrtomb.o)
    0x08007dec   0x08007dec   0x0000000e   Code   RO         1012    .text               c_w.l(defsig_rtmem_outer.o)
    0x08007dfa   0x08007dfa   0x00000002   Code   RO         1029    .text               c_w.l(use_no_semi.o)
    0x08007dfc   0x08007dfc   0x00000000   Code   RO         1031    .text               c_w.l(indicate_semi.o)
    0x08007dfc   0x08007dfc   0x0000004a   Code   RO         1032    .text               c_w.l(sys_stackheap_outer.o)
    0x08007e46   0x08007e46   0x0000001c   Code   RO         1038    .text               c_w.l(_chval.o)
    0x08007e62   0x08007e62   0x00000012   Code   RO         1040    .text               c_w.l(exit.o)
    0x08007e74   0x08007e74   0x0000000a   Code   RO         1042    .text               c_w.l(defsig_exit.o)
    0x08007e7e   0x08007e7e   0x00000002   PAD
    0x08007e80   0x08007e80   0x00000050   Code   RO         1044    .text               c_w.l(defsig_rtmem_inner.o)
    0x08007ed0   0x08007ed0   0x00000080   Code   RO         1046    .text               c_w.l(strcmpv7m.o)
    0x08007f50   0x08007f50   0x0000000c   Code   RO         1060    .text               c_w.l(sys_exit.o)
    0x08007f5c   0x08007f5c   0x00000032   Code   RO         1070    .text               c_w.l(defsig_general.o)
    0x08007f8e   0x08007f8e   0x0000000e   Code   RO         1090    .text               c_w.l(sys_wrch.o)
    0x08007f9c   0x08007f9c   0x0000003e   Code   RO          982    CL$$btod_d2e        c_w.l(btod.o)
    0x08007fda   0x08007fda   0x00000046   Code   RO          984    CL$$btod_d2e_denorm_low  c_w.l(btod.o)
    0x08008020   0x08008020   0x00000060   Code   RO          983    CL$$btod_d2e_norm_op1  c_w.l(btod.o)
    0x08008080   0x08008080   0x00000338   Code   RO          992    CL$$btod_div_common  c_w.l(btod.o)
    0x080083b8   0x080083b8   0x000000dc   Code   RO          989    CL$$btod_e2e        c_w.l(btod.o)
    0x08008494   0x08008494   0x0000002a   Code   RO          986    CL$$btod_ediv       c_w.l(btod.o)
    0x080084be   0x080084be   0x0000002a   Code   RO          985    CL$$btod_emul       c_w.l(btod.o)
    0x080084e8   0x080084e8   0x00000244   Code   RO          991    CL$$btod_mult_common  c_w.l(btod.o)
    0x0800872c   0x0800872c   0x00000028   Code   RO          923    i.__ARM_fpclassify  m_ws.l(fpclassify.o)
    0x08008754   0x08008754   0x000000aa   Code   RO          925    i.__kernel_poly     m_ws.l(poly.o)
    0x080087fe   0x080087fe   0x00000002   PAD
    0x08008800   0x08008800   0x00000010   Code   RO          909    i.__mathlib_dbl_divzero  m_ws.l(dunder.o)
    0x08008810   0x08008810   0x00000004   Code   RO          911    i.__mathlib_dbl_infnan2  m_ws.l(dunder.o)
    0x08008814   0x08008814   0x0000000c   Code   RO          912    i.__mathlib_dbl_invalid  m_ws.l(dunder.o)
    0x08008820   0x08008820   0x0000000e   Code   RO          913    i.__mathlib_dbl_overflow  m_ws.l(dunder.o)
    0x0800882e   0x0800882e   0x00000002   PAD
    0x08008830   0x08008830   0x00000010   Code   RO          915    i.__mathlib_dbl_underflow  m_ws.l(dunder.o)
    0x08008840   0x08008840   0x0000000e   Code   RO          656    i._is_digit         c_w.l(__printf_wp.o)
    0x0800884e   0x0800884e   0x00000002   PAD
    0x08008850   0x08008850   0x000000dc   Code   RO          746    i.floor             m_ws.l(floor.o)
    0x0800892c   0x0800892c   0x000009d8   Code   RO          750    i.pow               m_ws.l(pow.o)
    0x08009304   0x08009304   0x0000004c   Code   RO          929    i.sqrt              m_ws.l(sqrt.o)
    0x08009350   0x08009350   0x0000002c   Code   RO         1007    locale$$code        c_w.l(lc_ctype_c.o)
    0x0800937c   0x0800937c   0x0000002c   Code   RO         1010    locale$$code        c_w.l(lc_numeric_c.o)
    0x080093a8   0x080093a8   0x00000150   Code   RO          703    x$fpl$dadd          fz_ws.l(daddsub_clz.o)
    0x080094f8   0x080094f8   0x00000010   Code   RO         1021    x$fpl$dcheck1       fz_ws.l(dcheck1.o)
    0x08009508   0x08009508   0x00000018   Code   RO          890    x$fpl$dcmpinf       fz_ws.l(dcmpi.o)
    0x08009520   0x08009520   0x000002b0   Code   RO          893    x$fpl$ddiv          fz_ws.l(ddiv.o)
    0x080097d0   0x080097d0   0x00000078   Code   RO          709    x$fpl$deqf          fz_ws.l(deqf.o)
    0x08009848   0x08009848   0x0000005e   Code   RO          711    x$fpl$dfix          fz_ws.l(dfix.o)
    0x080098a6   0x080098a6   0x0000002e   Code   RO          716    x$fpl$dflt          fz_ws.l(dflt_clz.o)
    0x080098d4   0x080098d4   0x00000078   Code   RO          721    x$fpl$dleqf         fz_ws.l(dleqf.o)
    0x0800994c   0x0800994c   0x00000154   Code   RO          723    x$fpl$dmul          fz_ws.l(dmul.o)
    0x08009aa0   0x08009aa0   0x0000009c   Code   RO          896    x$fpl$dnaninf       fz_ws.l(dnaninf.o)
    0x08009b3c   0x08009b3c   0x0000000c   Code   RO          898    x$fpl$dretinf       fz_ws.l(dretinf.o)
    0x08009b48   0x08009b48   0x0000006c   Code   RO          725    x$fpl$drleqf        fz_ws.l(drleqf.o)
    0x08009bb4   0x08009bb4   0x00000016   Code   RO          704    x$fpl$drsb          fz_ws.l(daddsub_clz.o)
    0x08009bca   0x08009bca   0x00000002   PAD
    0x08009bcc   0x08009bcc   0x000001cc   Code   RO         1023    x$fpl$dsqrt         fz_ws.l(dsqrt_noumaal.o)
    0x08009d98   0x08009d98   0x000001d4   Code   RO          705    x$fpl$dsub          fz_ws.l(daddsub_clz.o)
    0x08009f6c   0x08009f6c   0x00000056   Code   RO          727    x$fpl$f2d           fz_ws.l(f2d.o)
    0x08009fc2   0x08009fc2   0x00000018   Code   RO          900    x$fpl$fcmpinf       fz_ws.l(fcmpi.o)
    0x08009fda   0x08009fda   0x00000002   PAD
    0x08009fdc   0x08009fdc   0x00000184   Code   RO          730    x$fpl$fdiv          fz_ws.l(fdiv.o)
    0x0800a160   0x0800a160   0x00000026   Code   RO          733    x$fpl$ffltu         fz_ws.l(fflt_clz.o)
    0x0800a186   0x0800a186   0x00000002   PAD
    0x0800a188   0x0800a188   0x00000068   Code   RO          739    x$fpl$fleqf         fz_ws.l(fleqf.o)
    0x0800a1f0   0x0800a1f0   0x00000102   Code   RO          741    x$fpl$fmul          fz_ws.l(fmul.o)
    0x0800a2f2   0x0800a2f2   0x0000008c   Code   RO          902    x$fpl$fnaninf       fz_ws.l(fnaninf.o)
    0x0800a37e   0x0800a37e   0x0000000a   Code   RO          904    x$fpl$fretinf       fz_ws.l(fretinf.o)
    0x0800a388   0x0800a388   0x00000004   Code   RO          743    x$fpl$printf1       fz_ws.l(printf1.o)
    0x0800a38c   0x0800a38c   0x00000064   Code   RO         1058    x$fpl$retnan        fz_ws.l(retnan.o)
    0x0800a3f0   0x0800a3f0   0x0000005c   Code   RO          906    x$fpl$scalbn        fz_ws.l(scalbn.o)
    0x0800a44c   0x0800a44c   0x00000030   Code   RO         1088    x$fpl$trapveneer    fz_ws.l(trapv.o)
    0x0800a47c   0x0800a47c   0x00000000   Code   RO          908    x$fpl$usenofp       fz_ws.l(usenofp.o)
    0x0800a47c   0x0800a47c   0x00000010   Data   RO            3    .constdata          main.o
    0x0800a48c   0x0800a48c   0x000017c0   Data   RO          275    .constdata          oled.o
    0x0800bc4c   0x0800bc4c   0x00000007   Data   RO          514    .constdata          cjson.o
    0x0800bc53   0x0800bc53   0x00000028   Data   RO          644    .constdata          c_w.l(_printf_hex_int_ll_ptr.o)
    0x0800bc7b   0x0800bc7b   0x00000011   Data   RO          664    .constdata          c_w.l(__printf_flags_ss_wp.o)
    0x0800bc8c   0x0800bc8c   0x00000004   PAD
    0x0800bc90   0x0800bc90   0x00000088   Data   RO          751    .constdata          m_ws.l(pow.o)
    0x0800bd18   0x0800bd18   0x00000008   Data   RO          813    .constdata          c_w.l(_printf_wctomb.o)
    0x0800bd20   0x0800bd20   0x00000008   Data   RO          927    .constdata          m_ws.l(qnan.o)
    0x0800bd28   0x0800bd28   0x00000094   Data   RO          980    .constdata          c_w.l(bigflt0.o)
    0x0800bdbc   0x0800bdbc   0x00000010   Data   RO            4    .conststring        main.o
    0x0800bdcc   0x0800bdcc   0x00000020   Data   RO         1120    Region$$Table       anon$$obj.o
    0x0800bdec   0x0800bdec   0x00000110   Data   RO         1006    locale$$data        c_w.l(lc_ctype_c.o)
    0x0800befc   0x0800befc   0x0000001c   Data   RO         1009    locale$$data        c_w.l(lc_numeric_c.o)


    Execution Region RW_IRAM1 (Exec base: 0x20000000, Load base: 0x0800bf18, Size: 0x00002230, Max: 0x00005000, ABSOLUTE, COMPRESSED[0x000001e0])

    Exec Addr    Load Addr    Size         Type   Attr      Idx    E Section Name        Object

    0x20000000   COMPRESSED   0x00000019   Data   RW            5    .data               main.o
    0x20000019   COMPRESSED   0x00000003   PAD
    0x2000001c   COMPRESSED   0x00000014   Data   RW          195    .data               system_stm32f10x.o
    0x20000030   COMPRESSED   0x00000001   Data   RW          261    .data               key.o
    0x20000031   COMPRESSED   0x00001439   Data   RW          276    .data               oled.o
    0x2000146a   COMPRESSED   0x00000004   Data   RW          300    .data               delay.o
    0x2000146e   COMPRESSED   0x00000014   Data   RW          400    .data               stm32f10x_rcc.o
    0x20001482   COMPRESSED   0x00000004   Data   RW          451    .data               esp8266.o
    0x20001486   COMPRESSED   0x00000002   Data   RW          494    .data               onenet.o
    0x20001488   COMPRESSED   0x0000000c   Data   RW          515    .data               cjson.o
    0x20001494        -       0x00000100   Zero   RW            2    .bss                main.o
    0x20001594        -       0x000004c0   Zero   RW          274    .bss                oled.o
    0x20001a54        -       0x00000014   Zero   RW          351    .bss                timer.o
    0x20001a68        -       0x00000080   Zero   RW          450    .bss                esp8266.o
    0x20001ae8        -       0x000000e4   Zero   RW          676    .bss                c_w.l(rand.o)
    0x20001bcc        -       0x00000060   Zero   RW          939    .bss                c_w.l(libspace.o)
    0x20001c2c   COMPRESSED   0x00000004   PAD
    0x20001c30        -       0x00000200   Zero   RW          381    HEAP                startup_stm32f10x_hd.o
    0x20001e30        -       0x00000400   Zero   RW          380    STACK               startup_stm32f10x_hd.o


==============================================================================

Image component sizes


      Code (inc. data)   RO Data    RW Data    ZI Data      Debug   Object Name

        52          6          0          0          0        464   beep.o
       632         10          0          0          0       3164   bh1750.o
      6788        208          7         12          0      24120   cjson.o
       212         18          0          4          0        991   delay.o
       440         14          0          0          0       2214   dht11.o
       900        314          0          4        128       3071   esp8266.o
       136         12          0          1          0        752   key.o
        80         10          0          0          0        467   led.o
       920        242         32         25        256     254103   main.o
       220         22          0          0          0       1753   misc.o
      3580         42          0          0          0      15127   mqttkit.o
      2250         76       6080       5177       1216       8784   oled.o
      1806        850          0          2          0       5965   onenet.o
        64         26        304          0       1536        776   startup_stm32f10x_hd.o
       860         38          0          0          0       5685   stm32f10x_gpio.o
        26          0          0          0          0       1154   stm32f10x_it.o
       932         36          0         20          0       8836   stm32f10x_rcc.o
      3610         88          0          0          0      22792   stm32f10x_tim.o
      1032         22          0          0          0       8408   stm32f10x_usart.o
         0          0          0          0          0         32   sys.o
       480         38          0         20          0       1667   system_stm32f10x.o
       652        126          0          0         20       2232   timer.o
       816         46          0          0          0       3921   usart.o

    ----------------------------------------------------------------------
     26496       2244       6455       5268       3156     376478   Object Totals
         0          0         32          0          0          0   (incl. Generated)
         8          0          0          3          0          0   (incl. Padding)

    ----------------------------------------------------------------------

      Code (inc. data)   RO Data    RW Data    ZI Data      Debug   Library Member Name

        44          6          0          0          0         84   __2sprintf.o
        90          0          0          0          0          0   __dczerorl2.o
         8          0          0          0          0         68   __main.o
       392          4         17          0          0         92   __printf_flags_ss_wp.o
        14          0          0          0          0         68   __printf_wp.o
         0          0          0          0          0          0   __rtentry.o
        12          0          0          0          0          0   __rtentry2.o
         6          0          0          0          0          0   __rtentry4.o
        52          8          0          0          0          0   __scatter.o
        28          0          0          0          0          0   __scatter_zi.o
        28          0          0          0          0         68   _chval.o
         6          0          0          0          0          0   _printf_a.o
         6          0          0          0          0          0   _printf_c.o
        44          0          0          0          0        108   _printf_char.o
        48          6          0          0          0         96   _printf_char_common.o
        40          0          0          0          0         68   _printf_charcount.o
         6          0          0          0          0          0   _printf_d.o
       120         16          0          0          0         92   _printf_dec.o
         6          0          0          0          0          0   _printf_e.o
         6          0          0          0          0          0   _printf_f.o
      1054          0          0          0          0        216   _printf_fp_dec.o
       128         16          0          0          0         84   _printf_fp_infnan.o
         6          0          0          0          0          0   _printf_g.o
       148          4         40          0          0        160   _printf_hex_int_ll_ptr.o
         6          0          0          0          0          0   _printf_i.o
       178          0          0          0          0         88   _printf_intcommon.o
        10          0          0          0          0          0   _printf_l.o
         6          0          0          0          0          0   _printf_lc.o
        10          0          0          0          0          0   _printf_ll.o
         6          0          0          0          0          0   _printf_lld.o
         6          0          0          0          0          0   _printf_lli.o
         6          0          0          0          0          0   _printf_llo.o
         6          0          0          0          0          0   _printf_llu.o
         6          0          0          0          0          0   _printf_llx.o
       124         16          0          0          0         92   _printf_longlong_dec.o
         6          0          0          0          0          0   _printf_ls.o
         6          0          0          0          0          0   _printf_n.o
         6          0          0          0          0          0   _printf_o.o
       112         10          0          0          0        124   _printf_oct_int_ll.o
         6          0          0          0          0          0   _printf_p.o
        78          0          0          0          0        108   _printf_pad.o
         0          0          0          0          0          0   _printf_percent.o
         4          0          0          0          0          0   _printf_percent_end.o
         6          0          0          0          0          0   _printf_s.o
        82          0          0          0          0         80   _printf_str.o
        36          0          0          0          0         84   _printf_truncate.o
         6          0          0          0          0          0   _printf_u.o
        44          0          0          0          0        108   _printf_wchar.o
       188          6          8          0          0         92   _printf_wctomb.o
         6          0          0          0          0          0   _printf_x.o
        22          0          0          0          0        100   _rserrno.o
        16          0          0          0          0         68   _snputc.o
        10          0          0          0          0         68   _sputc.o
       158          0          0          0          0         92   _strtoul.o
        64          0          0          0          0         92   _wcrtomb.o
        26          0          0          0          0         80   atoi.o
       228          4        148          0          0         96   bigflt0.o
      1936        128          0          0          0        672   btod.o
        52          4          0          0          0         80   c89vsnprintf.o
        10          0          0          0          0         68   defsig_exit.o
        50          0          0          0          0         88   defsig_general.o
        80         58          0          0          0         76   defsig_rtmem_inner.o
        14          0          0          0          0         80   defsig_rtmem_outer.o
        18          0          0          0          0         80   exit.o
        94          0          0          0          0         80   h1_alloc.o
        52          0          0          0          0         68   h1_extend.o
        78          0          0          0          0         80   h1_free.o
        14          0          0          0          0         84   h1_init.o
         6          0          0          0          0        152   heapauxi.o
         4          0          0          0          0        136   hguard.o
         0          0          0          0          0          0   indicate_semi.o
       138          0          0          0          0        168   init_alloc.o
        44         10        272          0          0         76   lc_ctype_c.o
        44         10         28          0          0         76   lc_numeric_c.o
         2          0          0          0          0          0   libinit.o
        42          0          0          0          0          0   libinit2.o
         2          0          0          0          0          0   libshutdown.o
         2          0          0          0          0          0   libshutdown2.o
         8          4          0          0         96         68   libspace.o
       138          0          0          0          0         80   lludiv10.o
         0          0          0          0          0          0   maybetermalloc1.o
       112         18          0          0        228        160   rand.o
        16          4          0          0          0         76   rt_ctype_table.o
         8          4          0          0          0         68   rt_errno_addr_intlibspace.o
         8          4          0          0          0         68   rt_heap_descriptor_intlibspace.o
         8          4          0          0          0         68   rt_locale_intlibspace.o
        68          0          0          0          0         68   rt_memclr.o
        78          0          0          0          0         80   rt_memclr_w.o
       138          0          0          0          0         68   rt_memcpy_v6.o
       100          0          0          0          0         80   rt_memcpy_w.o
         2          0          0          0          0          0   rtexit.o
        10          0          0          0          0          0   rtexit2.o
        20          0          0          0          0         68   strchr.o
       128          0          0          0          0         68   strcmpv7m.o
        72          0          0          0          0         80   strcpy.o
        62          0          0          0          0         76   strlen.o
        36          0          0          0          0         76   strncat.o
       150          0          0          0          0         80   strncmp.o
        36          0          0          0          0         80   strstr.o
       112          0          0          0          0         88   strtol.o
        12          4          0          0          0         68   sys_exit.o
        74          0          0          0          0         80   sys_stackheap_outer.o
        14          0          0          0          0         76   sys_wrch.o
        26          0          0          0          0         76   tolower.o
         2          0          0          0          0         68   use_no_semi.o
       826         16          0          0          0        348   daddsub_clz.o
        16          4          0          0          0         68   dcheck1.o
        24          0          0          0          0         68   dcmpi.o
       688        140          0          0          0        208   ddiv.o
       120          4          0          0          0         92   deqf.o
        94          4          0          0          0         92   dfix.o
        46          0          0          0          0         68   dflt_clz.o
       120          4          0          0          0         92   dleqf.o
       340         12          0          0          0        104   dmul.o
       156          4          0          0          0         92   dnaninf.o
        12          0          0          0          0         68   dretinf.o
       108          0          0          0          0         80   drleqf.o
       460         56          0          0          0        120   dsqrt_noumaal.o
        86          4          0          0          0         84   f2d.o
        24          0          0          0          0         68   fcmpi.o
       388         76          0          0          0         96   fdiv.o
        38          0          0          0          0         68   fflt_clz.o
       104          4          0          0          0         84   fleqf.o
       258          4          0          0          0         84   fmul.o
       140          4          0          0          0         84   fnaninf.o
        10          0          0          0          0         68   fretinf.o
         4          0          0          0          0         68   printf1.o
       100          0          0          0          0         68   retnan.o
        92          0          0          0          0         68   scalbn.o
        48          0          0          0          0         68   trapv.o
         0          0          0          0          0          0   usenofp.o
        62         10          0          0          0        340   dunder.o
       220         16          0          0          0         84   floor.o
        40          0          0          0          0         68   fpclassify.o
       170          0          0          0          0         96   poly.o
      2520        190        136          0          0        324   pow.o
         0          0          8          0          0          0   qnan.o
        76          0          0          0          0         84   sqrt.o

    ----------------------------------------------------------------------
     15308        900        661          0        328       9912   Library Totals
        32          0          4          0          4          0   (incl. Padding)

    ----------------------------------------------------------------------

      Code (inc. data)   RO Data    RW Data    ZI Data      Debug   Library Name

      7886        348        513          0        324       6508   c_w.l
      4302        336          0          0          0       2408   fz_ws.l
      3088        216        144          0          0        996   m_ws.l

    ----------------------------------------------------------------------
     15308        900        661          0        328       9912   Library Totals

    ----------------------------------------------------------------------

==============================================================================


      Code (inc. data)   RO Data    RW Data    ZI Data      Debug   

     41804       3144       7116       5268       3484     379054   Grand Totals
     41804       3144       7116        480       3484     379054   ELF Image Totals (compressed)
     41804       3144       7116        480          0          0   ROM Totals

==============================================================================

    Total RO  Size (Code + RO Data)                48920 (  47.77kB)
    Total RW  Size (RW Data + ZI Data)              8752 (   8.55kB)
    Total ROM Size (Code + RO Data + RW Data)      49400 (  48.24kB)

==============================================================================

